Archive member included to satisfy reference by file (symbol)

/home/achraf/Desktop/Toolchain/arm-gnu-toolchain-14.3.rel1-x86_64-arm-none-eabi/bin/../lib/gcc/arm-none-eabi/14.3.1/../../../../arm-none-eabi/lib/thumb/v6-m/nofp/libc_nano.a(libc_a-exit.o)
                              /home/achraf/Desktop/Toolchain/arm-gnu-toolchain-14.3.rel1-x86_64-arm-none-eabi/bin/../lib/gcc/arm-none-eabi/14.3.1/../../../../arm-none-eabi/lib/thumb/v6-m/nofp/crt0.o (exit)
/home/achraf/Desktop/Toolchain/arm-gnu-toolchain-14.3.rel1-x86_64-arm-none-eabi/bin/../lib/gcc/arm-none-eabi/14.3.1/../../../../arm-none-eabi/lib/thumb/v6-m/nofp/libc_nano.a(libc_a-findfp.o)
                              /home/achraf/Desktop/Toolchain/arm-gnu-toolchain-14.3.rel1-x86_64-arm-none-eabi/bin/../lib/gcc/arm-none-eabi/14.3.1/../../../../arm-none-eabi/lib/thumb/v6-m/nofp/libc_nano.a(libc_a-exit.o) (__stdio_exit_handler)
/home/achraf/Desktop/Toolchain/arm-gnu-toolchain-14.3.rel1-x86_64-arm-none-eabi/bin/../lib/gcc/arm-none-eabi/14.3.1/../../../../arm-none-eabi/lib/thumb/v6-m/nofp/libc_nano.a(libc_a-fwalk.o)
                              /home/achraf/Desktop/Toolchain/arm-gnu-toolchain-14.3.rel1-x86_64-arm-none-eabi/bin/../lib/gcc/arm-none-eabi/14.3.1/../../../../arm-none-eabi/lib/thumb/v6-m/nofp/libc_nano.a(libc_a-findfp.o) (_fwalk_sglue)
/home/achraf/Desktop/Toolchain/arm-gnu-toolchain-14.3.rel1-x86_64-arm-none-eabi/bin/../lib/gcc/arm-none-eabi/14.3.1/../../../../arm-none-eabi/lib/thumb/v6-m/nofp/libc_nano.a(libc_a-stdio.o)
                              /home/achraf/Desktop/Toolchain/arm-gnu-toolchain-14.3.rel1-x86_64-arm-none-eabi/bin/../lib/gcc/arm-none-eabi/14.3.1/../../../../arm-none-eabi/lib/thumb/v6-m/nofp/libc_nano.a(libc_a-findfp.o) (__sread)
/home/achraf/Desktop/Toolchain/arm-gnu-toolchain-14.3.rel1-x86_64-arm-none-eabi/bin/../lib/gcc/arm-none-eabi/14.3.1/../../../../arm-none-eabi/lib/thumb/v6-m/nofp/libc_nano.a(libc_a-memset.o)
                              /home/achraf/Desktop/Toolchain/arm-gnu-toolchain-14.3.rel1-x86_64-arm-none-eabi/bin/../lib/gcc/arm-none-eabi/14.3.1/../../../../arm-none-eabi/lib/thumb/v6-m/nofp/crt0.o (memset)
/home/achraf/Desktop/Toolchain/arm-gnu-toolchain-14.3.rel1-x86_64-arm-none-eabi/bin/../lib/gcc/arm-none-eabi/14.3.1/../../../../arm-none-eabi/lib/thumb/v6-m/nofp/libc_nano.a(libc_a-closer.o)
                              /home/achraf/Desktop/Toolchain/arm-gnu-toolchain-14.3.rel1-x86_64-arm-none-eabi/bin/../lib/gcc/arm-none-eabi/14.3.1/../../../../arm-none-eabi/lib/thumb/v6-m/nofp/libc_nano.a(libc_a-stdio.o) (_close_r)
/home/achraf/Desktop/Toolchain/arm-gnu-toolchain-14.3.rel1-x86_64-arm-none-eabi/bin/../lib/gcc/arm-none-eabi/14.3.1/../../../../arm-none-eabi/lib/thumb/v6-m/nofp/libc_nano.a(libc_a-reent.o)
                              /home/achraf/Desktop/Toolchain/arm-gnu-toolchain-14.3.rel1-x86_64-arm-none-eabi/bin/../lib/gcc/arm-none-eabi/14.3.1/../../../../arm-none-eabi/lib/thumb/v6-m/nofp/libc_nano.a(libc_a-closer.o) (errno)
/home/achraf/Desktop/Toolchain/arm-gnu-toolchain-14.3.rel1-x86_64-arm-none-eabi/bin/../lib/gcc/arm-none-eabi/14.3.1/../../../../arm-none-eabi/lib/thumb/v6-m/nofp/libc_nano.a(libc_a-impure.o)
                              /home/achraf/Desktop/Toolchain/arm-gnu-toolchain-14.3.rel1-x86_64-arm-none-eabi/bin/../lib/gcc/arm-none-eabi/14.3.1/../../../../arm-none-eabi/lib/thumb/v6-m/nofp/libc_nano.a(libc_a-reent.o) (_impure_ptr)
/home/achraf/Desktop/Toolchain/arm-gnu-toolchain-14.3.rel1-x86_64-arm-none-eabi/bin/../lib/gcc/arm-none-eabi/14.3.1/../../../../arm-none-eabi/lib/thumb/v6-m/nofp/libc_nano.a(libc_a-lseekr.o)
                              /home/achraf/Desktop/Toolchain/arm-gnu-toolchain-14.3.rel1-x86_64-arm-none-eabi/bin/../lib/gcc/arm-none-eabi/14.3.1/../../../../arm-none-eabi/lib/thumb/v6-m/nofp/libc_nano.a(libc_a-stdio.o) (_lseek_r)
/home/achraf/Desktop/Toolchain/arm-gnu-toolchain-14.3.rel1-x86_64-arm-none-eabi/bin/../lib/gcc/arm-none-eabi/14.3.1/../../../../arm-none-eabi/lib/thumb/v6-m/nofp/libc_nano.a(libc_a-readr.o)
                              /home/achraf/Desktop/Toolchain/arm-gnu-toolchain-14.3.rel1-x86_64-arm-none-eabi/bin/../lib/gcc/arm-none-eabi/14.3.1/../../../../arm-none-eabi/lib/thumb/v6-m/nofp/libc_nano.a(libc_a-stdio.o) (_read_r)
/home/achraf/Desktop/Toolchain/arm-gnu-toolchain-14.3.rel1-x86_64-arm-none-eabi/bin/../lib/gcc/arm-none-eabi/14.3.1/../../../../arm-none-eabi/lib/thumb/v6-m/nofp/libc_nano.a(libc_a-writer.o)
                              /home/achraf/Desktop/Toolchain/arm-gnu-toolchain-14.3.rel1-x86_64-arm-none-eabi/bin/../lib/gcc/arm-none-eabi/14.3.1/../../../../arm-none-eabi/lib/thumb/v6-m/nofp/libc_nano.a(libc_a-stdio.o) (_write_r)
/home/achraf/Desktop/Toolchain/arm-gnu-toolchain-14.3.rel1-x86_64-arm-none-eabi/bin/../lib/gcc/arm-none-eabi/14.3.1/../../../../arm-none-eabi/lib/thumb/v6-m/nofp/libc_nano.a(libc_a-errno.o)
                              build/sysmem.o (__errno)
[...]
Memory Configuration

Name             Origin             Length             Attributes
RAM              0x20000000         0x00009000         xrw
FLASH            0x08000000         0x00020000         xr
*default*        0x00000000         0xffffffff

Linker script and memory map

LOAD /home/achraf/Desktop/Toolchain/arm-gnu-toolchain-14.3.rel1-x86_64-arm-none-eabi/bin/../lib/gcc/arm-none-eabi/14.3.1/thumb/v6-m/nofp/crti.o
LOAD /home/achraf/Desktop/Toolchain/arm-gnu-toolchain-14.3.rel1-x86_64-arm-none-eabi/bin/../lib/gcc/arm-none-eabi/14.3.1/thumb/v6-m/nofp/crtbegin.o
LOAD /home/achraf/Desktop/Toolchain/arm-gnu-toolchain-14.3.rel1-x86_64-arm-none-eabi/bin/../lib/gcc/arm-none-eabi/14.3.1/../../../../arm-none-eabi/lib/thumb/v6-m/nofp/crt0.o
LOAD build/main.o
LOAD build/heartbeat.o
LOAD build/stm32g0xx_it.o
LOAD build/stm32g0xx_hal_msp.o
LOAD build/stm32g0xx_hal_tim.o
LOAD build/stm32g0xx_hal_tim_ex.o
LOAD build/stm32g0xx_hal_rcc.o
LOAD build/stm32g0xx_hal_rcc_ex.o
LOAD build/stm32g0xx_ll_rcc.o
LOAD build/stm32g0xx_hal_flash.o
LOAD build/stm32g0xx_hal_flash_ex.o
LOAD build/stm32g0xx_hal_gpio.o
LOAD build/stm32g0xx_hal_dma.o
LOAD build/stm32g0xx_hal_dma_ex.o
LOAD build/stm32g0xx_hal_pwr.o
LOAD build/stm32g0xx_hal_pwr_ex.o
LOAD build/stm32g0xx_hal_cortex.o
LOAD build/stm32g0xx_hal.o
LOAD build/stm32g0xx_hal_exti.o
LOAD build/stm32g0xx_hal_uart.o
LOAD build/stm32g0xx_hal_uart_ex.o
LOAD build/system_stm32g0xx.o
LOAD build/sysmem.o
LOAD build/syscalls.o
LOAD build/startup_stm32g070xx.o
LOAD /home/achraf/Desktop/Toolchain/arm-gnu-toolchain-14.3.rel1-x86_64-arm-none-eabi/bin/../lib/gcc/arm-none-eabi/14.3.1/../../../../arm-none-eabi/lib/thumb/v6-m/nofp/libc_nano.a
LOAD /home/achraf/Desktop/Toolchain/arm-gnu-toolchain-14.3.rel1-x86_64-arm-none-eabi/bin/../lib/gcc/arm-none-eabi/14.3.1/../../../../arm-none-eabi/lib/thumb/v6-m/nofp/libm.a
LOAD /home/achraf/Desktop/Toolchain/arm-gnu-toolchain-14.3.rel1-x86_64-arm-none-eabi/bin/../lib/gcc/arm-none-eabi/14.3.1/../../../../arm-none-eabi/lib/thumb/v6-m/nofp/libnosys.a
START GROUP
LOAD /home/achraf/Desktop/Toolchain/arm-gnu-toolchain-14.3.rel1-x86_64-arm-none-eabi/bin/../lib/gcc/arm-none-eabi/14.3.1/thumb/v6-m/nofp/libgcc.a
LOAD /home/achraf/Desktop/Toolchain/arm-gnu-toolchain-14.3.rel1-x86_64-arm-none-eabi/bin/../lib/gcc/arm-none-eabi/14.3.1/../../../../arm-none-eabi/lib/thumb/v6-m/nofp/libc_nano.a
END GROUP
START GROUP
LOAD /home/achraf/Desktop/Toolchain/arm-gnu-toolchain-14.3.rel1-x86_64-arm-none-eabi/bin/../lib/gcc/arm-none-eabi/14.3.1/thumb/v6-m/nofp/libgcc.a
LOAD /home/achraf/Desktop/Toolchain/arm-gnu-toolchain-14.3.rel1-x86_64-arm-none-eabi/bin/../lib/gcc/arm-none-eabi/14.3.1/../../../../arm-none-eabi/lib/thumb/v6-m/nofp/libc_nano.a
END GROUP
LOAD /home/achraf/Desktop/Toolchain/arm-gnu-toolchain-14.3.rel1-x86_64-arm-none-eabi/bin/../lib/gcc/arm-none-eabi/14.3.1/thumb/v6-m/nofp/crtend.o
LOAD /home/achraf/Desktop/Toolchain/arm-gnu-toolchain-14.3.rel1-x86_64-arm-none-eabi/bin/../lib/gcc/arm-none-eabi/14.3.1/thumb/v6-m/nofp/crtn.o
                0x20009000                        _estack = (ORIGIN (RAM) + LENGTH (RAM))
                0x00000200                        _Min_Heap_Size = 0x200
                0x00000400                        _Min_Stack_Size = 0x400

.isr_vector     0x08000000       0xb8
                0x08000000                        . = ALIGN (0x4)
 *(.isr_vector)
 .isr_vector    0x08000000       0xb8 build/startup_stm32g070xx.o
                0x08000000                g_pfnVectors
                0x080000b8                        . = ALIGN (0x4)

.text           0x080000b8     0x23ec
                0x080000b8                        . = ALIGN (0x4)
 *(.text)
 .text          0x080000b8      0x114 /home/achraf/Desktop/Toolchain/arm-gnu-toolchain-14.3.rel1-x86_64-arm-none-eabi/bin/../lib/gcc/arm-none-eabi/14.3.1/thumb/v6-m/nofp/libgcc.a(_udivsi3.o)
                0x080000b8                __udivsi3
                0x080000b8                __aeabi_uidiv
                0x080001c4                __aeabi_uidivmod
 .text          0x080001cc      0x1d4 /home/achraf/Desktop/Toolchain/arm-gnu-toolchain-14.3.rel1-x86_64-arm-none-eabi/bin/../lib/gcc/arm-none-eabi/14.3.1/thumb/v6-m/nofp/libgcc.a(_divsi3.o)
                0x080001cc                __aeabi_idiv
                0x080001cc                __divsi3
                0x08000398                __aeabi_idivmod
 .text          0x080003a0        0x4 /home/achraf/Desktop/Toolchain/arm-gnu-toolchain-14.3.rel1-x86_64-arm-none-eabi/bin/../lib/gcc/arm-none-eabi/14.3.1/thumb/v6-m/nofp/libgcc.a(_dvmd_tls.o)
                0x080003a0                __aeabi_ldiv0
                0x080003a0                __aeabi_idiv0
 *(.text*)
 .text.deregister_tm_clones
                0x080003a4       0x20 /home/achraf/Desktop/Toolchain/arm-gnu-toolchain-14.3.rel1-x86_64-arm-none-eabi/bin/../lib/gcc/arm-none-eabi/14.3.1/thumb/v6-m/nofp/crtbegin.o
 .text.register_tm_clones
                0x080003c4       0x28 /home/achraf/Desktop/Toolchain/arm-gnu-toolchain-14.3.rel1-x86_64-arm-none-eabi/bin/../lib/gcc/arm-none-eabi/14.3.1/thumb/v6-m/nofp/crtbegin.o
 .text.__do_global_dtors_aux
                0x080003ec       0x2c /home/achraf/Desktop/Toolchain/arm-gnu-toolchain-14.3.rel1-x86_64-arm-none-eabi/bin/../lib/gcc/arm-none-eabi/14.3.1/thumb/v6-m/nofp/crtbegin.o
 .text.frame_dummy
                0x08000418       0x24 /home/achraf/Desktop/Toolchain/arm-gnu-toolchain-14.3.rel1-x86_64-arm-none-eabi/bin/../lib/gcc/arm-none-eabi/14.3.1/thumb/v6-m/nofp/crtbegin.o
 .text.MX_GPIO_Init
                0x0800043c       0x80 build/main.o
 .text.Error_Handler
                0x080004bc        0x4 build/main.o
                0x080004bc                Error_Handler
 .text.MX_TIM1_Init
                0x080004c0       0xcc build/main.o
 .text.MX_TIM3_Init
                0x0800058c       0x7c build/main.o
 .text.MX_USART1_UART_Init
                0x08000608       0x68 build/main.o
 .text.SystemClock_Config
                0x08000670       0x78 build/main.o
                0x08000670                SystemClock_Config
 .text.main     0x080006e8       0x40 build/main.o
                0x080006e8                main
 .text.heartbeat_set_period
                0x08000728        0x4 build/heartbeat.o
                0x08000728                heartbeat_set_period
 .text.heartbeat_initialize
                0x0800072c        0x8 build/heartbeat.o
                0x0800072c                heartbeat_initialize
 .text.heartbeat_off
                0x08000734       0x14 build/heartbeat.o
                0x08000734                heartbeat_off
 .text.heartbeat_toggle
                0x08000748       0x24 build/heartbeat.o
                0x08000748                heartbeat_toggle
 .text.NMI_Handler
                0x0800076c        0x2 build/stm32g0xx_it.o
                0x0800076c                NMI_Handler
 .text.HardFault_Handler
                0x0800076e        0x2 build/stm32g0xx_it.o
                0x0800076e                HardFault_Handler
 .text.SVC_Handler
                0x08000770        0x2 build/stm32g0xx_it.o
                0x08000770                SVC_Handler
 .text.PendSV_Handler
                0x08000772        0x2 build/stm32g0xx_it.o
                0x08000772                PendSV_Handler
 .text.SysTick_Handler
                0x08000774        0x8 build/stm32g0xx_it.o
                0x08000774                SysTick_Handler
 .text.HAL_MspInit
                0x0800077c       0x30 build/stm32g0xx_hal_msp.o
                0x0800077c                HAL_MspInit
 .text.HAL_TIM_PWM_MspInit
                0x080007ac       0x2c build/stm32g0xx_hal_msp.o
                0x080007ac                HAL_TIM_PWM_MspInit
 .text.HAL_TIM_IC_MspInit
                0x080007d8       0x60 build/stm32g0xx_hal_msp.o
                0x080007d8                HAL_TIM_IC_MspInit
 .text.HAL_TIM_MspPostInit
                0x08000838       0x50 build/stm32g0xx_hal_msp.o
                0x08000838                HAL_TIM_MspPostInit
 .text.HAL_UART_MspInit
                0x08000888       0x88 build/stm32g0xx_hal_msp.o
                0x08000888                HAL_UART_MspInit
 .text.TIM_OC1_SetConfig
                0x08000910       0x90 build/stm32g0xx_hal_tim.o
 .text.TIM_OC3_SetConfig
                0x080009a0       0x90 build/stm32g0xx_hal_tim.o
 .text.TIM_OC4_SetConfig
                0x08000a30       0x74 build/stm32g0xx_hal_tim.o
 .text.TIM_OC5_SetConfig
                0x08000aa4       0x6c build/stm32g0xx_hal_tim.o
 .text.TIM_OC6_SetConfig
                0x08000b10       0x74 build/stm32g0xx_hal_tim.o
 .text.TIM_TI2_SetConfig
                0x08000b84       0x38 build/stm32g0xx_hal_tim.o
 .text.TIM_TI3_SetConfig
                0x08000bbc       0x40 build/stm32g0xx_hal_tim.o
 .text.TIM_TI4_SetConfig
                0x08000bfc       0x44 build/stm32g0xx_hal_tim.o
 .text.TIM_Base_SetConfig
                0x08000c40       0xa0 build/stm32g0xx_hal_tim.o
                0x08000c40                TIM_Base_SetConfig
 .text.HAL_TIM_PWM_Init
                0x08000ce0       0x60 build/stm32g0xx_hal_tim.o
                0x08000ce0                HAL_TIM_PWM_Init
 .text.HAL_TIM_IC_Init
                0x08000d40       0x60 build/stm32g0xx_hal_tim.o
                0x08000d40                HAL_TIM_IC_Init
 .text.TIM_OC2_SetConfig
                0x08000da0       0x84 build/stm32g0xx_hal_tim.o
                0x08000da0                TIM_OC2_SetConfig
 .text.HAL_TIM_PWM_ConfigChannel
                0x08000e24      0x144 build/stm32g0xx_hal_tim.o
                0x08000e24                HAL_TIM_PWM_ConfigChannel
 .text.TIM_TI1_SetConfig
                0x08000f68       0x54 build/stm32g0xx_hal_tim.o
                0x08000f68                TIM_TI1_SetConfig
 .text.HAL_TIM_IC_ConfigChannel
                0x08000fbc       0xcc build/stm32g0xx_hal_tim.o
                0x08000fbc                HAL_TIM_IC_ConfigChannel
 .text.HAL_TIMEx_MasterConfigSynchronization
                0x08001088       0x78 build/stm32g0xx_hal_tim_ex.o
                0x08001088                HAL_TIMEx_MasterConfigSynchronization
 .text.HAL_TIMEx_ConfigBreakDeadTime
                0x08001100       0xc4 build/stm32g0xx_hal_tim_ex.o
                0x08001100                HAL_TIMEx_ConfigBreakDeadTime
 .text.HAL_RCC_OscConfig
                0x080011c4      0x4a4 build/stm32g0xx_hal_rcc.o
                0x080011c4                HAL_RCC_OscConfig
 .text.HAL_RCC_GetSysClockFreq
                0x08001668       0xb4 build/stm32g0xx_hal_rcc.o
                0x08001668                HAL_RCC_GetSysClockFreq
 .text.HAL_RCC_ClockConfig
                0x0800171c      0x18c build/stm32g0xx_hal_rcc.o
                0x0800171c                HAL_RCC_ClockConfig
 .text.HAL_RCC_GetHCLKFreq
                0x080018a8        0xc build/stm32g0xx_hal_rcc.o
                0x080018a8                HAL_RCC_GetHCLKFreq
 .text.HAL_RCC_GetPCLK1Freq
                0x080018b4       0x28 build/stm32g0xx_hal_rcc.o
                0x080018b4                HAL_RCC_GetPCLK1Freq
 .text.HAL_RCCEx_PeriphCLKConfig
                0x080018dc      0x190 build/stm32g0xx_hal_rcc_ex.o
                0x080018dc                HAL_RCCEx_PeriphCLKConfig
 .text.HAL_GPIO_Init
                0x08001a6c      0x174 build/stm32g0xx_hal_gpio.o
                0x08001a6c                HAL_GPIO_Init
 .text.HAL_GPIO_WritePin
                0x08001be0        0xc build/stm32g0xx_hal_gpio.o
                0x08001be0                HAL_GPIO_WritePin
 .text.HAL_GPIO_TogglePin
                0x08001bec       0x10 build/stm32g0xx_hal_gpio.o
                0x08001bec                HAL_GPIO_TogglePin
 .text.HAL_PWREx_ControlVoltageScaling
                0x08001bfc       0x54 build/stm32g0xx_hal_pwr_ex.o
                0x08001bfc                HAL_PWREx_ControlVoltageScaling
 .text.__NVIC_SetPriority
                0x08001c50       0x60 build/stm32g0xx_hal_cortex.o
 .text.SysTick_Config
                0x08001cb0       0x38 build/stm32g0xx_hal_cortex.o
 .text.HAL_NVIC_SetPriority
                0x08001ce8        0x8 build/stm32g0xx_hal_cortex.o
                0x08001ce8                HAL_NVIC_SetPriority
 .text.HAL_SYSTICK_Config
                0x08001cf0        0x8 build/stm32g0xx_hal_cortex.o
                0x08001cf0                HAL_SYSTICK_Config
 .text.HAL_InitTick
                0x08001cf8       0x58 build/stm32g0xx_hal.o
                0x08001cf8                HAL_InitTick
 .text.HAL_Init
                0x08001d50       0x28 build/stm32g0xx_hal.o
                0x08001d50                HAL_Init
 .text.HAL_IncTick
                0x08001d78       0x18 build/stm32g0xx_hal.o
                0x08001d78                HAL_IncTick
 .text.HAL_GetTick
                0x08001d90        0xc build/stm32g0xx_hal.o
                0x08001d90                HAL_GetTick
 .text.UART_EndRxTransfer
                0x08001d9c       0x64 build/stm32g0xx_hal_uart.o
 .text.UART_SetConfig
                0x08001e00      0x1ec build/stm32g0xx_hal_uart.o
                0x08001e00                UART_SetConfig
 .text.UART_AdvFeatureConfig
                0x08001fec       0xe0 build/stm32g0xx_hal_uart.o
                0x08001fec                UART_AdvFeatureConfig
 .text.UART_WaitOnFlagUntilTimeout
                0x080020cc       0x9e build/stm32g0xx_hal_uart.o
                0x080020cc                UART_WaitOnFlagUntilTimeout
 *fill*         0x0800216a        0x2 
 .text.UART_CheckIdleState
                0x0800216c       0xd4 build/stm32g0xx_hal_uart.o
                0x0800216c                UART_CheckIdleState
 .text.HAL_UART_Init
                0x08002240       0x70 build/stm32g0xx_hal_uart.o
                0x08002240                HAL_UART_Init
 .text.UARTEx_SetNbDataToProcess
                0x080022b0       0x50 build/stm32g0xx_hal_uart_ex.o
 .text.HAL_UARTEx_DisableFifoMode
                0x08002300       0x40 build/stm32g0xx_hal_uart_ex.o
                0x08002300                HAL_UARTEx_DisableFifoMode
 .text.HAL_UARTEx_SetTxFifoThreshold
                0x08002340       0x4a build/stm32g0xx_hal_uart_ex.o
                0x08002340                HAL_UARTEx_SetTxFifoThreshold
 *fill*         0x0800238a        0x2 
 .text.HAL_UARTEx_SetRxFifoThreshold
                0x0800238c       0x50 build/stm32g0xx_hal_uart_ex.o
                0x0800238c                HAL_UARTEx_SetRxFifoThreshold
 .text.SystemInit
                0x080023dc        0x2 build/system_stm32g0xx.o
                0x080023dc                SystemInit
 *fill*         0x080023de        0x2 
 .text.Reset_Handler
                0x080023e0       0x50 build/startup_stm32g070xx.o
                0x080023e0                Reset_Handler
 .text.Default_Handler
                0x08002430        0x2 build/startup_stm32g070xx.o
                0x08002430                TIM1_CC_IRQHandler
                0x08002430                TIM6_IRQHandler
                0x08002430                I2C1_IRQHandler
                0x08002430                RTC_TAMP_IRQHandler
                0x08002430                SPI1_IRQHandler
                0x08002430                USART3_4_IRQHandler
                0x08002430                EXTI2_3_IRQHandler
                0x08002430                ADC1_IRQHandler
                0x08002430                I2C2_IRQHandler
                0x08002430                TIM17_IRQHandler
                0x08002430                TIM16_IRQHandler
                0x08002430                TIM3_IRQHandler
                0x08002430                EXTI4_15_IRQHandler
                0x08002430                RCC_IRQHandler
                0x08002430                DMA1_Channel1_IRQHandler
                0x08002430                Default_Handler
                0x08002430                TIM14_IRQHandler
                0x08002430                TIM7_IRQHandler
                0x08002430                TIM15_IRQHandler
                0x08002430                EXTI0_1_IRQHandler
                0x08002430                SPI2_IRQHandler
                0x08002430                WWDG_IRQHandler
                0x08002430                DMA1_Ch4_7_DMAMUX1_OVR_IRQHandler
                0x08002430                DMA1_Channel2_3_IRQHandler
                0x08002430                USART2_IRQHandler
                0x08002430                FLASH_IRQHandler
                0x08002430                USART1_IRQHandler
                0x08002430                TIM1_BRK_UP_TRG_COM_IRQHandler
 .text.memset   0x08002432       0x10 /home/achraf/Desktop/Toolchain/arm-gnu-toolchain-14.3.rel1-x86_64-arm-none-eabi/bin/../lib/gcc/arm-none-eabi/14.3.1/../../../../arm-none-eabi/lib/thumb/v6-m/nofp/libc_nano.a(libc_a-memset.o)
                0x08002432                memset
 *fill*         0x08002442        0x2 
 .text.__libc_init_array
                0x08002444       0x48 /home/achraf/Desktop/Toolchain/arm-gnu-toolchain-14.3.rel1-x86_64-arm-none-eabi/bin/../lib/gcc/arm-none-eabi/14.3.1/../../../../arm-none-eabi/lib/thumb/v6-m/nofp/libc_nano.a(libc_a-init.o)
                0x08002444                __libc_init_array
 *(.glue_7)
 .glue_7        0x0800248c        0x0 linker stubs
 *(.glue_7t)
 .glue_7t       0x0800248c        0x0 linker stubs
 *(.eh_frame)
 .eh_frame      0x0800248c        0x0 /home/achraf/Desktop/Toolchain/arm-gnu-toolchain-14.3.rel1-x86_64-arm-none-eabi/bin/../lib/gcc/arm-none-eabi/14.3.1/thumb/v6-m/nofp/crtbegin.o
 *(.init)
 .init          0x0800248c        0x4 /home/achraf/Desktop/Toolchain/arm-gnu-toolchain-14.3.rel1-x86_64-arm-none-eabi/bin/../lib/gcc/arm-none-eabi/14.3.1/thumb/v6-m/nofp/crti.o
                0x0800248c                _init
 .init          0x08002490        0x8 /home/achraf/Desktop/Toolchain/arm-gnu-toolchain-14.3.rel1-x86_64-arm-none-eabi/bin/../lib/gcc/arm-none-eabi/14.3.1/thumb/v6-m/nofp/crtn.o
 *(.fini)
 .fini          0x08002498        0x4 /home/achraf/Desktop/Toolchain/arm-gnu-toolchain-14.3.rel1-x86_64-arm-none-eabi/bin/../lib/gcc/arm-none-eabi/14.3.1/thumb/v6-m/nofp/crti.o
                0x08002498                _fini
 .fini          0x0800249c        0x8 /home/achraf/Desktop/Toolchain/arm-gnu-toolchain-14.3.rel1-x86_64-arm-none-eabi/bin/../lib/gcc/arm-none-eabi/14.3.1/thumb/v6-m/nofp/crtn.o
                0x080024a4                        . = ALIGN (0x4)
                0x080024a4                        _etext = .

.vfp11_veneer   0x080024a4        0x0
 .vfp11_veneer  0x080024a4        0x0 linker stubs

.v4_bx          0x080024a4        0x0
 .v4_bx         0x080024a4        0x0 linker stubs

.iplt           0x080024a4        0x0
 .iplt          0x080024a4        0x0 /home/achraf/Desktop/Toolchain/arm-gnu-toolchain-14.3.rel1-x86_64-arm-none-eabi/bin/../lib/gcc/arm-none-eabi/14.3.1/thumb/v6-m/nofp/crtbegin.o

.rodata         0x080024a4       0xdc
                0x080024a4                        . = ALIGN (0x4)
 *(.rodata)
 *(.rodata*)
 .rodata.HAL_TIM_PWM_ConfigChannel
                0x080024a4       0x54 build/stm32g0xx_hal_tim.o
 .rodata.UARTPrescTable
                0x080024f8       0x18 build/stm32g0xx_hal_uart.o
                0x080024f8                UARTPrescTable
 .rodata.denominator.0
                0x08002510        0x8 build/stm32g0xx_hal_uart_ex.o
 .rodata.numerator.1
                0x08002518        0x8 build/stm32g0xx_hal_uart_ex.o
 .rodata.APBPrescTable
                0x08002520       0x20 build/system_stm32g0xx.o
                0x08002520                APBPrescTable
 .rodata.AHBPrescTable
                0x08002540       0x40 build/system_stm32g0xx.o
                0x08002540                AHBPrescTable
                0x08002580                        . = ALIGN (0x4)

.ARM.extab      0x08002580        0x0
                0x08002580                        . = ALIGN (0x4)
 *(.ARM.extab* .gnu.linkonce.armextab.*)
                0x08002580                        . = ALIGN (0x4)

.ARM            0x08002580        0x0
                0x08002580                        . = ALIGN (0x4)
                0x08002580                        __exidx_start = .
 *(.ARM.exidx*)
                0x08002580                        __exidx_end = .
                0x08002580                        . = ALIGN (0x4)

.preinit_array  0x08002580        0x0
                0x08002580                        . = ALIGN (0x4)
                0x08002580                        PROVIDE (__preinit_array_start = .)
 *(.preinit_array*)
                0x08002580                        PROVIDE (__preinit_array_end = .)
                0x08002580                        . = ALIGN (0x4)

.init_array     0x08002580        0x4
                0x08002580                        . = ALIGN (0x4)
                0x08002580                        PROVIDE (__init_array_start = .)
 *(SORT_BY_NAME(.init_array.*))
 *(.init_array*)
 .init_array    0x08002580        0x4 /home/achraf/Desktop/Toolchain/arm-gnu-toolchain-14.3.rel1-x86_64-arm-none-eabi/bin/../lib/gcc/arm-none-eabi/14.3.1/thumb/v6-m/nofp/crtbegin.o
                0x08002584                        PROVIDE (__init_array_end = .)
                0x08002584                        . = ALIGN (0x4)

.fini_array     0x08002584        0x4
                0x08002584                        . = ALIGN (0x4)
                [!provide]                        PROVIDE (__fini_array_start = .)
 *(SORT_BY_NAME(.fini_array.*))
 *(.fini_array*)
 .fini_array    0x08002584        0x4 /home/achraf/Desktop/Toolchain/arm-gnu-toolchain-14.3.rel1-x86_64-arm-none-eabi/bin/../lib/gcc/arm-none-eabi/14.3.1/thumb/v6-m/nofp/crtbegin.o
                [!provide]                        PROVIDE (__fini_array_end = .)
                0x08002588                        . = ALIGN (0x4)
                0x08002588                        _sidata = LOADADDR (.data)

.rel.dyn        0x08002588        0x0
 .rel.iplt      0x08002588        0x0 /home/achraf/Desktop/Toolchain/arm-gnu-toolchain-14.3.rel1-x86_64-arm-none-eabi/bin/../lib/gcc/arm-none-eabi/14.3.1/thumb/v6-m/nofp/crtbegin.o

.data           0x20000000        0xc load address 0x08002588
                0x20000000                        . = ALIGN (0x4)
                0x20000000                        _sdata = .
 *(.data)
 *(.data*)
 .data.uwTickFreq
                0x20000000        0x1 build/stm32g0xx_hal.o
                0x20000000                uwTickFreq
 *fill*         0x20000001        0x3 
 .data.uwTickPrio
                0x20000004        0x4 build/stm32g0xx_hal.o
                0x20000004                uwTickPrio
 .data.SystemCoreClock
                0x20000008        0x4 build/system_stm32g0xx.o
                0x20000008                SystemCoreClock
 *(.RamFunc)
 *(.RamFunc*)
                0x2000000c                        . = ALIGN (0x4)
                0x2000000c                        _edata = .

.tm_clone_table
                0x2000000c        0x0 load address 0x08002594
 .tm_clone_table
                0x2000000c        0x0 /home/achraf/Desktop/Toolchain/arm-gnu-toolchain-14.3.rel1-x86_64-arm-none-eabi/bin/../lib/gcc/arm-none-eabi/14.3.1/thumb/v6-m/nofp/crtbegin.o
 .tm_clone_table
                0x2000000c        0x0 /home/achraf/Desktop/Toolchain/arm-gnu-toolchain-14.3.rel1-x86_64-arm-none-eabi/bin/../lib/gcc/arm-none-eabi/14.3.1/thumb/v6-m/nofp/crtend.o

.igot.plt       0x2000000c        0x0 load address 0x08002594
 .igot.plt      0x2000000c        0x0 /home/achraf/Desktop/Toolchain/arm-gnu-toolchain-14.3.rel1-x86_64-arm-none-eabi/bin/../lib/gcc/arm-none-eabi/14.3.1/thumb/v6-m/nofp/crtbegin.o
                0x2000000c                        . = ALIGN (0x4)

.bss            0x2000000c      0x154 load address 0x08002594
                0x2000000c                        _sbss = .
                0x2000000c                        __bss_start__ = _sbss
 *(.bss)
 *(.bss*)
 .bss.completed.1
                0x2000000c        0x1 /home/achraf/Desktop/Toolchain/arm-gnu-toolchain-14.3.rel1-x86_64-arm-none-eabi/bin/../lib/gcc/arm-none-eabi/14.3.1/thumb/v6-m/nofp/crtbegin.o
 *fill*         0x2000000d        0x3 
 .bss.object.0  0x20000010       0x18 /home/achraf/Desktop/Toolchain/arm-gnu-toolchain-14.3.rel1-x86_64-arm-none-eabi/bin/../lib/gcc/arm-none-eabi/14.3.1/thumb/v6-m/nofp/crtbegin.o
 .bss.heartbeat_led
                0x20000028        0x8 build/main.o
 .bss.huart1    0x20000030       0x94 build/main.o
                0x20000030                huart1
 .bss.htim3     0x200000c4       0x4c build/main.o
                0x200000c4                htim3
 .bss.htim1     0x20000110       0x4c build/main.o
                0x20000110                htim1
 .bss.uwTick    0x2000015c        0x4 build/stm32g0xx_hal.o
                0x2000015c                uwTick
 *(COMMON)
                0x20000160                        . = ALIGN (0x4)
                0x20000160                        _ebss = .
                0x20000160                        __bss_end__ = _ebss

._user_heap_stack
                0x20000160      0x600 load address 0x08002594
                0x20000160                        . = ALIGN (0x8)
                [!provide]                        PROVIDE (end = .)
                0x20000160                        PROVIDE (_end = .)
                0x20000360                        . = (. + _Min_Heap_Size)
 *fill*         0x20000160      0x200 
                0x20000760                        . = (. + _Min_Stack_Size)
 *fill*         0x20000360      0x400 
                0x20000760                        . = ALIGN (0x8)

/DISCARD/
 libc.a(*)
 libm.a(*)
 libgcc.a(*)
OUTPUT(build/Software.elf elf32-littlearm)
LOAD linker stubs
LOAD /home/achraf/Desktop/Toolchain/arm-gnu-toolchain-14.3.rel1-x86_64-arm-none-eabi/bin/../lib/gcc/arm-none-eabi/14.3.1/../../../../arm-none-eabi/lib/thumb/v6-m/nofp/libc.a
LOAD /home/achraf/Desktop/Toolchain/arm-gnu-toolchain-14.3.rel1-x86_64-arm-none-eabi/bin/../lib/gcc/arm-none-eabi/14.3.1/../../../../arm-none-eabi/lib/thumb/v6-m/nofp/libm.a
LOAD /home/achraf/Desktop/Toolchain/arm-gnu-toolchain-14.3.rel1-x86_64-arm-none-eabi/bin/../lib/gcc/arm-none-eabi/14.3.1/thumb/v6-m/nofp/libgcc.a

.ARM.attributes
                0x00000000       0x28
 .ARM.attributes
                0x00000000       0x1e /home/achraf/Desktop/Toolchain/arm-gnu-toolchain-14.3.rel1-x86_64-arm-none-eabi/bin/../lib/gcc/arm-none-eabi/14.3.1/thumb/v6-m/nofp/crti.o
 .ARM.attributes
                0x0000001e       0x2c /home/achraf/Desktop/Toolchain/arm-gnu-toolchain-14.3.rel1-x86_64-arm-none-eabi/bin/../lib/gcc/arm-none-eabi/14.3.1/thumb/v6-m/nofp/crtbegin.o
 .ARM.attributes
                0x0000004a       0x2c build/main.o
 .ARM.attributes
                0x00000076       0x2c build/heartbeat.o
 .ARM.attributes
                0x000000a2       0x2c build/stm32g0xx_it.o
 .ARM.attributes
                0x000000ce       0x2c build/stm32g0xx_hal_msp.o
 .ARM.attributes
                0x000000fa       0x2c build/stm32g0xx_hal_tim.o
 .ARM.attributes
                0x00000126       0x2c build/stm32g0xx_hal_tim_ex.o
 .ARM.attributes
                0x00000152       0x2c build/stm32g0xx_hal_rcc.o
 .ARM.attributes
                0x0000017e       0x2c build/stm32g0xx_hal_rcc_ex.o
 .ARM.attributes
                0x000001aa       0x2c build/stm32g0xx_hal_gpio.o
 .ARM.attributes
                0x000001d6       0x2c build/stm32g0xx_hal_pwr_ex.o
 .ARM.attributes
                0x00000202       0x2c build/stm32g0xx_hal_cortex.o
 .ARM.attributes
                0x0000022e       0x2c build/stm32g0xx_hal.o
 .ARM.attributes
                0x0000025a       0x2c build/stm32g0xx_hal_uart.o
 .ARM.attributes
                0x00000286       0x2c build/stm32g0xx_hal_uart_ex.o
 .ARM.attributes
                0x000002b2       0x2c build/system_stm32g0xx.o
 .ARM.attributes
                0x000002de       0x22 build/startup_stm32g070xx.o
 .ARM.attributes
                0x00000300       0x2c /home/achraf/Desktop/Toolchain/arm-gnu-toolchain-14.3.rel1-x86_64-arm-none-eabi/bin/../lib/gcc/arm-none-eabi/14.3.1/../../../../arm-none-eabi/lib/thumb/v6-m/nofp/libc_nano.a(libc_a-memset.o)
 .ARM.attributes
                0x0000032c       0x2c /home/achraf/Desktop/Toolchain/arm-gnu-toolchain-14.3.rel1-x86_64-arm-none-eabi/bin/../lib/gcc/arm-none-eabi/14.3.1/../../../../arm-none-eabi/lib/thumb/v6-m/nofp/libc_nano.a(libc_a-init.o)
 .ARM.attributes
                0x00000358       0x1e /home/achraf/Desktop/Toolchain/arm-gnu-toolchain-14.3.rel1-x86_64-arm-none-eabi/bin/../lib/gcc/arm-none-eabi/14.3.1/thumb/v6-m/nofp/libgcc.a(_udivsi3.o)
 .ARM.attributes
                0x00000376       0x1e /home/achraf/Desktop/Toolchain/arm-gnu-toolchain-14.3.rel1-x86_64-arm-none-eabi/bin/../lib/gcc/arm-none-eabi/14.3.1/thumb/v6-m/nofp/libgcc.a(_divsi3.o)
 .ARM.attributes
                0x00000394       0x1e /home/achraf/Desktop/Toolchain/arm-gnu-toolchain-14.3.rel1-x86_64-arm-none-eabi/bin/../lib/gcc/arm-none-eabi/14.3.1/thumb/v6-m/nofp/libgcc.a(_dvmd_tls.o)
 .ARM.attributes
                0x000003b2       0x2c /home/achraf/Desktop/Toolchain/arm-gnu-toolchain-14.3.rel1-x86_64-arm-none-eabi/bin/../lib/gcc/arm-none-eabi/14.3.1/thumb/v6-m/nofp/crtend.o
 .ARM.attributes
                0x000003de       0x1e /home/achraf/Desktop/Toolchain/arm-gnu-toolchain-14.3.rel1-x86_64-arm-none-eabi/bin/../lib/gcc/arm-none-eabi/14.3.1/thumb/v6-m/nofp/crtn.o

.comment        0x00000000       0x46
 .comment       0x00000000       0x46 build/main.o
                                 0x47 (size before relaxing)
 .comment       0x00000046       0x47 build/heartbeat.o
 .comment       0x00000046       0x47 build/stm32g0xx_it.o
 .comment       0x00000046       0x47 build/stm32g0xx_hal_msp.o
 .comment       0x00000046       0x47 build/stm32g0xx_hal_tim.o
 .comment       0x00000046       0x47 build/stm32g0xx_hal_tim_ex.o
 .comment       0x00000046       0x47 build/stm32g0xx_hal_rcc.o
 .comment       0x00000046       0x47 build/stm32g0xx_hal_rcc_ex.o
 .comment       0x00000046       0x47 build/stm32g0xx_hal_gpio.o
 .comment       0x00000046       0x47 build/stm32g0xx_hal_pwr_ex.o
 .comment       0x00000046       0x47 build/stm32g0xx_hal_cortex.o
 .comment       0x00000046       0x47 build/stm32g0xx_hal.o
 .comment       0x00000046       0x47 build/stm32g0xx_hal_uart.o
 .comment       0x00000046       0x47 build/stm32g0xx_hal_uart_ex.o
 .comment       0x00000046       0x47 build/system_stm32g0xx.o

.debug_info     0x00000000    0x1531f
 .debug_info    0x00000000     0x1b74 build/main.o
 .debug_info    0x00001b74      0x3f8 build/heartbeat.o
 .debug_info    0x00001f6c      0x146 build/stm32g0xx_it.o
 .debug_info    0x000020b2     0x13e7 build/stm32g0xx_hal_msp.o
 .debug_info    0x00003499     0x43e0 build/stm32g0xx_hal_tim.o
 .debug_info    0x00007879     0x21fb build/stm32g0xx_hal_tim_ex.o
 .debug_info    0x00009a74      0xe84 build/stm32g0xx_hal_rcc.o
 .debug_info    0x0000a8f8      0x9bb build/stm32g0xx_hal_rcc_ex.o
 .debug_info    0x0000b2b3      0x688 build/stm32g0xx_hal_gpio.o
 .debug_info    0x0000b93b      0x5b8 build/stm32g0xx_hal_pwr_ex.o
 .debug_info    0x0000bef3      0xb69 build/stm32g0xx_hal_cortex.o
 .debug_info    0x0000ca5c      0xadc build/stm32g0xx_hal.o
 .debug_info    0x0000d538     0x6607 build/stm32g0xx_hal_uart.o
 .debug_info    0x00013b3f     0x13dc build/stm32g0xx_hal_uart_ex.o
 .debug_info    0x00014f1b      0x3d4 build/system_stm32g0xx.o
 .debug_info    0x000152ef       0x30 build/startup_stm32g070xx.o

.debug_abbrev   0x00000000     0x25ea
 .debug_abbrev  0x00000000      0x2dc build/main.o
 .debug_abbrev  0x000002dc      0x1c0 build/heartbeat.o
 .debug_abbrev  0x0000049c       0xb9 build/stm32g0xx_it.o
 .debug_abbrev  0x00000555      0x26f build/stm32g0xx_hal_msp.o
 .debug_abbrev  0x000007c4      0x2df build/stm32g0xx_hal_tim.o
 .debug_abbrev  0x00000aa3      0x2d4 build/stm32g0xx_hal_tim_ex.o
 .debug_abbrev  0x00000d77      0x30c build/stm32g0xx_hal_rcc.o
 .debug_abbrev  0x00001083      0x29e build/stm32g0xx_hal_rcc_ex.o
 .debug_abbrev  0x00001321      0x237 build/stm32g0xx_hal_gpio.o
 .debug_abbrev  0x00001558      0x216 build/stm32g0xx_hal_pwr_ex.o
 .debug_abbrev  0x0000176e      0x32e build/stm32g0xx_hal_cortex.o
 .debug_abbrev  0x00001a9c      0x2db build/stm32g0xx_hal.o
 .debug_abbrev  0x00001d77      0x39b build/stm32g0xx_hal_uart.o
 .debug_abbrev  0x00002112      0x376 build/stm32g0xx_hal_uart_ex.o
 .debug_abbrev  0x00002488      0x145 build/system_stm32g0xx.o
 .debug_abbrev  0x000025cd       0x1d build/startup_stm32g070xx.o

.debug_loc      0x00000000    0x11ed8
 .debug_loc     0x00000000       0xf3 build/main.o
 .debug_loc     0x000000f3      0x1d0 build/heartbeat.o
 .debug_loc     0x000002c3       0x20 build/stm32g0xx_it.o
 .debug_loc     0x000002e3      0x270 build/stm32g0xx_hal_msp.o
 .debug_loc     0x00000553     0x691d build/stm32g0xx_hal_tim.o
 .debug_loc     0x00006e70     0x308a build/stm32g0xx_hal_tim_ex.o
 .debug_loc     0x00009efa      0x8c7 build/stm32g0xx_hal_rcc.o
 .debug_loc     0x0000a7c1      0x873 build/stm32g0xx_hal_rcc_ex.o
 .debug_loc     0x0000b034      0x49e build/stm32g0xx_hal_gpio.o
 .debug_loc     0x0000b4d2      0x2e3 build/stm32g0xx_hal_pwr_ex.o
 .debug_loc     0x0000b7b5      0x3ff build/stm32g0xx_hal_cortex.o
 .debug_loc     0x0000bbb4      0x282 build/stm32g0xx_hal.o
 .debug_loc     0x0000be36     0x50a1 build/stm32g0xx_hal_uart.o
 .debug_loc     0x00010ed7      0xf38 build/stm32g0xx_hal_uart_ex.o
 .debug_loc     0x00011e0f       0xc9 build/system_stm32g0xx.o

.debug_aranges  0x00000000      0xd68
 .debug_aranges
                0x00000000       0x50 build/main.o
 .debug_aranges
                0x00000050       0x40 build/heartbeat.o
 .debug_aranges
                0x00000090       0x40 build/stm32g0xx_it.o
 .debug_aranges
                0x000000d0       0x58 build/stm32g0xx_hal_msp.o
 .debug_aranges
                0x00000128      0x3e0 build/stm32g0xx_hal_tim.o
 .debug_aranges
                0x00000508      0x198 build/stm32g0xx_hal_tim_ex.o
 .debug_aranges
                0x000006a0       0x98 build/stm32g0xx_hal_rcc.o
 .debug_aranges
                0x00000738       0x40 build/stm32g0xx_hal_rcc_ex.o
 .debug_aranges
                0x00000778       0x60 build/stm32g0xx_hal_gpio.o
 .debug_aranges
                0x000007d8       0x98 build/stm32g0xx_hal_pwr_ex.o
 .debug_aranges
                0x00000870       0xc0 build/stm32g0xx_hal_cortex.o
 .debug_aranges
                0x00000930       0xf8 build/stm32g0xx_hal.o
 .debug_aranges
                0x00000a28      0x248 build/stm32g0xx_hal_uart.o
 .debug_aranges
                0x00000c70       0xa8 build/stm32g0xx_hal_uart_ex.o
 .debug_aranges
                0x00000d18       0x28 build/system_stm32g0xx.o
 .debug_aranges
                0x00000d40       0x28 build/startup_stm32g070xx.o

.debug_ranges   0x00000000      0xe40
 .debug_ranges  0x00000000       0x40 build/main.o
 .debug_ranges  0x00000040       0x30 build/heartbeat.o
 .debug_ranges  0x00000070       0x30 build/stm32g0xx_it.o
 .debug_ranges  0x000000a0       0x48 build/stm32g0xx_hal_msp.o
 .debug_ranges  0x000000e8      0x3d0 build/stm32g0xx_hal_tim.o
 .debug_ranges  0x000004b8      0x188 build/stm32g0xx_hal_tim_ex.o
 .debug_ranges  0x00000640       0xa8 build/stm32g0xx_hal_rcc.o
 .debug_ranges  0x000006e8       0x48 build/stm32g0xx_hal_rcc_ex.o
 .debug_ranges  0x00000730       0x50 build/stm32g0xx_hal_gpio.o
 .debug_ranges  0x00000780       0x88 build/stm32g0xx_hal_pwr_ex.o
 .debug_ranges  0x00000808       0xc8 build/stm32g0xx_hal_cortex.o
 .debug_ranges  0x000008d0       0xe8 build/stm32g0xx_hal.o
 .debug_ranges  0x000009b8      0x358 build/stm32g0xx_hal_uart.o
 .debug_ranges  0x00000d10       0xf8 build/stm32g0xx_hal_uart_ex.o
 .debug_ranges  0x00000e08       0x18 build/system_stm32g0xx.o
 .debug_ranges  0x00000e20       0x20 build/startup_stm32g070xx.o

.debug_line     0x00000000    0x1062f
 .debug_line    0x00000000      0x713 build/main.o
 .debug_line    0x00000713      0x274 build/heartbeat.o
 .debug_line    0x00000987      0x1ee build/stm32g0xx_it.o
 .debug_line    0x00000b75      0x482 build/stm32g0xx_hal_msp.o
 .debug_line    0x00000ff7     0x4c1a build/stm32g0xx_hal_tim.o
 .debug_line    0x00005c11     0x1e00 build/stm32g0xx_hal_tim_ex.o
 .debug_line    0x00007a11      0xea3 build/stm32g0xx_hal_rcc.o
 .debug_line    0x000088b4      0x83d build/stm32g0xx_hal_rcc_ex.o
 .debug_line    0x000090f1      0x723 build/stm32g0xx_hal_gpio.o
 .debug_line    0x00009814      0x586 build/stm32g0xx_hal_pwr_ex.o
 .debug_line    0x00009d9a      0x6f5 build/stm32g0xx_hal_cortex.o
 .debug_line    0x0000a48f      0x613 build/stm32g0xx_hal.o
 .debug_line    0x0000aaa2     0x4ce9 build/stm32g0xx_hal_uart.o
 .debug_line    0x0000f78b      0xb77 build/stm32g0xx_hal_uart_ex.o
 .debug_line    0x00010302      0x2b9 build/system_stm32g0xx.o
 .debug_line    0x000105bb       0x74 build/startup_stm32g070xx.o

.debug_str      0x00000000     0x4162
 .debug_str     0x00000000     0x4162 build/main.o
                               0x110b (size before relaxing)
 .debug_str     0x00004162      0x2ca build/heartbeat.o
 .debug_str     0x00004162      0x1eb build/stm32g0xx_it.o
 .debug_str     0x00004162      0xd31 build/stm32g0xx_hal_msp.o
 .debug_str     0x00004162     0x17fd build/stm32g0xx_hal_tim.o
 .debug_str     0x00004162     0x1189 build/stm32g0xx_hal_tim_ex.o
 .debug_str     0x00004162      0x770 build/stm32g0xx_hal_rcc.o
 .debug_str     0x00004162      0x5ca build/stm32g0xx_hal_rcc_ex.o
 .debug_str     0x00004162      0x3fd build/stm32g0xx_hal_gpio.o
 .debug_str     0x00004162      0x4e8 build/stm32g0xx_hal_pwr_ex.o
 .debug_str     0x00004162      0x759 build/stm32g0xx_hal_cortex.o
 .debug_str     0x00004162      0x84c build/stm32g0xx_hal.o
 .debug_str     0x00004162     0x114a build/stm32g0xx_hal_uart.o
 .debug_str     0x00004162      0xb4f build/stm32g0xx_hal_uart_ex.o
 .debug_str     0x00004162      0x2e8 build/system_stm32g0xx.o
 .debug_str     0x00004162       0x71 build/startup_stm32g070xx.o

.debug_frame    0x00000000     0x2354
 .debug_frame   0x00000000       0xbc build/main.o
 .debug_frame   0x000000bc       0x84 build/heartbeat.o
 .debug_frame   0x00000140       0x68 build/stm32g0xx_it.o
 .debug_frame   0x000001a8       0xcc build/stm32g0xx_hal_msp.o
 .debug_frame   0x00000274      0xb18 build/stm32g0xx_hal_tim.o
 .debug_frame   0x00000d8c      0x4c0 build/stm32g0xx_hal_tim_ex.o
 .debug_frame   0x0000124c      0x16c build/stm32g0xx_hal_rcc.o
 .debug_frame   0x000013b8       0x90 build/stm32g0xx_hal_rcc_ex.o
 .debug_frame   0x00001448       0xd0 build/stm32g0xx_hal_gpio.o
 .debug_frame   0x00001518      0x120 build/stm32g0xx_hal_pwr_ex.o
 .debug_frame   0x00001638      0x194 build/stm32g0xx_hal_cortex.o
 .debug_frame   0x000017cc      0x1fc build/stm32g0xx_hal.o
 .debug_frame   0x000019c8      0x6e0 build/stm32g0xx_hal_uart.o
 .debug_frame   0x000020a8      0x1e8 build/stm32g0xx_hal_uart_ex.o
 .debug_frame   0x00002290       0x38 build/system_stm32g0xx.o
 .debug_frame   0x000022c8       0x20 /home/achraf/Desktop/Toolchain/arm-gnu-toolchain-14.3.rel1-x86_64-arm-none-eabi/bin/../lib/gcc/arm-none-eabi/14.3.1/../../../../arm-none-eabi/lib/thumb/v6-m/nofp/libc_nano.a(libc_a-memset.o)
 .debug_frame   0x000022e8       0x2c /home/achraf/Desktop/Toolchain/arm-gnu-toolchain-14.3.rel1-x86_64-arm-none-eabi/bin/../lib/gcc/arm-none-eabi/14.3.1/../../../../arm-none-eabi/lib/thumb/v6-m/nofp/libc_nano.a(libc_a-init.o)
 .debug_frame   0x00002314       0x20 /home/achraf/Desktop/Toolchain/arm-gnu-toolchain-14.3.rel1-x86_64-arm-none-eabi/bin/../lib/gcc/arm-none-eabi/14.3.1/thumb/v6-m/nofp/libgcc.a(_udivsi3.o)
 .debug_frame   0x00002334       0x20 /home/achraf/Desktop/Toolchain/arm-gnu-toolchain-14.3.rel1-x86_64-arm-none-eabi/bin/../lib/gcc/arm-none-eabi/14.3.1/thumb/v6-m/nofp/libgcc.a(_divsi3.o)

.debug_line_str
                0x00000000       0xc2
 .debug_line_str
                0x00000000       0xc2 /home/achraf/Desktop/Toolchain/arm-gnu-toolchain-14.3.rel1-x86_64-arm-none-eabi/bin/../lib/gcc/arm-none-eabi/14.3.1/thumb/v6-m/nofp/libgcc.a(_udivsi3.o)
 .debug_line_str
                0x000000c2       0xc2 /home/achraf/Desktop/Toolchain/arm-gnu-toolchain-14.3.rel1-x86_64-arm-none-eabi/bin/../lib/gcc/arm-none-eabi/14.3.1/thumb/v6-m/nofp/libgcc.a(_divsi3.o)
 .debug_line_str
                0x000000c2       0xc2 /home/achraf/Desktop/Toolchain/arm-gnu-toolchain-14.3.rel1-x86_64-arm-none-eabi/bin/../lib/gcc/arm-none-eabi/14.3.1/thumb/v6-m/nofp/libgcc.a(_dvmd_tls.o)

Cross Reference Table

Symbol                                            File
ADC1_IRQHandler                                   build/startup_stm32g070xx.o
AHBPrescTable                                     build/system_stm32g0xx.o
                                                  build/stm32g0xx_hal_rcc.o
APBPrescTable                                     build/system_stm32g0xx.o
                                                  build/stm32g0xx_hal_rcc.o
DMA1_Ch4_7_DMAMUX1_OVR_IRQHandler                 build/startup_stm32g070xx.o
DMA1_Channel1_IRQHandler                          build/startup_stm32g070xx.o
DMA1_Channel2_3_IRQHandler                        build/startup_stm32g070xx.o
Default_Handler                                   build/startup_stm32g070xx.o
EXTI0_1_IRQHandler                                build/startup_stm32g070xx.o
EXTI2_3_IRQHandler                                build/startup_stm32g070xx.o
EXTI4_15_IRQHandler                               build/startup_stm32g070xx.o
Error_Handler                                     build/main.o
                                                  build/stm32g0xx_hal_msp.o
FLASH_FlushCaches                                 build/stm32g0xx_hal_flash_ex.o
FLASH_IRQHandler                                  build/startup_stm32g070xx.o
FLASH_PageErase                                   build/stm32g0xx_hal_flash_ex.o
                                                  build/stm32g0xx_hal_flash.o
FLASH_WaitForLastOperation                        build/stm32g0xx_hal_flash.o
                                                  build/stm32g0xx_hal_flash_ex.o
HAL_DBGMCU_DisableDBGStandbyMode                  build/stm32g0xx_hal.o
HAL_DBGMCU_DisableDBGStopMode                     build/stm32g0xx_hal.o
HAL_DBGMCU_EnableDBGStandbyMode                   build/stm32g0xx_hal.o
HAL_DBGMCU_EnableDBGStopMode                      build/stm32g0xx_hal.o
HAL_DMAEx_ConfigMuxRequestGenerator               build/stm32g0xx_hal_dma_ex.o
HAL_DMAEx_ConfigMuxSync                           build/stm32g0xx_hal_dma_ex.o
HAL_DMAEx_DisableMuxRequestGenerator              build/stm32g0xx_hal_dma_ex.o
HAL_DMAEx_EnableMuxRequestGenerator               build/stm32g0xx_hal_dma_ex.o
HAL_DMAEx_MUX_IRQHandler                          build/stm32g0xx_hal_dma_ex.o
HAL_DMA_Abort                                     build/stm32g0xx_hal_dma.o
                                                  build/stm32g0xx_hal_uart.o
HAL_DMA_Abort_IT                                  build/stm32g0xx_hal_dma.o
                                                  build/stm32g0xx_hal_uart.o
                                                  build/stm32g0xx_hal_tim_ex.o
                                                  build/stm32g0xx_hal_tim.o
HAL_DMA_DeInit                                    build/stm32g0xx_hal_dma.o
HAL_DMA_GetError                                  build/stm32g0xx_hal_dma.o
                                                  build/stm32g0xx_hal_uart.o
HAL_DMA_GetState                                  build/stm32g0xx_hal_dma.o
HAL_DMA_IRQHandler                                build/stm32g0xx_hal_dma.o
HAL_DMA_Init                                      build/stm32g0xx_hal_dma.o
HAL_DMA_PollForTransfer                           build/stm32g0xx_hal_dma.o
HAL_DMA_RegisterCallback                          build/stm32g0xx_hal_dma.o
HAL_DMA_Start                                     build/stm32g0xx_hal_dma.o
HAL_DMA_Start_IT                                  build/stm32g0xx_hal_dma.o
                                                  build/stm32g0xx_hal_uart.o
                                                  build/stm32g0xx_hal_tim_ex.o
                                                  build/stm32g0xx_hal_tim.o
HAL_DMA_UnRegisterCallback                        build/stm32g0xx_hal_dma.o
HAL_DeInit                                        build/stm32g0xx_hal.o
HAL_Delay                                         build/stm32g0xx_hal.o
HAL_EXTI_ClearConfigLine                          build/stm32g0xx_hal_exti.o
HAL_EXTI_ClearPending                             build/stm32g0xx_hal_exti.o
HAL_EXTI_GenerateSWI                              build/stm32g0xx_hal_exti.o
HAL_EXTI_GetConfigLine                            build/stm32g0xx_hal_exti.o
HAL_EXTI_GetHandle                                build/stm32g0xx_hal_exti.o
HAL_EXTI_GetPending                               build/stm32g0xx_hal_exti.o
HAL_EXTI_IRQHandler                               build/stm32g0xx_hal_exti.o
HAL_EXTI_RegisterCallback                         build/stm32g0xx_hal_exti.o
HAL_EXTI_SetConfigLine                            build/stm32g0xx_hal_exti.o
HAL_FLASHEx_Erase                                 build/stm32g0xx_hal_flash_ex.o
HAL_FLASHEx_Erase_IT                              build/stm32g0xx_hal_flash_ex.o
HAL_FLASHEx_FlashEmptyCheck                       build/stm32g0xx_hal_flash_ex.o
HAL_FLASHEx_ForceFlashEmpty                       build/stm32g0xx_hal_flash_ex.o
HAL_FLASHEx_OBGetConfig                           build/stm32g0xx_hal_flash_ex.o
HAL_FLASHEx_OBProgram                             build/stm32g0xx_hal_flash_ex.o
HAL_FLASH_EndOfOperationCallback                  build/stm32g0xx_hal_flash.o
HAL_FLASH_GetError                                build/stm32g0xx_hal_flash.o
HAL_FLASH_IRQHandler                              build/stm32g0xx_hal_flash.o
HAL_FLASH_Lock                                    build/stm32g0xx_hal_flash.o
HAL_FLASH_OB_Launch                               build/stm32g0xx_hal_flash.o
HAL_FLASH_OB_Lock                                 build/stm32g0xx_hal_flash.o
HAL_FLASH_OB_Unlock                               build/stm32g0xx_hal_flash.o
HAL_FLASH_OperationErrorCallback                  build/stm32g0xx_hal_flash.o
HAL_FLASH_Program                                 build/stm32g0xx_hal_flash.o
HAL_FLASH_Program_IT                              build/stm32g0xx_hal_flash.o
HAL_FLASH_Unlock                                  build/stm32g0xx_hal_flash.o
HAL_GPIO_DeInit                                   build/stm32g0xx_hal_gpio.o
                                                  build/stm32g0xx_hal_msp.o
HAL_GPIO_EXTI_Falling_Callback                    build/stm32g0xx_hal_gpio.o
HAL_GPIO_EXTI_IRQHandler                          build/stm32g0xx_hal_gpio.o
HAL_GPIO_EXTI_Rising_Callback                     build/stm32g0xx_hal_gpio.o
HAL_GPIO_Init                                     build/stm32g0xx_hal_gpio.o
                                                  build/stm32g0xx_hal_rcc_ex.o
                                                  build/stm32g0xx_hal_rcc.o
                                                  build/stm32g0xx_hal_msp.o
                                                  build/main.o
HAL_GPIO_LockPin                                  build/stm32g0xx_hal_gpio.o
HAL_GPIO_ReadPin                                  build/stm32g0xx_hal_gpio.o
HAL_GPIO_TogglePin                                build/stm32g0xx_hal_gpio.o
                                                  build/heartbeat.o
HAL_GPIO_WritePin                                 build/stm32g0xx_hal_gpio.o
                                                  build/heartbeat.o
                                                  build/main.o
HAL_GetDEVID                                      build/stm32g0xx_hal.o
HAL_GetHalVersion                                 build/stm32g0xx_hal.o
HAL_GetREVID                                      build/stm32g0xx_hal.o
HAL_GetTick                                       build/stm32g0xx_hal.o
                                                  build/stm32g0xx_hal_uart_ex.o
                                                  build/stm32g0xx_hal_uart.o
                                                  build/stm32g0xx_hal_dma.o
                                                  build/stm32g0xx_hal_flash.o
                                                  build/stm32g0xx_hal_rcc_ex.o
                                                  build/stm32g0xx_hal_rcc.o
                                                  build/stm32g0xx_hal_tim_ex.o
                                                  build/main.o
HAL_GetTickFreq                                   build/stm32g0xx_hal.o
HAL_GetTickPrio                                   build/stm32g0xx_hal.o
HAL_GetUIDw0                                      build/stm32g0xx_hal.o
HAL_GetUIDw1                                      build/stm32g0xx_hal.o
HAL_GetUIDw2                                      build/stm32g0xx_hal.o
HAL_HalfDuplex_EnableReceiver                     build/stm32g0xx_hal_uart.o
HAL_HalfDuplex_EnableTransmitter                  build/stm32g0xx_hal_uart.o
HAL_HalfDuplex_Init                               build/stm32g0xx_hal_uart.o
HAL_IncTick                                       build/stm32g0xx_hal.o
                                                  build/stm32g0xx_it.o
HAL_Init                                          build/stm32g0xx_hal.o
                                                  build/main.o
HAL_InitTick                                      build/stm32g0xx_hal.o
                                                  build/stm32g0xx_hal_rcc.o
HAL_LIN_Init                                      build/stm32g0xx_hal_uart.o
HAL_LIN_SendBreak                                 build/stm32g0xx_hal_uart.o
HAL_MPU_ConfigRegion                              build/stm32g0xx_hal_cortex.o
HAL_MPU_Disable                                   build/stm32g0xx_hal_cortex.o
HAL_MPU_DisableRegion                             build/stm32g0xx_hal_cortex.o
HAL_MPU_Enable                                    build/stm32g0xx_hal_cortex.o
HAL_MPU_EnableRegion                              build/stm32g0xx_hal_cortex.o
HAL_MspDeInit                                     build/stm32g0xx_hal.o
HAL_MspInit                                       build/stm32g0xx_hal_msp.o
HAL_MultiProcessorEx_AddressLength_Set            build/stm32g0xx_hal_uart_ex.o
HAL_MultiProcessor_DisableMuteMode                build/stm32g0xx_hal_uart.o
HAL_MultiProcessor_EnableMuteMode                 build/stm32g0xx_hal_uart.o
HAL_MultiProcessor_EnterMuteMode                  build/stm32g0xx_hal_uart.o
HAL_MultiProcessor_Init                           build/stm32g0xx_hal_uart.o
HAL_NVIC_ClearPendingIRQ                          build/stm32g0xx_hal_cortex.o
HAL_NVIC_DisableIRQ                               build/stm32g0xx_hal_cortex.o
HAL_NVIC_EnableIRQ                                build/stm32g0xx_hal_cortex.o
HAL_NVIC_GetPendingIRQ                            build/stm32g0xx_hal_cortex.o
HAL_NVIC_GetPriority                              build/stm32g0xx_hal_cortex.o
HAL_NVIC_SetPendingIRQ                            build/stm32g0xx_hal_cortex.o
HAL_NVIC_SetPriority                              build/stm32g0xx_hal_cortex.o
                                                  build/stm32g0xx_hal.o
HAL_NVIC_SystemReset                              build/stm32g0xx_hal_cortex.o
HAL_PWREx_ControlVoltageScaling                   build/stm32g0xx_hal_pwr_ex.o
                                                  build/main.o
HAL_PWREx_DisableBatteryCharging                  build/stm32g0xx_hal_pwr_ex.o
HAL_PWREx_DisableFlashPowerDown                   build/stm32g0xx_hal_pwr_ex.o
HAL_PWREx_DisableGPIOPullDown                     build/stm32g0xx_hal_pwr_ex.o
HAL_PWREx_DisableGPIOPullUp                       build/stm32g0xx_hal_pwr_ex.o
HAL_PWREx_DisableInternalWakeUpLine               build/stm32g0xx_hal_pwr_ex.o
HAL_PWREx_DisableLowPowerRunMode                  build/stm32g0xx_hal_pwr_ex.o
                                                  build/stm32g0xx_hal_pwr.o
HAL_PWREx_DisablePullUpPullDownConfig             build/stm32g0xx_hal_pwr_ex.o
HAL_PWREx_EnableBatteryCharging                   build/stm32g0xx_hal_pwr_ex.o
HAL_PWREx_EnableFlashPowerDown                    build/stm32g0xx_hal_pwr_ex.o
HAL_PWREx_EnableGPIOPullDown                      build/stm32g0xx_hal_pwr_ex.o
HAL_PWREx_EnableGPIOPullUp                        build/stm32g0xx_hal_pwr_ex.o
HAL_PWREx_EnableInternalWakeUpLine                build/stm32g0xx_hal_pwr_ex.o
HAL_PWREx_EnableLowPowerRunMode                   build/stm32g0xx_hal_pwr_ex.o
                                                  build/stm32g0xx_hal_pwr.o
HAL_PWREx_EnablePullUpPullDownConfig              build/stm32g0xx_hal_pwr_ex.o
HAL_PWREx_GetVoltageRange                         build/stm32g0xx_hal_pwr_ex.o
HAL_PWR_DeInit                                    build/stm32g0xx_hal_pwr.o
HAL_PWR_DisableBkUpAccess                         build/stm32g0xx_hal_pwr.o
                                                  build/stm32g0xx_hal_rcc_ex.o
HAL_PWR_DisableSEVOnPend                          build/stm32g0xx_hal_pwr.o
HAL_PWR_DisableSleepOnExit                        build/stm32g0xx_hal_pwr.o
HAL_PWR_DisableWakeUpPin                          build/stm32g0xx_hal_pwr.o
HAL_PWR_EnableBkUpAccess                          build/stm32g0xx_hal_pwr.o
                                                  build/stm32g0xx_hal_rcc_ex.o
HAL_PWR_EnableSEVOnPend                           build/stm32g0xx_hal_pwr.o
HAL_PWR_EnableSleepOnExit                         build/stm32g0xx_hal_pwr.o
HAL_PWR_EnableWakeUpPin                           build/stm32g0xx_hal_pwr.o
HAL_PWR_EnterSLEEPMode                            build/stm32g0xx_hal_pwr.o
HAL_PWR_EnterSTANDBYMode                          build/stm32g0xx_hal_pwr.o
HAL_PWR_EnterSTOPMode                             build/stm32g0xx_hal_pwr.o
HAL_RCCEx_DisableLSCO                             build/stm32g0xx_hal_rcc_ex.o
HAL_RCCEx_EnableLSCO                              build/stm32g0xx_hal_rcc_ex.o
HAL_RCCEx_GetPeriphCLKConfig                      build/stm32g0xx_hal_rcc_ex.o
HAL_RCCEx_GetPeriphCLKFreq                        build/stm32g0xx_hal_rcc_ex.o
HAL_RCCEx_PeriphCLKConfig                         build/stm32g0xx_hal_rcc_ex.o
                                                  build/stm32g0xx_hal_msp.o
HAL_RCC_CSSCallback                               build/stm32g0xx_hal_rcc.o
HAL_RCC_ClockConfig                               build/stm32g0xx_hal_rcc.o
                                                  build/main.o
HAL_RCC_DeInit                                    build/stm32g0xx_hal_rcc.o
HAL_RCC_DisableLSECSS                             build/stm32g0xx_hal_rcc.o
HAL_RCC_EnableCSS                                 build/stm32g0xx_hal_rcc.o
HAL_RCC_EnableLSECSS                              build/stm32g0xx_hal_rcc.o
HAL_RCC_GetClockConfig                            build/stm32g0xx_hal_rcc.o
HAL_RCC_GetHCLKFreq                               build/stm32g0xx_hal_rcc.o
HAL_RCC_GetOscConfig                              build/stm32g0xx_hal_rcc.o
HAL_RCC_GetPCLK1Freq                              build/stm32g0xx_hal_rcc.o
                                                  build/stm32g0xx_hal_uart.o
                                                  build/stm32g0xx_hal_rcc_ex.o
HAL_RCC_GetResetSource                            build/stm32g0xx_hal_rcc.o
HAL_RCC_GetSysClockFreq                           build/stm32g0xx_hal_rcc.o
                                                  build/stm32g0xx_hal_uart.o
                                                  build/stm32g0xx_hal_rcc_ex.o
HAL_RCC_LSECSSCallback                            build/stm32g0xx_hal_rcc.o
HAL_RCC_MCOConfig                                 build/stm32g0xx_hal_rcc.o
HAL_RCC_NMI_IRQHandler                            build/stm32g0xx_hal_rcc.o
HAL_RCC_OscConfig                                 build/stm32g0xx_hal_rcc.o
                                                  build/main.o
HAL_RS485Ex_Init                                  build/stm32g0xx_hal_uart_ex.o
HAL_ResumeTick                                    build/stm32g0xx_hal.o
HAL_SYSCFG_DisableIOAnalogSwitchBooster           build/stm32g0xx_hal.o
HAL_SYSCFG_DisableRemap                           build/stm32g0xx_hal.o
HAL_SYSCFG_EnableIOAnalogSwitchBooster            build/stm32g0xx_hal.o
HAL_SYSCFG_EnableRemap                            build/stm32g0xx_hal.o
HAL_SYSCFG_StrobeDBattpinsConfig                  build/stm32g0xx_hal.o
HAL_SYSTICK_CLKSourceConfig                       build/stm32g0xx_hal_cortex.o
HAL_SYSTICK_Callback                              build/stm32g0xx_hal_cortex.o
HAL_SYSTICK_Config                                build/stm32g0xx_hal_cortex.o
                                                  build/stm32g0xx_hal.o
HAL_SYSTICK_IRQHandler                            build/stm32g0xx_hal_cortex.o
HAL_SetTickFreq                                   build/stm32g0xx_hal.o
HAL_SuspendTick                                   build/stm32g0xx_hal.o
HAL_TIMEx_Break2Callback                          build/stm32g0xx_hal_tim_ex.o
                                                  build/stm32g0xx_hal_tim.o
HAL_TIMEx_BreakCallback                           build/stm32g0xx_hal_tim_ex.o
                                                  build/stm32g0xx_hal_tim.o
HAL_TIMEx_CommutCallback                          build/stm32g0xx_hal_tim_ex.o
                                                  build/stm32g0xx_hal_tim.o
HAL_TIMEx_CommutHalfCpltCallback                  build/stm32g0xx_hal_tim_ex.o
HAL_TIMEx_ConfigBreakDeadTime                     build/stm32g0xx_hal_tim_ex.o
                                                  build/main.o
HAL_TIMEx_ConfigBreakInput                        build/stm32g0xx_hal_tim_ex.o
HAL_TIMEx_ConfigCommutEvent                       build/stm32g0xx_hal_tim_ex.o
HAL_TIMEx_ConfigCommutEvent_DMA                   build/stm32g0xx_hal_tim_ex.o
HAL_TIMEx_ConfigCommutEvent_IT                    build/stm32g0xx_hal_tim_ex.o
HAL_TIMEx_DisarmBreakInput                        build/stm32g0xx_hal_tim_ex.o
HAL_TIMEx_GetChannelNState                        build/stm32g0xx_hal_tim_ex.o
HAL_TIMEx_GroupChannel5                           build/stm32g0xx_hal_tim_ex.o
HAL_TIMEx_HallSensor_DeInit                       build/stm32g0xx_hal_tim_ex.o
HAL_TIMEx_HallSensor_GetState                     build/stm32g0xx_hal_tim_ex.o
HAL_TIMEx_HallSensor_Init                         build/stm32g0xx_hal_tim_ex.o
HAL_TIMEx_HallSensor_MspDeInit                    build/stm32g0xx_hal_tim_ex.o
HAL_TIMEx_HallSensor_MspInit                      build/stm32g0xx_hal_tim_ex.o
HAL_TIMEx_HallSensor_Start                        build/stm32g0xx_hal_tim_ex.o
HAL_TIMEx_HallSensor_Start_DMA                    build/stm32g0xx_hal_tim_ex.o
HAL_TIMEx_HallSensor_Start_IT                     build/stm32g0xx_hal_tim_ex.o
HAL_TIMEx_HallSensor_Stop                         build/stm32g0xx_hal_tim_ex.o
HAL_TIMEx_HallSensor_Stop_DMA                     build/stm32g0xx_hal_tim_ex.o
HAL_TIMEx_HallSensor_Stop_IT                      build/stm32g0xx_hal_tim_ex.o
HAL_TIMEx_MasterConfigSynchronization             build/stm32g0xx_hal_tim_ex.o
                                                  build/main.o
HAL_TIMEx_OCN_Start                               build/stm32g0xx_hal_tim_ex.o
HAL_TIMEx_OCN_Start_DMA                           build/stm32g0xx_hal_tim_ex.o
HAL_TIMEx_OCN_Start_IT                            build/stm32g0xx_hal_tim_ex.o
HAL_TIMEx_OCN_Stop                                build/stm32g0xx_hal_tim_ex.o
HAL_TIMEx_OCN_Stop_DMA                            build/stm32g0xx_hal_tim_ex.o
HAL_TIMEx_OCN_Stop_IT                             build/stm32g0xx_hal_tim_ex.o
HAL_TIMEx_OnePulseN_Start                         build/stm32g0xx_hal_tim_ex.o
HAL_TIMEx_OnePulseN_Start_IT                      build/stm32g0xx_hal_tim_ex.o
HAL_TIMEx_OnePulseN_Stop                          build/stm32g0xx_hal_tim_ex.o
HAL_TIMEx_OnePulseN_Stop_IT                       build/stm32g0xx_hal_tim_ex.o
HAL_TIMEx_PWMN_Start                              build/stm32g0xx_hal_tim_ex.o
HAL_TIMEx_PWMN_Start_DMA                          build/stm32g0xx_hal_tim_ex.o
HAL_TIMEx_PWMN_Start_IT                           build/stm32g0xx_hal_tim_ex.o
HAL_TIMEx_PWMN_Stop                               build/stm32g0xx_hal_tim_ex.o
HAL_TIMEx_PWMN_Stop_DMA                           build/stm32g0xx_hal_tim_ex.o
HAL_TIMEx_PWMN_Stop_IT                            build/stm32g0xx_hal_tim_ex.o
HAL_TIMEx_ReArmBreakInput                         build/stm32g0xx_hal_tim_ex.o
HAL_TIMEx_RemapConfig                             build/stm32g0xx_hal_tim_ex.o
HAL_TIMEx_TISelection                             build/stm32g0xx_hal_tim_ex.o
HAL_TIM_Base_DeInit                               build/stm32g0xx_hal_tim.o
HAL_TIM_Base_GetState                             build/stm32g0xx_hal_tim.o
HAL_TIM_Base_Init                                 build/stm32g0xx_hal_tim.o
HAL_TIM_Base_MspDeInit                            build/stm32g0xx_hal_tim.o
HAL_TIM_Base_MspInit                              build/stm32g0xx_hal_tim.o
HAL_TIM_Base_Start                                build/stm32g0xx_hal_tim.o
HAL_TIM_Base_Start_DMA                            build/stm32g0xx_hal_tim.o
HAL_TIM_Base_Start_IT                             build/stm32g0xx_hal_tim.o
HAL_TIM_Base_Stop                                 build/stm32g0xx_hal_tim.o
HAL_TIM_Base_Stop_DMA                             build/stm32g0xx_hal_tim.o
HAL_TIM_Base_Stop_IT                              build/stm32g0xx_hal_tim.o
HAL_TIM_ConfigClockSource                         build/stm32g0xx_hal_tim.o
HAL_TIM_ConfigOCrefClear                          build/stm32g0xx_hal_tim.o
HAL_TIM_ConfigTI1Input                            build/stm32g0xx_hal_tim.o
HAL_TIM_DMABurstState                             build/stm32g0xx_hal_tim.o
HAL_TIM_DMABurst_MultiReadStart                   build/stm32g0xx_hal_tim.o
HAL_TIM_DMABurst_MultiWriteStart                  build/stm32g0xx_hal_tim.o
HAL_TIM_DMABurst_ReadStart                        build/stm32g0xx_hal_tim.o
HAL_TIM_DMABurst_ReadStop                         build/stm32g0xx_hal_tim.o
HAL_TIM_DMABurst_WriteStart                       build/stm32g0xx_hal_tim.o
HAL_TIM_DMABurst_WriteStop                        build/stm32g0xx_hal_tim.o
HAL_TIM_Encoder_DeInit                            build/stm32g0xx_hal_tim.o
HAL_TIM_Encoder_GetState                          build/stm32g0xx_hal_tim.o
HAL_TIM_Encoder_Init                              build/stm32g0xx_hal_tim.o
HAL_TIM_Encoder_MspDeInit                         build/stm32g0xx_hal_tim.o
HAL_TIM_Encoder_MspInit                           build/stm32g0xx_hal_tim.o
HAL_TIM_Encoder_Start                             build/stm32g0xx_hal_tim.o
HAL_TIM_Encoder_Start_DMA                         build/stm32g0xx_hal_tim.o
HAL_TIM_Encoder_Start_IT                          build/stm32g0xx_hal_tim.o
HAL_TIM_Encoder_Stop                              build/stm32g0xx_hal_tim.o
HAL_TIM_Encoder_Stop_DMA                          build/stm32g0xx_hal_tim.o
HAL_TIM_Encoder_Stop_IT                           build/stm32g0xx_hal_tim.o
HAL_TIM_ErrorCallback                             build/stm32g0xx_hal_tim.o
                                                  build/stm32g0xx_hal_tim_ex.o
HAL_TIM_GenerateEvent                             build/stm32g0xx_hal_tim.o
HAL_TIM_GetActiveChannel                          build/stm32g0xx_hal_tim.o
HAL_TIM_GetChannelState                           build/stm32g0xx_hal_tim.o
HAL_TIM_IC_CaptureCallback                        build/stm32g0xx_hal_tim.o
HAL_TIM_IC_CaptureHalfCpltCallback                build/stm32g0xx_hal_tim.o
HAL_TIM_IC_ConfigChannel                          build/stm32g0xx_hal_tim.o
                                                  build/main.o
HAL_TIM_IC_DeInit                                 build/stm32g0xx_hal_tim.o
HAL_TIM_IC_GetState                               build/stm32g0xx_hal_tim.o
HAL_TIM_IC_Init                                   build/stm32g0xx_hal_tim.o
                                                  build/main.o
HAL_TIM_IC_MspDeInit                              build/stm32g0xx_hal_msp.o
HAL_TIM_IC_MspInit                                build/stm32g0xx_hal_msp.o
HAL_TIM_IC_Start                                  build/stm32g0xx_hal_tim.o
HAL_TIM_IC_Start_DMA                              build/stm32g0xx_hal_tim.o
HAL_TIM_IC_Start_IT                               build/stm32g0xx_hal_tim.o
HAL_TIM_IC_Stop                                   build/stm32g0xx_hal_tim.o
HAL_TIM_IC_Stop_DMA                               build/stm32g0xx_hal_tim.o
HAL_TIM_IC_Stop_IT                                build/stm32g0xx_hal_tim.o
HAL_TIM_IRQHandler                                build/stm32g0xx_hal_tim.o
HAL_TIM_MspPostInit                               build/stm32g0xx_hal_msp.o
                                                  build/main.o
HAL_TIM_OC_ConfigChannel                          build/stm32g0xx_hal_tim.o
HAL_TIM_OC_DeInit                                 build/stm32g0xx_hal_tim.o
HAL_TIM_OC_DelayElapsedCallback                   build/stm32g0xx_hal_tim.o
HAL_TIM_OC_GetState                               build/stm32g0xx_hal_tim.o
HAL_TIM_OC_Init                                   build/stm32g0xx_hal_tim.o
HAL_TIM_OC_MspDeInit                              build/stm32g0xx_hal_tim.o
HAL_TIM_OC_MspInit                                build/stm32g0xx_hal_tim.o
HAL_TIM_OC_Start                                  build/stm32g0xx_hal_tim.o
HAL_TIM_OC_Start_DMA                              build/stm32g0xx_hal_tim.o
HAL_TIM_OC_Start_IT                               build/stm32g0xx_hal_tim.o
HAL_TIM_OC_Stop                                   build/stm32g0xx_hal_tim.o
HAL_TIM_OC_Stop_DMA                               build/stm32g0xx_hal_tim.o
HAL_TIM_OC_Stop_IT                                build/stm32g0xx_hal_tim.o
HAL_TIM_OnePulse_ConfigChannel                    build/stm32g0xx_hal_tim.o
HAL_TIM_OnePulse_DeInit                           build/stm32g0xx_hal_tim.o
HAL_TIM_OnePulse_GetState                         build/stm32g0xx_hal_tim.o
HAL_TIM_OnePulse_Init                             build/stm32g0xx_hal_tim.o
HAL_TIM_OnePulse_MspDeInit                        build/stm32g0xx_hal_tim.o
HAL_TIM_OnePulse_MspInit                          build/stm32g0xx_hal_tim.o
HAL_TIM_OnePulse_Start                            build/stm32g0xx_hal_tim.o
HAL_TIM_OnePulse_Start_IT                         build/stm32g0xx_hal_tim.o
HAL_TIM_OnePulse_Stop                             build/stm32g0xx_hal_tim.o
HAL_TIM_OnePulse_Stop_IT                          build/stm32g0xx_hal_tim.o
HAL_TIM_PWM_ConfigChannel                         build/stm32g0xx_hal_tim.o
                                                  build/main.o
HAL_TIM_PWM_DeInit                                build/stm32g0xx_hal_tim.o
HAL_TIM_PWM_GetState                              build/stm32g0xx_hal_tim.o
HAL_TIM_PWM_Init                                  build/stm32g0xx_hal_tim.o
                                                  build/main.o
HAL_TIM_PWM_MspDeInit                             build/stm32g0xx_hal_msp.o
HAL_TIM_PWM_MspInit                               build/stm32g0xx_hal_msp.o
HAL_TIM_PWM_PulseFinishedCallback                 build/stm32g0xx_hal_tim.o
                                                  build/stm32g0xx_hal_tim_ex.o
HAL_TIM_PWM_PulseFinishedHalfCpltCallback         build/stm32g0xx_hal_tim.o
HAL_TIM_PWM_Start                                 build/stm32g0xx_hal_tim.o
HAL_TIM_PWM_Start_DMA                             build/stm32g0xx_hal_tim.o
HAL_TIM_PWM_Start_IT                              build/stm32g0xx_hal_tim.o
HAL_TIM_PWM_Stop                                  build/stm32g0xx_hal_tim.o
HAL_TIM_PWM_Stop_DMA                              build/stm32g0xx_hal_tim.o
HAL_TIM_PWM_Stop_IT                               build/stm32g0xx_hal_tim.o
HAL_TIM_PeriodElapsedCallback                     build/stm32g0xx_hal_tim.o
HAL_TIM_PeriodElapsedHalfCpltCallback             build/stm32g0xx_hal_tim.o
HAL_TIM_ReadCapturedValue                         build/stm32g0xx_hal_tim.o
HAL_TIM_SlaveConfigSynchro                        build/stm32g0xx_hal_tim.o
HAL_TIM_SlaveConfigSynchro_IT                     build/stm32g0xx_hal_tim.o
HAL_TIM_TriggerCallback                           build/stm32g0xx_hal_tim.o
HAL_TIM_TriggerHalfCpltCallback                   build/stm32g0xx_hal_tim.o
HAL_UARTEx_DisableFifoMode                        build/stm32g0xx_hal_uart_ex.o
                                                  build/main.o
HAL_UARTEx_DisableStopMode                        build/stm32g0xx_hal_uart_ex.o
HAL_UARTEx_EnableFifoMode                         build/stm32g0xx_hal_uart_ex.o
HAL_UARTEx_EnableStopMode                         build/stm32g0xx_hal_uart_ex.o
HAL_UARTEx_GetRxEventType                         build/stm32g0xx_hal_uart_ex.o
HAL_UARTEx_ReceiveToIdle                          build/stm32g0xx_hal_uart_ex.o
HAL_UARTEx_ReceiveToIdle_DMA                      build/stm32g0xx_hal_uart_ex.o
HAL_UARTEx_ReceiveToIdle_IT                       build/stm32g0xx_hal_uart_ex.o
HAL_UARTEx_RxEventCallback                        build/stm32g0xx_hal_uart.o
HAL_UARTEx_RxFifoFullCallback                     build/stm32g0xx_hal_uart_ex.o
                                                  build/stm32g0xx_hal_uart.o
HAL_UARTEx_SetRxFifoThreshold                     build/stm32g0xx_hal_uart_ex.o
                                                  build/main.o
HAL_UARTEx_SetTxFifoThreshold                     build/stm32g0xx_hal_uart_ex.o
                                                  build/main.o
HAL_UARTEx_StopModeWakeUpSourceConfig             build/stm32g0xx_hal_uart_ex.o
HAL_UARTEx_TxFifoEmptyCallback                    build/stm32g0xx_hal_uart_ex.o
                                                  build/stm32g0xx_hal_uart.o
HAL_UARTEx_WakeupCallback                         build/stm32g0xx_hal_uart_ex.o
                                                  build/stm32g0xx_hal_uart.o
HAL_UART_Abort                                    build/stm32g0xx_hal_uart.o
HAL_UART_AbortCpltCallback                        build/stm32g0xx_hal_uart.o
HAL_UART_AbortReceive                             build/stm32g0xx_hal_uart.o
HAL_UART_AbortReceiveCpltCallback                 build/stm32g0xx_hal_uart.o
HAL_UART_AbortReceive_IT                          build/stm32g0xx_hal_uart.o
HAL_UART_AbortTransmit                            build/stm32g0xx_hal_uart.o
HAL_UART_AbortTransmitCpltCallback                build/stm32g0xx_hal_uart.o
HAL_UART_AbortTransmit_IT                         build/stm32g0xx_hal_uart.o
HAL_UART_Abort_IT                                 build/stm32g0xx_hal_uart.o
HAL_UART_DMAPause                                 build/stm32g0xx_hal_uart.o
HAL_UART_DMAResume                                build/stm32g0xx_hal_uart.o
HAL_UART_DMAStop                                  build/stm32g0xx_hal_uart.o
HAL_UART_DeInit                                   build/stm32g0xx_hal_uart.o
HAL_UART_DisableReceiverTimeout                   build/stm32g0xx_hal_uart.o
HAL_UART_EnableReceiverTimeout                    build/stm32g0xx_hal_uart.o
HAL_UART_ErrorCallback                            build/stm32g0xx_hal_uart.o
HAL_UART_GetError                                 build/stm32g0xx_hal_uart.o
HAL_UART_GetState                                 build/stm32g0xx_hal_uart.o
HAL_UART_IRQHandler                               build/stm32g0xx_hal_uart.o
HAL_UART_Init                                     build/stm32g0xx_hal_uart.o
                                                  build/main.o
HAL_UART_MspDeInit                                build/stm32g0xx_hal_msp.o
HAL_UART_MspInit                                  build/stm32g0xx_hal_msp.o
                                                  build/stm32g0xx_hal_uart_ex.o
HAL_UART_Receive                                  build/stm32g0xx_hal_uart.o
HAL_UART_Receive_DMA                              build/stm32g0xx_hal_uart.o
HAL_UART_Receive_IT                               build/stm32g0xx_hal_uart.o
HAL_UART_ReceiverTimeout_Config                   build/stm32g0xx_hal_uart.o
HAL_UART_RxCpltCallback                           build/stm32g0xx_hal_uart.o
HAL_UART_RxHalfCpltCallback                       build/stm32g0xx_hal_uart.o
HAL_UART_Transmit                                 build/stm32g0xx_hal_uart.o
HAL_UART_Transmit_DMA                             build/stm32g0xx_hal_uart.o
HAL_UART_Transmit_IT                              build/stm32g0xx_hal_uart.o
HAL_UART_TxCpltCallback                           build/stm32g0xx_hal_uart.o
HAL_UART_TxHalfCpltCallback                       build/stm32g0xx_hal_uart.o
HardFault_Handler                                 build/stm32g0xx_it.o
I2C1_IRQHandler                                   build/startup_stm32g070xx.o
I2C2_IRQHandler                                   build/startup_stm32g070xx.o
NMI_Handler                                       build/stm32g0xx_it.o
PendSV_Handler                                    build/stm32g0xx_it.o
RCC_IRQHandler                                    build/startup_stm32g070xx.o
RTC_TAMP_IRQHandler                               build/startup_stm32g070xx.o
Reset_Handler                                     build/startup_stm32g070xx.o
SPI1_IRQHandler                                   build/startup_stm32g070xx.o
SPI2_IRQHandler                                   build/startup_stm32g070xx.o
SVC_Handler                                       build/stm32g0xx_it.o
SysTick_Handler                                   build/stm32g0xx_it.o
SystemClock_Config                                build/main.o
SystemCoreClock                                   build/system_stm32g0xx.o
                                                  build/stm32g0xx_hal.o
                                                  build/stm32g0xx_hal_pwr_ex.o
                                                  build/stm32g0xx_hal_rcc.o
SystemCoreClockUpdate                             build/system_stm32g0xx.o
SystemInit                                        build/system_stm32g0xx.o
                                                  build/startup_stm32g070xx.o
TIM14_IRQHandler                                  build/startup_stm32g070xx.o
TIM15_IRQHandler                                  build/startup_stm32g070xx.o
TIM16_IRQHandler                                  build/startup_stm32g070xx.o
TIM17_IRQHandler                                  build/startup_stm32g070xx.o
TIM1_BRK_UP_TRG_COM_IRQHandler                    build/startup_stm32g070xx.o
TIM1_CC_IRQHandler                                build/startup_stm32g070xx.o
TIM3_IRQHandler                                   build/startup_stm32g070xx.o
TIM6_IRQHandler                                   build/startup_stm32g070xx.o
TIM7_IRQHandler                                   build/startup_stm32g070xx.o
TIMEx_DMACommutationCplt                          build/stm32g0xx_hal_tim_ex.o
                                                  build/stm32g0xx_hal_tim.o
TIMEx_DMACommutationHalfCplt                      build/stm32g0xx_hal_tim_ex.o
                                                  build/stm32g0xx_hal_tim.o
TIM_Base_SetConfig                                build/stm32g0xx_hal_tim.o
                                                  build/stm32g0xx_hal_tim_ex.o
TIM_CCxChannelCmd                                 build/stm32g0xx_hal_tim.o
                                                  build/stm32g0xx_hal_tim_ex.o
TIM_DMACaptureCplt                                build/stm32g0xx_hal_tim.o
                                                  build/stm32g0xx_hal_tim_ex.o
TIM_DMACaptureHalfCplt                            build/stm32g0xx_hal_tim.o
                                                  build/stm32g0xx_hal_tim_ex.o
TIM_DMADelayPulseHalfCplt                         build/stm32g0xx_hal_tim.o
                                                  build/stm32g0xx_hal_tim_ex.o
TIM_DMAError                                      build/stm32g0xx_hal_tim.o
                                                  build/stm32g0xx_hal_tim_ex.o
TIM_ETR_SetConfig                                 build/stm32g0xx_hal_tim.o
TIM_OC2_SetConfig                                 build/stm32g0xx_hal_tim.o
                                                  build/stm32g0xx_hal_tim_ex.o
TIM_TI1_SetConfig                                 build/stm32g0xx_hal_tim.o
                                                  build/stm32g0xx_hal_tim_ex.o
UARTPrescTable                                    build/stm32g0xx_hal_uart.o
UART_AdvFeatureConfig                             build/stm32g0xx_hal_uart.o
                                                  build/stm32g0xx_hal_uart_ex.o
UART_CheckIdleState                               build/stm32g0xx_hal_uart.o
                                                  build/stm32g0xx_hal_uart_ex.o
UART_SetConfig                                    build/stm32g0xx_hal_uart.o
                                                  build/stm32g0xx_hal_uart_ex.o
UART_Start_Receive_DMA                            build/stm32g0xx_hal_uart.o
                                                  build/stm32g0xx_hal_uart_ex.o
UART_Start_Receive_IT                             build/stm32g0xx_hal_uart.o
                                                  build/stm32g0xx_hal_uart_ex.o
UART_WaitOnFlagUntilTimeout                       build/stm32g0xx_hal_uart.o
                                                  build/stm32g0xx_hal_uart_ex.o
USART1_IRQHandler                                 build/startup_stm32g070xx.o
USART2_IRQHandler                                 build/startup_stm32g070xx.o
USART3_4_IRQHandler                               build/startup_stm32g070xx.o
WWDG_IRQHandler                                   build/startup_stm32g070xx.o
_ITM_deregisterTMCloneTable                       /home/achraf/Desktop/Toolchain/arm-gnu-toolchain-14.3.rel1-x86_64-arm-none-eabi/bin/../lib/gcc/arm-none-eabi/14.3.1/thumb/v6-m/nofp/crtbegin.o
_ITM_registerTMCloneTable                         /home/achraf/Desktop/Toolchain/arm-gnu-toolchain-14.3.rel1-x86_64-arm-none-eabi/bin/../lib/gcc/arm-none-eabi/14.3.1/thumb/v6-m/nofp/crtbegin.o
_Min_Stack_Size                                   build/sysmem.o
__TMC_END__                                       /home/achraf/Desktop/Toolchain/arm-gnu-toolchain-14.3.rel1-x86_64-arm-none-eabi/bin/../lib/gcc/arm-none-eabi/14.3.1/thumb/v6-m/nofp/crtend.o
                                                  /home/achraf/Desktop/Toolchain/arm-gnu-toolchain-14.3.rel1-x86_64-arm-none-eabi/bin/../lib/gcc/arm-none-eabi/14.3.1/thumb/v6-m/nofp/crtbegin.o
__aeabi_idiv                                      /home/achraf/Desktop/Toolchain/arm-gnu-toolchain-14.3.rel1-x86_64-arm-none-eabi/bin/../lib/gcc/arm-none-eabi/14.3.1/thumb/v6-m/nofp/libgcc.a(_divsi3.o)
                                                  build/stm32g0xx_hal_uart_ex.o
__aeabi_idiv0                                     /home/achraf/Desktop/Toolchain/arm-gnu-toolchain-14.3.rel1-x86_64-arm-none-eabi/bin/../lib/gcc/arm-none-eabi/14.3.1/thumb/v6-m/nofp/libgcc.a(_dvmd_tls.o)
                                                  /home/achraf/Desktop/Toolchain/arm-gnu-toolchain-14.3.rel1-x86_64-arm-none-eabi/bin/../lib/gcc/arm-none-eabi/14.3.1/thumb/v6-m/nofp/libgcc.a(_divsi3.o)
                                                  /home/achraf/Desktop/Toolchain/arm-gnu-toolchain-14.3.rel1-x86_64-arm-none-eabi/bin/../lib/gcc/arm-none-eabi/14.3.1/thumb/v6-m/nofp/libgcc.a(_udivsi3.o)
__aeabi_idivmod                                   /home/achraf/Desktop/Toolchain/arm-gnu-toolchain-14.3.rel1-x86_64-arm-none-eabi/bin/../lib/gcc/arm-none-eabi/14.3.1/thumb/v6-m/nofp/libgcc.a(_divsi3.o)
__aeabi_ldiv0                                     /home/achraf/Desktop/Toolchain/arm-gnu-toolchain-14.3.rel1-x86_64-arm-none-eabi/bin/../lib/gcc/arm-none-eabi/14.3.1/thumb/v6-m/nofp/libgcc.a(_dvmd_tls.o)
__aeabi_uidiv                                     /home/achraf/Desktop/Toolchain/arm-gnu-toolchain-14.3.rel1-x86_64-arm-none-eabi/bin/../lib/gcc/arm-none-eabi/14.3.1/thumb/v6-m/nofp/libgcc.a(_udivsi3.o)
                                                  build/system_stm32g0xx.o
                                                  build/stm32g0xx_hal_uart.o
                                                  build/stm32g0xx_hal.o
                                                  build/stm32g0xx_hal_pwr_ex.o
                                                  build/stm32g0xx_hal_dma.o
                                                  build/stm32g0xx_hal_rcc_ex.o
                                                  build/stm32g0xx_hal_rcc.o
__aeabi_uidivmod                                  /home/achraf/Desktop/Toolchain/arm-gnu-toolchain-14.3.rel1-x86_64-arm-none-eabi/bin/../lib/gcc/arm-none-eabi/14.3.1/thumb/v6-m/nofp/libgcc.a(_udivsi3.o)
__bss_end__                                       /home/achraf/Desktop/Toolchain/arm-gnu-toolchain-14.3.rel1-x86_64-arm-none-eabi/bin/../lib/gcc/arm-none-eabi/14.3.1/../../../../arm-none-eabi/lib/thumb/v6-m/nofp/crt0.o
__bss_start__                                     /home/achraf/Desktop/Toolchain/arm-gnu-toolchain-14.3.rel1-x86_64-arm-none-eabi/bin/../lib/gcc/arm-none-eabi/14.3.1/../../../../arm-none-eabi/lib/thumb/v6-m/nofp/crt0.o
__call_exitprocs                                  /home/achraf/Desktop/Toolchain/arm-gnu-toolchain-14.3.rel1-x86_64-arm-none-eabi/bin/../lib/gcc/arm-none-eabi/14.3.1/../../../../arm-none-eabi/lib/thumb/v6-m/nofp/libc_nano.a(libc_a-exit.o)
__deregister_frame_info                           /home/achraf/Desktop/Toolchain/arm-gnu-toolchain-14.3.rel1-x86_64-arm-none-eabi/bin/../lib/gcc/arm-none-eabi/14.3.1/thumb/v6-m/nofp/crtbegin.o
__divsi3                                          /home/achraf/Desktop/Toolchain/arm-gnu-toolchain-14.3.rel1-x86_64-arm-none-eabi/bin/../lib/gcc/arm-none-eabi/14.3.1/thumb/v6-m/nofp/libgcc.a(_divsi3.o)
__dso_handle                                      /home/achraf/Desktop/Toolchain/arm-gnu-toolchain-14.3.rel1-x86_64-arm-none-eabi/bin/../lib/gcc/arm-none-eabi/14.3.1/thumb/v6-m/nofp/crtbegin.o
__env                                             build/syscalls.o
__errno                                           /home/achraf/Desktop/Toolchain/arm-gnu-toolchain-14.3.rel1-x86_64-arm-none-eabi/bin/../lib/gcc/arm-none-eabi/14.3.1/../../../../arm-none-eabi/lib/thumb/v6-m/nofp/libc_nano.a(libc_a-errno.o)
                                                  build/syscalls.o
                                                  build/sysmem.o
__fp_lock_all                                     /home/achraf/Desktop/Toolchain/arm-gnu-toolchain-14.3.rel1-x86_64-arm-none-eabi/bin/../lib/gcc/arm-none-eabi/14.3.1/../../../../arm-none-eabi/lib/thumb/v6-m/nofp/libc_nano.a(libc_a-findfp.o)
__fp_unlock_all                                   /home/achraf/Desktop/Toolchain/arm-gnu-toolchain-14.3.rel1-x86_64-arm-none-eabi/bin/../lib/gcc/arm-none-eabi/14.3.1/../../../../arm-none-eabi/lib/thumb/v6-m/nofp/libc_nano.a(libc_a-findfp.o)
__init_array_end                                  /home/achraf/Desktop/Toolchain/arm-gnu-toolchain-14.3.rel1-x86_64-arm-none-eabi/bin/../lib/gcc/arm-none-eabi/14.3.1/../../../../arm-none-eabi/lib/thumb/v6-m/nofp/libc_nano.a(libc_a-init.o)
__init_array_start                                /home/achraf/Desktop/Toolchain/arm-gnu-toolchain-14.3.rel1-x86_64-arm-none-eabi/bin/../lib/gcc/arm-none-eabi/14.3.1/../../../../arm-none-eabi/lib/thumb/v6-m/nofp/libc_nano.a(libc_a-init.o)
__io_getchar                                      build/syscalls.o
__io_putchar                                      build/syscalls.o
__libc_fini_array                                 /home/achraf/Desktop/Toolchain/arm-gnu-toolchain-14.3.rel1-x86_64-arm-none-eabi/bin/../lib/gcc/arm-none-eabi/14.3.1/../../../../arm-none-eabi/lib/thumb/v6-m/nofp/crt0.o
__libc_init_array                                 /home/achraf/Desktop/Toolchain/arm-gnu-toolchain-14.3.rel1-x86_64-arm-none-eabi/bin/../lib/gcc/arm-none-eabi/14.3.1/../../../../arm-none-eabi/lib/thumb/v6-m/nofp/libc_nano.a(libc_a-init.o)
                                                  build/startup_stm32g070xx.o
                                                  /home/achraf/Desktop/Toolchain/arm-gnu-toolchain-14.3.rel1-x86_64-arm-none-eabi/bin/../lib/gcc/arm-none-eabi/14.3.1/../../../../arm-none-eabi/lib/thumb/v6-m/nofp/crt0.o
__lock___arc4random_mutex                         /home/achraf/Desktop/Toolchain/arm-gnu-toolchain-14.3.rel1-x86_64-arm-none-eabi/bin/../lib/gcc/arm-none-eabi/14.3.1/../../../../arm-none-eabi/lib/thumb/v6-m/nofp/libc_nano.a(libc_a-lock.o)
__lock___at_quick_exit_mutex                      /home/achraf/Desktop/Toolchain/arm-gnu-toolchain-14.3.rel1-x86_64-arm-none-eabi/bin/../lib/gcc/arm-none-eabi/14.3.1/../../../../arm-none-eabi/lib/thumb/v6-m/nofp/libc_nano.a(libc_a-lock.o)
__lock___atexit_recursive_mutex                   /home/achraf/Desktop/Toolchain/arm-gnu-toolchain-14.3.rel1-x86_64-arm-none-eabi/bin/../lib/gcc/arm-none-eabi/14.3.1/../../../../arm-none-eabi/lib/thumb/v6-m/nofp/libc_nano.a(libc_a-lock.o)
__lock___dd_hash_mutex                            /home/achraf/Desktop/Toolchain/arm-gnu-toolchain-14.3.rel1-x86_64-arm-none-eabi/bin/../lib/gcc/arm-none-eabi/14.3.1/../../../../arm-none-eabi/lib/thumb/v6-m/nofp/libc_nano.a(libc_a-lock.o)
__lock___env_recursive_mutex                      /home/achraf/Desktop/Toolchain/arm-gnu-toolchain-14.3.rel1-x86_64-arm-none-eabi/bin/../lib/gcc/arm-none-eabi/14.3.1/../../../../arm-none-eabi/lib/thumb/v6-m/nofp/libc_nano.a(libc_a-lock.o)
__lock___malloc_recursive_mutex                   /home/achraf/Desktop/Toolchain/arm-gnu-toolchain-14.3.rel1-x86_64-arm-none-eabi/bin/../lib/gcc/arm-none-eabi/14.3.1/../../../../arm-none-eabi/lib/thumb/v6-m/nofp/libc_nano.a(libc_a-lock.o)
                                                  /home/achraf/Desktop/Toolchain/arm-gnu-toolchain-14.3.rel1-x86_64-arm-none-eabi/bin/../lib/gcc/arm-none-eabi/14.3.1/../../../../arm-none-eabi/lib/thumb/v6-m/nofp/libc_nano.a(libc_a-mlock.o)
__lock___sfp_recursive_mutex                      /home/achraf/Desktop/Toolchain/arm-gnu-toolchain-14.3.rel1-x86_64-arm-none-eabi/bin/../lib/gcc/arm-none-eabi/14.3.1/../../../../arm-none-eabi/lib/thumb/v6-m/nofp/libc_nano.a(libc_a-lock.o)
                                                  /home/achraf/Desktop/Toolchain/arm-gnu-toolchain-14.3.rel1-x86_64-arm-none-eabi/bin/../lib/gcc/arm-none-eabi/14.3.1/../../../../arm-none-eabi/lib/thumb/v6-m/nofp/libc_nano.a(libc_a-findfp.o)
__lock___tz_mutex                                 /home/achraf/Desktop/Toolchain/arm-gnu-toolchain-14.3.rel1-x86_64-arm-none-eabi/bin/../lib/gcc/arm-none-eabi/14.3.1/../../../../arm-none-eabi/lib/thumb/v6-m/nofp/libc_nano.a(libc_a-lock.o)
__malloc_free_list                                /home/achraf/Desktop/Toolchain/arm-gnu-toolchain-14.3.rel1-x86_64-arm-none-eabi/bin/../lib/gcc/arm-none-eabi/14.3.1/../../../../arm-none-eabi/lib/thumb/v6-m/nofp/libc_nano.a(libc_a-mallocr.o)
                                                  /home/achraf/Desktop/Toolchain/arm-gnu-toolchain-14.3.rel1-x86_64-arm-none-eabi/bin/../lib/gcc/arm-none-eabi/14.3.1/../../../../arm-none-eabi/lib/thumb/v6-m/nofp/libc_nano.a(libc_a-freer.o)
__malloc_lock                                     /home/achraf/Desktop/Toolchain/arm-gnu-toolchain-14.3.rel1-x86_64-arm-none-eabi/bin/../lib/gcc/arm-none-eabi/14.3.1/../../../../arm-none-eabi/lib/thumb/v6-m/nofp/libc_nano.a(libc_a-mlock.o)
                                                  /home/achraf/Desktop/Toolchain/arm-gnu-toolchain-14.3.rel1-x86_64-arm-none-eabi/bin/../lib/gcc/arm-none-eabi/14.3.1/../../../../arm-none-eabi/lib/thumb/v6-m/nofp/libc_nano.a(libc_a-mallocr.o)
                                                  /home/achraf/Desktop/Toolchain/arm-gnu-toolchain-14.3.rel1-x86_64-arm-none-eabi/bin/../lib/gcc/arm-none-eabi/14.3.1/../../../../arm-none-eabi/lib/thumb/v6-m/nofp/libc_nano.a(libc_a-freer.o)
__malloc_sbrk_start                               /home/achraf/Desktop/Toolchain/arm-gnu-toolchain-14.3.rel1-x86_64-arm-none-eabi/bin/../lib/gcc/arm-none-eabi/14.3.1/../../../../arm-none-eabi/lib/thumb/v6-m/nofp/libc_nano.a(libc_a-mallocr.o)
__malloc_unlock                                   /home/achraf/Desktop/Toolchain/arm-gnu-toolchain-14.3.rel1-x86_64-arm-none-eabi/bin/../lib/gcc/arm-none-eabi/14.3.1/../../../../arm-none-eabi/lib/thumb/v6-m/nofp/libc_nano.a(libc_a-mlock.o)
                                                  /home/achraf/Desktop/Toolchain/arm-gnu-toolchain-14.3.rel1-x86_64-arm-none-eabi/bin/../lib/gcc/arm-none-eabi/14.3.1/../../../../arm-none-eabi/lib/thumb/v6-m/nofp/libc_nano.a(libc_a-mallocr.o)
                                                  /home/achraf/Desktop/Toolchain/arm-gnu-toolchain-14.3.rel1-x86_64-arm-none-eabi/bin/../lib/gcc/arm-none-eabi/14.3.1/../../../../arm-none-eabi/lib/thumb/v6-m/nofp/libc_nano.a(libc_a-freer.o)
__preinit_array_end                               /home/achraf/Desktop/Toolchain/arm-gnu-toolchain-14.3.rel1-x86_64-arm-none-eabi/bin/../lib/gcc/arm-none-eabi/14.3.1/../../../../arm-none-eabi/lib/thumb/v6-m/nofp/libc_nano.a(libc_a-init.o)
__preinit_array_start                             /home/achraf/Desktop/Toolchain/arm-gnu-toolchain-14.3.rel1-x86_64-arm-none-eabi/bin/../lib/gcc/arm-none-eabi/14.3.1/../../../../arm-none-eabi/lib/thumb/v6-m/nofp/libc_nano.a(libc_a-init.o)
__register_frame_info                             /home/achraf/Desktop/Toolchain/arm-gnu-toolchain-14.3.rel1-x86_64-arm-none-eabi/bin/../lib/gcc/arm-none-eabi/14.3.1/thumb/v6-m/nofp/crtbegin.o
__retarget_lock_acquire                           /home/achraf/Desktop/Toolchain/arm-gnu-toolchain-14.3.rel1-x86_64-arm-none-eabi/bin/../lib/gcc/arm-none-eabi/14.3.1/../../../../arm-none-eabi/lib/thumb/v6-m/nofp/libc_nano.a(libc_a-lock.o)
__retarget_lock_acquire_recursive                 /home/achraf/Desktop/Toolchain/arm-gnu-toolchain-14.3.rel1-x86_64-arm-none-eabi/bin/../lib/gcc/arm-none-eabi/14.3.1/../../../../arm-none-eabi/lib/thumb/v6-m/nofp/libc_nano.a(libc_a-lock.o)
                                                  /home/achraf/Desktop/Toolchain/arm-gnu-toolchain-14.3.rel1-x86_64-arm-none-eabi/bin/../lib/gcc/arm-none-eabi/14.3.1/../../../../arm-none-eabi/lib/thumb/v6-m/nofp/libc_nano.a(libc_a-fflush.o)
                                                  /home/achraf/Desktop/Toolchain/arm-gnu-toolchain-14.3.rel1-x86_64-arm-none-eabi/bin/../lib/gcc/arm-none-eabi/14.3.1/../../../../arm-none-eabi/lib/thumb/v6-m/nofp/libc_nano.a(libc_a-mlock.o)
                                                  /home/achraf/Desktop/Toolchain/arm-gnu-toolchain-14.3.rel1-x86_64-arm-none-eabi/bin/../lib/gcc/arm-none-eabi/14.3.1/../../../../arm-none-eabi/lib/thumb/v6-m/nofp/libc_nano.a(libc_a-findfp.o)
__retarget_lock_close                             /home/achraf/Desktop/Toolchain/arm-gnu-toolchain-14.3.rel1-x86_64-arm-none-eabi/bin/../lib/gcc/arm-none-eabi/14.3.1/../../../../arm-none-eabi/lib/thumb/v6-m/nofp/libc_nano.a(libc_a-lock.o)
__retarget_lock_close_recursive                   /home/achraf/Desktop/Toolchain/arm-gnu-toolchain-14.3.rel1-x86_64-arm-none-eabi/bin/../lib/gcc/arm-none-eabi/14.3.1/../../../../arm-none-eabi/lib/thumb/v6-m/nofp/libc_nano.a(libc_a-lock.o)
__retarget_lock_init                              /home/achraf/Desktop/Toolchain/arm-gnu-toolchain-14.3.rel1-x86_64-arm-none-eabi/bin/../lib/gcc/arm-none-eabi/14.3.1/../../../../arm-none-eabi/lib/thumb/v6-m/nofp/libc_nano.a(libc_a-lock.o)
__retarget_lock_init_recursive                    /home/achraf/Desktop/Toolchain/arm-gnu-toolchain-14.3.rel1-x86_64-arm-none-eabi/bin/../lib/gcc/arm-none-eabi/14.3.1/../../../../arm-none-eabi/lib/thumb/v6-m/nofp/libc_nano.a(libc_a-lock.o)
                                                  /home/achraf/Desktop/Toolchain/arm-gnu-toolchain-14.3.rel1-x86_64-arm-none-eabi/bin/../lib/gcc/arm-none-eabi/14.3.1/../../../../arm-none-eabi/lib/thumb/v6-m/nofp/libc_nano.a(libc_a-findfp.o)
__retarget_lock_release                           /home/achraf/Desktop/Toolchain/arm-gnu-toolchain-14.3.rel1-x86_64-arm-none-eabi/bin/../lib/gcc/arm-none-eabi/14.3.1/../../../../arm-none-eabi/lib/thumb/v6-m/nofp/libc_nano.a(libc_a-lock.o)
__retarget_lock_release_recursive                 /home/achraf/Desktop/Toolchain/arm-gnu-toolchain-14.3.rel1-x86_64-arm-none-eabi/bin/../lib/gcc/arm-none-eabi/14.3.1/../../../../arm-none-eabi/lib/thumb/v6-m/nofp/libc_nano.a(libc_a-lock.o)
                                                  /home/achraf/Desktop/Toolchain/arm-gnu-toolchain-14.3.rel1-x86_64-arm-none-eabi/bin/../lib/gcc/arm-none-eabi/14.3.1/../../../../arm-none-eabi/lib/thumb/v6-m/nofp/libc_nano.a(libc_a-fflush.o)
                                                  /home/achraf/Desktop/Toolchain/arm-gnu-toolchain-14.3.rel1-x86_64-arm-none-eabi/bin/../lib/gcc/arm-none-eabi/14.3.1/../../../../arm-none-eabi/lib/thumb/v6-m/nofp/libc_nano.a(libc_a-mlock.o)
                                                  /home/achraf/Desktop/Toolchain/arm-gnu-toolchain-14.3.rel1-x86_64-arm-none-eabi/bin/../lib/gcc/arm-none-eabi/14.3.1/../../../../arm-none-eabi/lib/thumb/v6-m/nofp/libc_nano.a(libc_a-findfp.o)
__retarget_lock_try_acquire                       /home/achraf/Desktop/Toolchain/arm-gnu-toolchain-14.3.rel1-x86_64-arm-none-eabi/bin/../lib/gcc/arm-none-eabi/14.3.1/../../../../arm-none-eabi/lib/thumb/v6-m/nofp/libc_nano.a(libc_a-lock.o)
__retarget_lock_try_acquire_recursive             /home/achraf/Desktop/Toolchain/arm-gnu-toolchain-14.3.rel1-x86_64-arm-none-eabi/bin/../lib/gcc/arm-none-eabi/14.3.1/../../../../arm-none-eabi/lib/thumb/v6-m/nofp/libc_nano.a(libc_a-lock.o)
__sclose                                          /home/achraf/Desktop/Toolchain/arm-gnu-toolchain-14.3.rel1-x86_64-arm-none-eabi/bin/../lib/gcc/arm-none-eabi/14.3.1/../../../../arm-none-eabi/lib/thumb/v6-m/nofp/libc_nano.a(libc_a-stdio.o)
                                                  /home/achraf/Desktop/Toolchain/arm-gnu-toolchain-14.3.rel1-x86_64-arm-none-eabi/bin/../lib/gcc/arm-none-eabi/14.3.1/../../../../arm-none-eabi/lib/thumb/v6-m/nofp/libc_nano.a(libc_a-findfp.o)
__seofread                                        /home/achraf/Desktop/Toolchain/arm-gnu-toolchain-14.3.rel1-x86_64-arm-none-eabi/bin/../lib/gcc/arm-none-eabi/14.3.1/../../../../arm-none-eabi/lib/thumb/v6-m/nofp/libc_nano.a(libc_a-stdio.o)