Archive member included to satisfy reference by file (symbol)

/home/achraf/Desktop/Toolchain/arm-gnu-toolchain-14.3.rel1-x86_64-arm-none-eabi/bin/../lib/gcc/arm-none-eabi/14.3.1/../../../../arm-none-eabi/lib/thumb/v6-m/nofp/libc_nano.a(libc_a-exit.o)
                              /home/achraf/Desktop/Toolchain/arm-gnu-toolchain-14.3.rel1-x86_64-arm-none-eabi/bin/../lib/gcc/arm-none-eabi/14.3.1/../../../../arm-none-eabi/lib/thumb/v6-m/nofp/crt0.o (exit)
/home/achraf/Desktop/Toolchain/arm-gnu-toolchain-14.3.rel1-x86_64-arm-none-eabi/bin/../lib/gcc/arm-none-eabi/14.3.1/../../../../arm-none-eabi/lib/thumb/v6-m/nofp/libc_nano.a(libc_a-findfp.o)
                              /home/achraf/Desktop/Toolchain/arm-gnu-toolchain-14.3.rel1-x86_64-arm-none-eabi/bin/../lib/gcc/arm-none-eabi/14.3.1/../../../../arm-none-eabi/lib/thumb/v6-m/nofp/libc_nano.a(libc_a-exit.o) (__stdio_exit_handler)
/home/achraf/Desktop/Toolchain/arm-gnu-toolchain-14.3.rel1-x86_64-arm-none-eabi/bin/../lib/gcc/arm-none-eabi/14.3.1/../../../../arm-none-eabi/lib/thumb/v6-m/nofp/libc_nano.a(libc_a-fwalk.o)
                              /home/achraf/Desktop/Toolchain/arm-gnu-toolchain-14.3.rel1-x86_64-arm-none-eabi/bin/../lib/gcc/arm-none-eabi/14.3.1/../../../../arm-none-eabi/lib/thumb/v6-m/nofp/libc_nano.a(libc_a-findfp.o) (_fwalk_sglue)
/home/achraf/Desktop/Toolchain/arm-gnu-toolchain-14.3.rel1-x86_64-arm-none-eabi/bin/../lib/gcc/arm-none-eabi/14.3.1/../../../../arm-none-eabi/lib/thumb/v6-m/nofp/libc_nano.a(libc_a-stdio.o)
                              /home/achraf/Desktop/Toolchain/arm-gnu-toolchain-14.3.rel1-x86_64-arm-none-eabi/bin/../lib/gcc/arm-none-eabi/14.3.1/../../../../arm-none-eabi/lib/thumb/v6-m/nofp/libc_nano.a(libc_a-findfp.o) (__sread)
/home/achraf/Desktop/Toolchain/arm-gnu-toolchain-14.3.rel1-x86_64-arm-none-eabi/bin/../lib/gcc/arm-none-eabi/14.3.1/../../../../arm-none-eabi/lib/thumb/v6-m/nofp/libc_nano.a(libc_a-vsnprintf.o)
                              build/logging.o (vsnprintf)
/home/achraf/Desktop/Toolchain/arm-gnu-toolchain-14.3.rel1-x86_64-arm-none-eabi/bin/../lib/gcc/arm-none-eabi/14.3.1/../../../../arm-none-eabi/lib/thumb/v6-m/nofp/libc_nano.a(libc_a-memset.o)
                              /home/achraf/Desktop/Toolchain/arm-gnu-toolchain-14.3.rel1-x86_64-arm-none-eabi/bin/../lib/gcc/arm-none-eabi/14.3.1/../../../../arm-none-eabi/lib/thumb/v6-m/nofp/crt0.o (memset)
/home/achraf/Desktop/Toolchain/arm-gnu-toolchain-14.3.rel1-x86_64-arm-none-eabi/bin/../lib/gcc/arm-none-eabi/14.3.1/../../../../arm-none-eabi/lib/thumb/v6-m/nofp/libc_nano.a(libc_a-closer.o)
                              /home/achraf/Desktop/Toolchain/arm-gnu-toolchain-14.3.rel1-x86_64-arm-none-eabi/bin/../lib/gcc/arm-none-eabi/14.3.1/../../../../arm-none-eabi/lib/thumb/v6-m/nofp/libc_nano.a(libc_a-stdio.o) (_close_r)
/home/achraf/Desktop/Toolchain/arm-gnu-toolchain-14.3.rel1-x86_64-arm-none-eabi/bin/../lib/gcc/arm-none-eabi/14.3.1/../../../../arm-none-eabi/lib/thumb/v6-m/nofp/libc_nano.a(libc_a-reent.o)
                              /home/achraf/Desktop/Toolchain/arm-gnu-toolchain-14.3.rel1-x86_64-arm-none-eabi/bin/../lib/gcc/arm-none-eabi/14.3.1/../../../../arm-none-eabi/lib/thumb/v6-m/nofp/libc_nano.a(libc_a-closer.o) (errno)
/home/achraf/Desktop/Toolchain/arm-gnu-toolchain-14.3.rel1-x86_64-arm-none-eabi/bin/../lib/gcc/arm-none-eabi/14.3.1/../../../../arm-none-eabi/lib/thumb/v6-m/nofp/libc_nano.a(libc_a-impure.o)
                              /home/achraf/Desktop/Toolchain/arm-gnu-toolchain-14.3.rel1-x86_64-arm-none-eabi/bin/../lib/gcc/arm-none-eabi/14.3.1/../../../../arm-none-eabi/lib/thumb/v6-m/nofp/libc_nano.a(libc_a-vsnprintf.o) (_impure_ptr)
/home/achraf/Desktop/Toolchain/arm-gnu-toolchain-14.3.rel1-x86_64-arm-none-eabi/bin/../lib/gcc/arm-none-eabi/14.3.1/../../../../arm-none-eabi/lib/thumb/v6-m/nofp/libc_nano.a(libc_a-lseekr.o)
                              /home/achraf/Desktop/Toolchain/arm-gnu-toolchain-14.3.rel1-x86_64-arm-none-eabi/bin/../lib/gcc/arm-none-eabi/14.3.1/../../../../arm-none-eabi/lib/thumb/v6-m/nofp/libc_nano.a(libc_a-stdio.o) (_lseek_r)
/home/achraf/Desktop/Toolchain/arm-gnu-toolchain-14.3.rel1-x86_64-arm-none-eabi/bin/../lib/gcc/arm-none-eabi/14.3.1/../../../../arm-none-eabi/lib/thumb/v6-m/nofp/libc_nano.a(libc_a-readr.o)
                              /home/achraf/Desktop/Toolchain/arm-gnu-toolchain-14.3.rel1-x86_64-arm-none-eabi/bin/../lib/gcc/arm-none-eabi/14.3.1/../../../../arm-none-eabi/lib/thumb/v6-m/nofp/libc_nano.a(libc_a-stdio.o) (_read_r)
/home/achraf/Desktop/Toolchain/arm-gnu-toolchain-14.3.rel1-x86_64-arm-none-eabi/bin/../lib/gcc/arm-none-eabi/14.3.1/../../../../arm-none-eabi/lib/thumb/v6-m/nofp/libc_nano.a(libc_a-writer.o)
                              /home/achraf/Desktop/Toolchain/arm-gnu-toolchain-14.3.rel1-x86_64-arm-none-eabi/bin/../lib/gcc/arm-none-eabi/14.3.1/../../../../arm-none-eabi/lib/thumb/v6-m/nofp/libc_nano.a(libc_a-stdio.o) (_write_r)
[...]
Memory Configuration

Name             Origin             Length             Attributes
RAM              0x20000000         0x00009000         xrw
FLASH            0x08000000         0x00020000         xr
*default*        0x00000000         0xffffffff

Linker script and memory map

LOAD /home/achraf/Desktop/Toolchain/arm-gnu-toolchain-14.3.rel1-x86_64-arm-none-eabi/bin/../lib/gcc/arm-none-eabi/14.3.1/thumb/v6-m/nofp/crti.o
LOAD /home/achraf/Desktop/Toolchain/arm-gnu-toolchain-14.3.rel1-x86_64-arm-none-eabi/bin/../lib/gcc/arm-none-eabi/14.3.1/thumb/v6-m/nofp/crtbegin.o
LOAD /home/achraf/Desktop/Toolchain/arm-gnu-toolchain-14.3.rel1-x86_64-arm-none-eabi/bin/../lib/gcc/arm-none-eabi/14.3.1/../../../../arm-none-eabi/lib/thumb/v6-m/nofp/crt0.o
LOAD build/main.o
LOAD build/heartbeat.o
LOAD build/logging.o
LOAD build/tachometer.o
LOAD build/fan_speed_controller.o
LOAD build/stm32g0xx_it.o
LOAD build/stm32g0xx_hal_msp.o
LOAD build/stm32g0xx_hal_tim.o
LOAD build/stm32g0xx_hal_tim_ex.o
LOAD build/stm32g0xx_hal_rcc.o
LOAD build/stm32g0xx_hal_rcc_ex.o
LOAD build/stm32g0xx_ll_rcc.o
LOAD build/stm32g0xx_hal_flash.o
LOAD build/stm32g0xx_hal_flash_ex.o
LOAD build/stm32g0xx_hal_gpio.o
LOAD build/stm32g0xx_hal_dma.o
LOAD build/stm32g0xx_hal_dma_ex.o
LOAD build/stm32g0xx_hal_pwr.o
LOAD build/stm32g0xx_hal_pwr_ex.o
LOAD build/stm32g0xx_hal_cortex.o
LOAD build/stm32g0xx_hal.o
LOAD build/stm32g0xx_hal_exti.o
LOAD build/stm32g0xx_hal_uart.o
LOAD build/stm32g0xx_hal_uart_ex.o
LOAD build/system_stm32g0xx.o
LOAD build/sysmem.o
LOAD build/syscalls.o
LOAD build/startup_stm32g070xx.o
LOAD /home/achraf/Desktop/Toolchain/arm-gnu-toolchain-14.3.rel1-x86_64-arm-none-eabi/bin/../lib/gcc/arm-none-eabi/14.3.1/../../../../arm-none-eabi/lib/thumb/v6-m/nofp/libc_nano.a
LOAD /home/achraf/Desktop/Toolchain/arm-gnu-toolchain-14.3.rel1-x86_64-arm-none-eabi/bin/../lib/gcc/arm-none-eabi/14.3.1/../../../../arm-none-eabi/lib/thumb/v6-m/nofp/libm.a
LOAD /home/achraf/Desktop/Toolchain/arm-gnu-toolchain-14.3.rel1-x86_64-arm-none-eabi/bin/../lib/gcc/arm-none-eabi/14.3.1/../../../../arm-none-eabi/lib/thumb/v6-m/nofp/libnosys.a
START GROUP
LOAD /home/achraf/Desktop/Toolchain/arm-gnu-toolchain-14.3.rel1-x86_64-arm-none-eabi/bin/../lib/gcc/arm-none-eabi/14.3.1/thumb/v6-m/nofp/libgcc.a
LOAD /home/achraf/Desktop/Toolchain/arm-gnu-toolchain-14.3.rel1-x86_64-arm-none-eabi/bin/../lib/gcc/arm-none-eabi/14.3.1/../../../../arm-none-eabi/lib/thumb/v6-m/nofp/libc_nano.a
END GROUP
START GROUP
LOAD /home/achraf/Desktop/Toolchain/arm-gnu-toolchain-14.3.rel1-x86_64-arm-none-eabi/bin/../lib/gcc/arm-none-eabi/14.3.1/thumb/v6-m/nofp/libgcc.a
LOAD /home/achraf/Desktop/Toolchain/arm-gnu-toolchain-14.3.rel1-x86_64-arm-none-eabi/bin/../lib/gcc/arm-none-eabi/14.3.1/../../../../arm-none-eabi/lib/thumb/v6-m/nofp/libc_nano.a
END GROUP
LOAD /home/achraf/Desktop/Toolchain/arm-gnu-toolchain-14.3.rel1-x86_64-arm-none-eabi/bin/../lib/gcc/arm-none-eabi/14.3.1/thumb/v6-m/nofp/crtend.o
LOAD /home/achraf/Desktop/Toolchain/arm-gnu-toolchain-14.3.rel1-x86_64-arm-none-eabi/bin/../lib/gcc/arm-none-eabi/14.3.1/thumb/v6-m/nofp/crtn.o
                0x20009000                        _estack = (ORIGIN (RAM) + LENGTH (RAM))
                0x00000200                        _Min_Heap_Size = 0x200
                0x00000400                        _Min_Stack_Size = 0x400

.isr_vector     0x08000000       0xb8
                0x08000000                        . = ALIGN (0x4)
 *(.isr_vector)
 .isr_vector    0x08000000       0xb8 build/startup_stm32g070xx.o
                0x08000000                g_pfnVectors
                0x080000b8                        . = ALIGN (0x4)

.text           0x080000b8     0x3504
                0x080000b8                        . = ALIGN (0x4)
 *(.text)
 .text          0x080000b8        0xe /home/achraf/Desktop/Toolchain/arm-gnu-toolchain-14.3.rel1-x86_64-arm-none-eabi/bin/../lib/gcc/arm-none-eabi/14.3.1/../../../../arm-none-eabi/lib/thumb/v6-m/nofp/libc_nano.a(libc_a-strlen.o)
                0x080000b8                strlen
 *fill*         0x080000c6        0x2 
 .text          0x080000c8       0x14 /home/achraf/Desktop/Toolchain/arm-gnu-toolchain-14.3.rel1-x86_64-arm-none-eabi/bin/../lib/gcc/arm-none-eabi/14.3.1/thumb/v6-m/nofp/libgcc.a(_thumb1_case_shi.o)
                0x080000c8                __gnu_thumb1_case_shi
 .text          0x080000dc      0x114 /home/achraf/Desktop/Toolchain/arm-gnu-toolchain-14.3.rel1-x86_64-arm-none-eabi/bin/../lib/gcc/arm-none-eabi/14.3.1/thumb/v6-m/nofp/libgcc.a(_udivsi3.o)
                0x080000dc                __udivsi3
                0x080000dc                __aeabi_uidiv
                0x080001e8                __aeabi_uidivmod
 .text          0x080001f0      0x1d4 /home/achraf/Desktop/Toolchain/arm-gnu-toolchain-14.3.rel1-x86_64-arm-none-eabi/bin/../lib/gcc/arm-none-eabi/14.3.1/thumb/v6-m/nofp/libgcc.a(_divsi3.o)
                0x080001f0                __aeabi_idiv
                0x080001f0                __divsi3
                0x080003bc                __aeabi_idivmod
 .text          0x080003c4        0x4 /home/achraf/Desktop/Toolchain/arm-gnu-toolchain-14.3.rel1-x86_64-arm-none-eabi/bin/../lib/gcc/arm-none-eabi/14.3.1/thumb/v6-m/nofp/libgcc.a(_dvmd_tls.o)
                0x080003c4                __aeabi_ldiv0
                0x080003c4                __aeabi_idiv0
 *(.text*)
 .text.deregister_tm_clones
                0x080003c8       0x20 /home/achraf/Desktop/Toolchain/arm-gnu-toolchain-14.3.rel1-x86_64-arm-none-eabi/bin/../lib/gcc/arm-none-eabi/14.3.1/thumb/v6-m/nofp/crtbegin.o
 .text.register_tm_clones
                0x080003e8       0x28 /home/achraf/Desktop/Toolchain/arm-gnu-toolchain-14.3.rel1-x86_64-arm-none-eabi/bin/../lib/gcc/arm-none-eabi/14.3.1/thumb/v6-m/nofp/crtbegin.o
 .text.__do_global_dtors_aux
                0x08000410       0x2c /home/achraf/Desktop/Toolchain/arm-gnu-toolchain-14.3.rel1-x86_64-arm-none-eabi/bin/../lib/gcc/arm-none-eabi/14.3.1/thumb/v6-m/nofp/crtbegin.o
 .text.frame_dummy
                0x0800043c       0x24 /home/achraf/Desktop/Toolchain/arm-gnu-toolchain-14.3.rel1-x86_64-arm-none-eabi/bin/../lib/gcc/arm-none-eabi/14.3.1/thumb/v6-m/nofp/crtbegin.o
 .text.MX_GPIO_Init
                0x08000460       0x80 build/main.o
 .text.Error_Handler
                0x080004e0        0x4 build/main.o
                0x080004e0                Error_Handler
 .text.MX_TIM3_Init
                0x080004e4       0x80 build/main.o
 .text.MX_USART1_UART_Init
                0x08000564       0x68 build/main.o
 .text.MX_TIM1_Init
                0x080005cc       0xcc build/main.o
 .text.SystemClock_Config
                0x08000698       0x78 build/main.o
                0x08000698                SystemClock_Config
 .text.main     0x08000710       0xa4 build/main.o
                0x08000710                main
 .text.heartbeat_set_period
                0x080007b4        0x4 build/heartbeat.o
                0x080007b4                heartbeat_set_period
 .text.heartbeat_initialize
                0x080007b8        0x8 build/heartbeat.o
                0x080007b8                heartbeat_initialize
 .text.heartbeat_on
                0x080007c0       0x14 build/heartbeat.o
                0x080007c0                heartbeat_on
 .text.heartbeat_toggle
                0x080007d4       0x24 build/heartbeat.o
                0x080007d4                heartbeat_toggle
 .text._logging_send_fmt_output
                0x080007f8       0x2c build/logging.o
 .text.logging_subsystem_init
                0x08000824       0x10 build/logging.o
                0x08000824                logging_subsystem_init
 .text.logging_set_message_frequency
                0x08000834        0xc build/logging.o
                0x08000834                logging_set_message_frequency
 .text.logging_send_periodic_msg
                0x08000840       0x34 build/logging.o
                0x08000840                logging_send_periodic_msg
 .text.HAL_TIM_IC_CaptureCallback
                0x08000874       0x34 build/tachometer.o
                0x08000874                HAL_TIM_IC_CaptureCallback
 .text.tachometer_init
                0x080008a8       0x18 build/tachometer.o
                0x080008a8                tachometer_init
 .text.tachometer_update_rpm
                0x080008c0       0x34 build/tachometer.o
                0x080008c0                tachometer_update_rpm
 .text.fan_speed_controller_init
                0x080008f4       0x1c build/fan_speed_controller.o
                0x080008f4                fan_speed_controller_init
 .text.fan_set_rpm_percent
                0x08000910       0x24 build/fan_speed_controller.o
                0x08000910                fan_set_rpm_percent
 .text.NMI_Handler
                0x08000934        0x2 build/stm32g0xx_it.o
                0x08000934                NMI_Handler
 .text.HardFault_Handler
                0x08000936        0x2 build/stm32g0xx_it.o
                0x08000936                HardFault_Handler
 .text.SVC_Handler
                0x08000938        0x2 build/stm32g0xx_it.o
                0x08000938                SVC_Handler
 .text.PendSV_Handler
                0x0800093a        0x2 build/stm32g0xx_it.o
                0x0800093a                PendSV_Handler
 .text.SysTick_Handler
                0x0800093c        0x8 build/stm32g0xx_it.o
                0x0800093c                SysTick_Handler
 .text.TIM3_IRQHandler
                0x08000944       0x10 build/stm32g0xx_it.o
                0x08000944                TIM3_IRQHandler
 .text.HAL_MspInit
                0x08000954       0x30 build/stm32g0xx_hal_msp.o
                0x08000954                HAL_MspInit
 .text.HAL_TIM_PWM_MspInit
                0x08000984       0x2c build/stm32g0xx_hal_msp.o
                0x08000984                HAL_TIM_PWM_MspInit
 .text.HAL_TIM_IC_MspInit
                0x080009b0       0x70 build/stm32g0xx_hal_msp.o
                0x080009b0                HAL_TIM_IC_MspInit
 .text.HAL_TIM_MspPostInit
                0x08000a20       0x50 build/stm32g0xx_hal_msp.o
                0x08000a20                HAL_TIM_MspPostInit
 .text.HAL_UART_MspInit
                0x08000a70       0x88 build/stm32g0xx_hal_msp.o
                0x08000a70                HAL_UART_MspInit
 .text.TIM_OC1_SetConfig
                0x08000af8       0x90 build/stm32g0xx_hal_tim.o
 .text.TIM_OC3_SetConfig
                0x08000b88       0x90 build/stm32g0xx_hal_tim.o
 .text.TIM_OC4_SetConfig
                0x08000c18       0x74 build/stm32g0xx_hal_tim.o
 .text.TIM_OC5_SetConfig
                0x08000c8c       0x6c build/stm32g0xx_hal_tim.o
 .text.TIM_OC6_SetConfig
                0x08000cf8       0x74 build/stm32g0xx_hal_tim.o
 .text.TIM_TI2_SetConfig
                0x08000d6c       0x38 build/stm32g0xx_hal_tim.o
 .text.TIM_TI3_SetConfig
                0x08000da4       0x40 build/stm32g0xx_hal_tim.o
 .text.TIM_TI4_SetConfig
                0x08000de4       0x44 build/stm32g0xx_hal_tim.o
 .text.HAL_TIM_Base_Start
                0x08000e28       0x68 build/stm32g0xx_hal_tim.o
                0x08000e28                HAL_TIM_Base_Start
 .text.HAL_TIM_ReadCapturedValue
                0x08000e90       0x32 build/stm32g0xx_hal_tim.o
                0x08000e90                HAL_TIM_ReadCapturedValue
 .text.HAL_TIM_PeriodElapsedCallback
                0x08000ec2        0x2 build/stm32g0xx_hal_tim.o
                0x08000ec2                HAL_TIM_PeriodElapsedCallback
 .text.HAL_TIM_OC_DelayElapsedCallback
                0x08000ec4        0x2 build/stm32g0xx_hal_tim.o
                0x08000ec4                HAL_TIM_OC_DelayElapsedCallback
 .text.HAL_TIM_PWM_PulseFinishedCallback
                0x08000ec6        0x2 build/stm32g0xx_hal_tim.o
                0x08000ec6                HAL_TIM_PWM_PulseFinishedCallback
 .text.HAL_TIM_TriggerCallback
                0x08000ec8        0x2 build/stm32g0xx_hal_tim.o
                0x08000ec8                HAL_TIM_TriggerCallback
 *fill*         0x08000eca        0x2 
 .text.HAL_TIM_IRQHandler
                0x08000ecc      0x160 build/stm32g0xx_hal_tim.o
                0x08000ecc                HAL_TIM_IRQHandler
 .text.TIM_Base_SetConfig
                0x0800102c       0xa0 build/stm32g0xx_hal_tim.o
                0x0800102c                TIM_Base_SetConfig
 .text.HAL_TIM_PWM_Init
                0x080010cc       0x60 build/stm32g0xx_hal_tim.o
                0x080010cc                HAL_TIM_PWM_Init
 .text.HAL_TIM_IC_Init
                0x0800112c       0x60 build/stm32g0xx_hal_tim.o
                0x0800112c                HAL_TIM_IC_Init
 .text.TIM_OC2_SetConfig
                0x0800118c       0x84 build/stm32g0xx_hal_tim.o
                0x0800118c                TIM_OC2_SetConfig
 .text.HAL_TIM_PWM_ConfigChannel
                0x08001210      0x144 build/stm32g0xx_hal_tim.o
                0x08001210                HAL_TIM_PWM_ConfigChannel
 .text.TIM_TI1_SetConfig
                0x08001354       0x54 build/stm32g0xx_hal_tim.o
                0x08001354                TIM_TI1_SetConfig
 .text.HAL_TIM_IC_ConfigChannel
                0x080013a8       0xcc build/stm32g0xx_hal_tim.o
                0x080013a8                HAL_TIM_IC_ConfigChannel
 .text.TIM_CCxChannelCmd
                0x08001474       0x1a build/stm32g0xx_hal_tim.o
                0x08001474                TIM_CCxChannelCmd
 *fill*         0x0800148e        0x2 
 .text.HAL_TIM_PWM_Start
                0x08001490      0x134 build/stm32g0xx_hal_tim.o
                0x08001490                HAL_TIM_PWM_Start
 .text.HAL_TIM_IC_Start_IT
                0x080015c4      0x170 build/stm32g0xx_hal_tim.o
                0x080015c4                HAL_TIM_IC_Start_IT
 .text.HAL_TIMEx_MasterConfigSynchronization
                0x08001734       0x78 build/stm32g0xx_hal_tim_ex.o
                0x08001734                HAL_TIMEx_MasterConfigSynchronization
 .text.HAL_TIMEx_ConfigBreakDeadTime
                0x080017ac       0xc4 build/stm32g0xx_hal_tim_ex.o
                0x080017ac                HAL_TIMEx_ConfigBreakDeadTime
 .text.HAL_TIMEx_CommutCallback
                0x08001870        0x2 build/stm32g0xx_hal_tim_ex.o
                0x08001870                HAL_TIMEx_CommutCallback
 .text.HAL_TIMEx_BreakCallback
                0x08001872        0x2 build/stm32g0xx_hal_tim_ex.o
                0x08001872                HAL_TIMEx_BreakCallback
 .text.HAL_TIMEx_Break2Callback
                0x08001874        0x2 build/stm32g0xx_hal_tim_ex.o
                0x08001874                HAL_TIMEx_Break2Callback
 *fill*         0x08001876        0x2 
 .text.HAL_RCC_OscConfig
                0x08001878      0x4a4 build/stm32g0xx_hal_rcc.o
                0x08001878                HAL_RCC_OscConfig
 .text.HAL_RCC_GetSysClockFreq
                0x08001d1c       0xb4 build/stm32g0xx_hal_rcc.o
                0x08001d1c                HAL_RCC_GetSysClockFreq
 .text.HAL_RCC_ClockConfig
                0x08001dd0      0x18c build/stm32g0xx_hal_rcc.o
                0x08001dd0                HAL_RCC_ClockConfig
 .text.HAL_RCC_GetHCLKFreq
                0x08001f5c        0xc build/stm32g0xx_hal_rcc.o
                0x08001f5c                HAL_RCC_GetHCLKFreq
 .text.HAL_RCC_GetPCLK1Freq
                0x08001f68       0x28 build/stm32g0xx_hal_rcc.o
                0x08001f68                HAL_RCC_GetPCLK1Freq
 .text.HAL_RCCEx_PeriphCLKConfig
                0x08001f90      0x190 build/stm32g0xx_hal_rcc_ex.o
                0x08001f90                HAL_RCCEx_PeriphCLKConfig
 .text.HAL_GPIO_Init
                0x08002120      0x174 build/stm32g0xx_hal_gpio.o
                0x08002120                HAL_GPIO_Init
 .text.HAL_GPIO_WritePin
                0x08002294        0xc build/stm32g0xx_hal_gpio.o
                0x08002294                HAL_GPIO_WritePin
 .text.HAL_GPIO_TogglePin
                0x080022a0       0x10 build/stm32g0xx_hal_gpio.o
                0x080022a0                HAL_GPIO_TogglePin
 .text.HAL_PWREx_ControlVoltageScaling
                0x080022b0       0x54 build/stm32g0xx_hal_pwr_ex.o
                0x080022b0                HAL_PWREx_ControlVoltageScaling
 .text.__NVIC_SetPriority
                0x08002304       0x60 build/stm32g0xx_hal_cortex.o
 .text.SysTick_Config
                0x08002364       0x38 build/stm32g0xx_hal_cortex.o
 .text.HAL_NVIC_SetPriority
                0x0800239c        0x8 build/stm32g0xx_hal_cortex.o
                0x0800239c                HAL_NVIC_SetPriority
 .text.HAL_NVIC_EnableIRQ
                0x080023a4       0x18 build/stm32g0xx_hal_cortex.o
                0x080023a4                HAL_NVIC_EnableIRQ
 .text.HAL_SYSTICK_Config
                0x080023bc        0x8 build/stm32g0xx_hal_cortex.o
                0x080023bc                HAL_SYSTICK_Config
 .text.HAL_InitTick
                0x080023c4       0x58 build/stm32g0xx_hal.o
                0x080023c4                HAL_InitTick
 .text.HAL_Init
                0x0800241c       0x28 build/stm32g0xx_hal.o
                0x0800241c                HAL_Init
 .text.HAL_IncTick
                0x08002444       0x18 build/stm32g0xx_hal.o
                0x08002444                HAL_IncTick
 .text.HAL_GetTick
                0x0800245c        0xc build/stm32g0xx_hal.o
                0x0800245c                HAL_GetTick
 .text.UART_EndRxTransfer
                0x08002468       0x64 build/stm32g0xx_hal_uart.o
 .text.UART_SetConfig
                0x080024cc      0x1ec build/stm32g0xx_hal_uart.o
                0x080024cc                UART_SetConfig
 .text.UART_AdvFeatureConfig
                0x080026b8       0xe0 build/stm32g0xx_hal_uart.o
                0x080026b8                UART_AdvFeatureConfig
 .text.UART_WaitOnFlagUntilTimeout
                0x08002798       0x9e build/stm32g0xx_hal_uart.o
                0x08002798                UART_WaitOnFlagUntilTimeout
 .text.HAL_UART_Transmit
                0x08002836       0xfa build/stm32g0xx_hal_uart.o
                0x08002836                HAL_UART_Transmit
 .text.UART_CheckIdleState
                0x08002930       0xd4 build/stm32g0xx_hal_uart.o
                0x08002930                UART_CheckIdleState
 .text.HAL_UART_Init
                0x08002a04       0x70 build/stm32g0xx_hal_uart.o
                0x08002a04                HAL_UART_Init
 .text.UARTEx_SetNbDataToProcess
                0x08002a74       0x50 build/stm32g0xx_hal_uart_ex.o
 .text.HAL_UARTEx_DisableFifoMode
                0x08002ac4       0x40 build/stm32g0xx_hal_uart_ex.o
                0x08002ac4                HAL_UARTEx_DisableFifoMode
 .text.HAL_UARTEx_SetTxFifoThreshold
                0x08002b04       0x4a build/stm32g0xx_hal_uart_ex.o
                0x08002b04                HAL_UARTEx_SetTxFifoThreshold
 *fill*         0x08002b4e        0x2 
 .text.HAL_UARTEx_SetRxFifoThreshold
                0x08002b50       0x50 build/stm32g0xx_hal_uart_ex.o
                0x08002b50                HAL_UARTEx_SetRxFifoThreshold
 .text.SystemInit
                0x08002ba0        0x2 build/system_stm32g0xx.o
                0x08002ba0                SystemInit
 *fill*         0x08002ba2        0x2 
 .text._sbrk    0x08002ba4       0x48 build/sysmem.o
                0x08002ba4                _sbrk
 .text.Reset_Handler
                0x08002bec       0x50 build/startup_stm32g070xx.o
                0x08002bec                Reset_Handler
 .text.Default_Handler
                0x08002c3c        0x2 build/startup_stm32g070xx.o
                0x08002c3c                TIM1_CC_IRQHandler
                0x08002c3c                TIM6_IRQHandler
                0x08002c3c                I2C1_IRQHandler
                0x08002c3c                RTC_TAMP_IRQHandler
                0x08002c3c                SPI1_IRQHandler
                0x08002c3c                USART3_4_IRQHandler
                0x08002c3c                EXTI2_3_IRQHandler
                0x08002c3c                ADC1_IRQHandler
                0x08002c3c                I2C2_IRQHandler
                0x08002c3c                TIM17_IRQHandler
                0x08002c3c                TIM16_IRQHandler
                0x08002c3c                EXTI4_15_IRQHandler
                0x08002c3c                RCC_IRQHandler
                0x08002c3c                DMA1_Channel1_IRQHandler
                0x08002c3c                Default_Handler
                0x08002c3c                TIM14_IRQHandler
                0x08002c3c                TIM7_IRQHandler
                0x08002c3c                TIM15_IRQHandler
                0x08002c3c                EXTI0_1_IRQHandler
                0x08002c3c                SPI2_IRQHandler
                0x08002c3c                WWDG_IRQHandler
                0x08002c3c                DMA1_Ch4_7_DMAMUX1_OVR_IRQHandler
                0x08002c3c                DMA1_Channel2_3_IRQHandler
                0x08002c3c                USART2_IRQHandler
                0x08002c3c                FLASH_IRQHandler
                0x08002c3c                USART1_IRQHandler
                0x08002c3c                TIM1_BRK_UP_TRG_COM_IRQHandler
 .text._vsnprintf_r
                0x08002c3e       0x58 /home/achraf/Desktop/Toolchain/arm-gnu-toolchain-14.3.rel1-x86_64-arm-none-eabi/bin/../lib/gcc/arm-none-eabi/14.3.1/../../../../arm-none-eabi/lib/thumb/v6-m/nofp/libc_nano.a(libc_a-vsnprintf.o)
                0x08002c3e                _vsnprintf_r
                0x08002c3e                _vsniprintf_r
 *fill*         0x08002c96        0x2 
 .text.vsnprintf
                0x08002c98       0x18 /home/achraf/Desktop/Toolchain/arm-gnu-toolchain-14.3.rel1-x86_64-arm-none-eabi/bin/../lib/gcc/arm-none-eabi/14.3.1/../../../../arm-none-eabi/lib/thumb/v6-m/nofp/libc_nano.a(libc_a-vsnprintf.o)
                0x08002c98                vsnprintf
                0x08002c98                vsniprintf
 .text.memset   0x08002cb0       0x10 /home/achraf/Desktop/Toolchain/arm-gnu-toolchain-14.3.rel1-x86_64-arm-none-eabi/bin/../lib/gcc/arm-none-eabi/14.3.1/../../../../arm-none-eabi/lib/thumb/v6-m/nofp/libc_nano.a(libc_a-memset.o)
                0x08002cb0                memset
 .text.__errno  0x08002cc0        0xc /home/achraf/Desktop/Toolchain/arm-gnu-toolchain-14.3.rel1-x86_64-arm-none-eabi/bin/../lib/gcc/arm-none-eabi/14.3.1/../../../../arm-none-eabi/lib/thumb/v6-m/nofp/libc_nano.a(libc_a-errno.o)
                0x08002cc0                __errno
 .text.__libc_init_array
                0x08002ccc       0x48 /home/achraf/Desktop/Toolchain/arm-gnu-toolchain-14.3.rel1-x86_64-arm-none-eabi/bin/../lib/gcc/arm-none-eabi/14.3.1/../../../../arm-none-eabi/lib/thumb/v6-m/nofp/libc_nano.a(libc_a-init.o)
                0x08002ccc                __libc_init_array
 .text.__retarget_lock_acquire_recursive
                0x08002d14        0x2 /home/achraf/Desktop/Toolchain/arm-gnu-toolchain-14.3.rel1-x86_64-arm-none-eabi/bin/../lib/gcc/arm-none-eabi/14.3.1/../../../../arm-none-eabi/lib/thumb/v6-m/nofp/libc_nano.a(libc_a-lock.o)
                0x08002d14                __retarget_lock_acquire_recursive
 .text.__retarget_lock_release_recursive
                0x08002d16        0x2 /home/achraf/Desktop/Toolchain/arm-gnu-toolchain-14.3.rel1-x86_64-arm-none-eabi/bin/../lib/gcc/arm-none-eabi/14.3.1/../../../../arm-none-eabi/lib/thumb/v6-m/nofp/libc_nano.a(libc_a-lock.o)
                0x08002d16                __retarget_lock_release_recursive
 .text._free_r  0x08002d18       0x94 /home/achraf/Desktop/Toolchain/arm-gnu-toolchain-14.3.rel1-x86_64-arm-none-eabi/bin/../lib/gcc/arm-none-eabi/14.3.1/../../../../arm-none-eabi/lib/thumb/v6-m/nofp/libc_nano.a(libc_a-freer.o)
                0x08002d18                _free_r
 .text.sbrk_aligned
                0x08002dac       0x44 /home/achraf/Desktop/Toolchain/arm-gnu-toolchain-14.3.rel1-x86_64-arm-none-eabi/bin/../lib/gcc/arm-none-eabi/14.3.1/../../../../arm-none-eabi/lib/thumb/v6-m/nofp/libc_nano.a(libc_a-mallocr.o)
 .text._malloc_r
                0x08002df0      0x100 /home/achraf/Desktop/Toolchain/arm-gnu-toolchain-14.3.rel1-x86_64-arm-none-eabi/bin/../lib/gcc/arm-none-eabi/14.3.1/../../../../arm-none-eabi/lib/thumb/v6-m/nofp/libc_nano.a(libc_a-mallocr.o)
                0x08002df0                _malloc_r
 .text.__malloc_lock
                0x08002ef0       0x10 /home/achraf/Desktop/Toolchain/arm-gnu-toolchain-14.3.rel1-x86_64-arm-none-eabi/bin/../lib/gcc/arm-none-eabi/14.3.1/../../../../arm-none-eabi/lib/thumb/v6-m/nofp/libc_nano.a(libc_a-mlock.o)
                0x08002ef0                __malloc_lock
 .text.__malloc_unlock
                0x08002f00       0x10 /home/achraf/Desktop/Toolchain/arm-gnu-toolchain-14.3.rel1-x86_64-arm-none-eabi/bin/../lib/gcc/arm-none-eabi/14.3.1/../../../../arm-none-eabi/lib/thumb/v6-m/nofp/libc_nano.a(libc_a-mlock.o)
                0x08002f00                __malloc_unlock
 .text.__ssputs_r
                0x08002f10       0xc8 /home/achraf/Desktop/Toolchain/arm-gnu-toolchain-14.3.rel1-x86_64-arm-none-eabi/bin/../lib/gcc/arm-none-eabi/14.3.1/../../../../arm-none-eabi/lib/thumb/v6-m/nofp/libc_nano.a(libc_a-nano-svfprintf.o)
                0x08002f10                __ssputs_r
 .text._svfprintf_r
                0x08002fd8      0x1f4 /home/achraf/Desktop/Toolchain/arm-gnu-toolchain-14.3.rel1-x86_64-arm-none-eabi/bin/../lib/gcc/arm-none-eabi/14.3.1/../../../../arm-none-eabi/lib/thumb/v6-m/nofp/libc_nano.a(libc_a-nano-svfprintf.o)
                0x08002fd8                _svfprintf_r
                0x08002fd8                _svfiprintf_r
 .text._printf_common
                0x080031cc       0xde /home/achraf/Desktop/Toolchain/arm-gnu-toolchain-14.3.rel1-x86_64-arm-none-eabi/bin/../lib/gcc/arm-none-eabi/14.3.1/../../../../arm-none-eabi/lib/thumb/v6-m/nofp/libc_nano.a(libc_a-nano-vfprintf_i.o)
                0x080031cc                _printf_common
 *fill*         0x080032aa        0x2 
 .text._printf_i
                0x080032ac      0x218 /home/achraf/Desktop/Toolchain/arm-gnu-toolchain-14.3.rel1-x86_64-arm-none-eabi/bin/../lib/gcc/arm-none-eabi/14.3.1/../../../../arm-none-eabi/lib/thumb/v6-m/nofp/libc_nano.a(libc_a-nano-vfprintf_i.o)
                0x080032ac                _printf_i
 .text.memmove  0x080034c4       0x24 /home/achraf/Desktop/Toolchain/arm-gnu-toolchain-14.3.rel1-x86_64-arm-none-eabi/bin/../lib/gcc/arm-none-eabi/14.3.1/../../../../arm-none-eabi/lib/thumb/v6-m/nofp/libc_nano.a(libc_a-memmove.o)
                0x080034c4                memmove
 .text._sbrk_r  0x080034e8       0x24 /home/achraf/Desktop/Toolchain/arm-gnu-toolchain-14.3.rel1-x86_64-arm-none-eabi/bin/../lib/gcc/arm-none-eabi/14.3.1/../../../../arm-none-eabi/lib/thumb/v6-m/nofp/libc_nano.a(libc_a-sbrkr.o)
                0x080034e8                _sbrk_r
 .text.memchr   0x0800350c       0x16 /home/achraf/Desktop/Toolchain/arm-gnu-toolchain-14.3.rel1-x86_64-arm-none-eabi/bin/../lib/gcc/arm-none-eabi/14.3.1/../../../../arm-none-eabi/lib/thumb/v6-m/nofp/libc_nano.a(libc_a-memchr-stub.o)
                0x0800350c                memchr
 .text.memcpy   0x08003522       0x12 /home/achraf/Desktop/Toolchain/arm-gnu-toolchain-14.3.rel1-x86_64-arm-none-eabi/bin/../lib/gcc/arm-none-eabi/14.3.1/../../../../arm-none-eabi/lib/thumb/v6-m/nofp/libc_nano.a(libc_a-memcpy-stub.o)
                0x08003522                memcpy
 .text._realloc_r
                0x08003534       0x60 /home/achraf/Desktop/Toolchain/arm-gnu-toolchain-14.3.rel1-x86_64-arm-none-eabi/bin/../lib/gcc/arm-none-eabi/14.3.1/../../../../arm-none-eabi/lib/thumb/v6-m/nofp/libc_nano.a(libc_a-reallocr.o)
                0x08003534                _realloc_r
 .text._malloc_usable_size_r
                0x08003594       0x10 /home/achraf/Desktop/Toolchain/arm-gnu-toolchain-14.3.rel1-x86_64-arm-none-eabi/bin/../lib/gcc/arm-none-eabi/14.3.1/../../../../arm-none-eabi/lib/thumb/v6-m/nofp/libc_nano.a(libc_a-msizer.o)
                0x08003594                _malloc_usable_size_r
 *(.glue_7)
 .glue_7        0x080035a4        0x0 linker stubs
 *(.glue_7t)
 .glue_7t       0x080035a4        0x0 linker stubs
 *(.eh_frame)
 .eh_frame      0x080035a4        0x0 /home/achraf/Desktop/Toolchain/arm-gnu-toolchain-14.3.rel1-x86_64-arm-none-eabi/bin/../lib/gcc/arm-none-eabi/14.3.1/thumb/v6-m/nofp/crtbegin.o
 *(.init)
 .init          0x080035a4        0x4 /home/achraf/Desktop/Toolchain/arm-gnu-toolchain-14.3.rel1-x86_64-arm-none-eabi/bin/../lib/gcc/arm-none-eabi/14.3.1/thumb/v6-m/nofp/crti.o
                0x080035a4                _init
 .init          0x080035a8        0x8 /home/achraf/Desktop/Toolchain/arm-gnu-toolchain-14.3.rel1-x86_64-arm-none-eabi/bin/../lib/gcc/arm-none-eabi/14.3.1/thumb/v6-m/nofp/crtn.o
 *(.fini)
 .fini          0x080035b0        0x4 /home/achraf/Desktop/Toolchain/arm-gnu-toolchain-14.3.rel1-x86_64-arm-none-eabi/bin/../lib/gcc/arm-none-eabi/14.3.1/thumb/v6-m/nofp/crti.o
                0x080035b0                _fini
 .fini          0x080035b4        0x8 /home/achraf/Desktop/Toolchain/arm-gnu-toolchain-14.3.rel1-x86_64-arm-none-eabi/bin/../lib/gcc/arm-none-eabi/14.3.1/thumb/v6-m/nofp/crtn.o
                0x080035bc                        . = ALIGN (0x4)
                0x080035bc                        _etext = .

.vfp11_veneer   0x080035bc        0x0
 .vfp11_veneer  0x080035bc        0x0 linker stubs

.v4_bx          0x080035bc        0x0
 .v4_bx         0x080035bc        0x0 linker stubs

.iplt           0x080035bc        0x0
 .iplt          0x080035bc        0x0 /home/achraf/Desktop/Toolchain/arm-gnu-toolchain-14.3.rel1-x86_64-arm-none-eabi/bin/../lib/gcc/arm-none-eabi/14.3.1/thumb/v6-m/nofp/crtbegin.o

.rodata         0x080035bc      0x230
                0x080035bc                        . = ALIGN (0x4)
 *(.rodata)
 *(.rodata*)
 .rodata.main.str1.4
                0x080035bc        0xe build/main.o
 *fill*         0x080035ca        0x2 
 .rodata.HAL_TIM_PWM_ConfigChannel
                0x080035cc       0x54 build/stm32g0xx_hal_tim.o
 .rodata.HAL_TIM_PWM_Start
                0x08003620       0x88 build/stm32g0xx_hal_tim.o
 .rodata.HAL_TIM_IC_Start_IT
                0x080036a8       0x88 build/stm32g0xx_hal_tim.o
 .rodata.UARTPrescTable
                0x08003730       0x18 build/stm32g0xx_hal_uart.o
                0x08003730                UARTPrescTable
 .rodata.denominator.0
                0x08003748        0x8 build/stm32g0xx_hal_uart_ex.o
 .rodata.numerator.1
                0x08003750        0x8 build/stm32g0xx_hal_uart_ex.o
 .rodata.APBPrescTable
                0x08003758       0x20 build/system_stm32g0xx.o
                0x08003758                APBPrescTable
 .rodata.AHBPrescTable
                0x08003778       0x40 build/system_stm32g0xx.o
                0x08003778                AHBPrescTable
 .rodata._svfprintf_r.str1.1
                0x080037b8       0x33 /home/achraf/Desktop/Toolchain/arm-gnu-toolchain-14.3.rel1-x86_64-arm-none-eabi/bin/../lib/gcc/arm-none-eabi/14.3.1/../../../../arm-none-eabi/lib/thumb/v6-m/nofp/libc_nano.a(libc_a-nano-svfprintf.o)
                                 0x11 (size before relaxing)
 .rodata._printf_i.str1.1
                0x080037eb       0x22 /home/achraf/Desktop/Toolchain/arm-gnu-toolchain-14.3.rel1-x86_64-arm-none-eabi/bin/../lib/gcc/arm-none-eabi/14.3.1/../../../../arm-none-eabi/lib/thumb/v6-m/nofp/libc_nano.a(libc_a-nano-vfprintf_i.o)
                0x08003810                        . = ALIGN (0x4)
 *fill*         0x080037eb        0x1 

.ARM.extab      0x080037ec        0x0
                0x080037ec                        . = ALIGN (0x4)
 *(.ARM.extab* .gnu.linkonce.armextab.*)
                0x080037ec                        . = ALIGN (0x4)

.ARM            0x080037ec        0x0
                0x080037ec                        . = ALIGN (0x4)
                0x080037ec                        __exidx_start = .
 *(.ARM.exidx*)
                0x080037ec                        __exidx_end = .
                0x080037ec                        . = ALIGN (0x4)

.preinit_array  0x080037ec        0x0
                0x080037ec                        . = ALIGN (0x4)
                0x080037ec                        PROVIDE (__preinit_array_start = .)
 *(.preinit_array*)
                0x080037ec                        PROVIDE (__preinit_array_end = .)
                0x080037ec                        . = ALIGN (0x4)

.init_array     0x080037ec        0x4
                0x080037ec                        . = ALIGN (0x4)
                0x080037ec                        PROVIDE (__init_array_start = .)
 *(SORT_BY_NAME(.init_array.*))
 *(.init_array*)
 .init_array    0x080037ec        0x4 /home/achraf/Desktop/Toolchain/arm-gnu-toolchain-14.3.rel1-x86_64-arm-none-eabi/bin/../lib/gcc/arm-none-eabi/14.3.1/thumb/v6-m/nofp/crtbegin.o
                0x080037f0                        PROVIDE (__init_array_end = .)
                0x080037f0                        . = ALIGN (0x4)

.fini_array     0x080037f0        0x4
                0x080037f0                        . = ALIGN (0x4)
                [!provide]                        PROVIDE (__fini_array_start = .)
 *(SORT_BY_NAME(.fini_array.*))
 *(.fini_array*)
 .fini_array    0x080037f0        0x4 /home/achraf/Desktop/Toolchain/arm-gnu-toolchain-14.3.rel1-x86_64-arm-none-eabi/bin/../lib/gcc/arm-none-eabi/14.3.1/thumb/v6-m/nofp/crtbegin.o
                [!provide]                        PROVIDE (__fini_array_end = .)
                0x080037f4                        . = ALIGN (0x4)
                0x080037f4                        _sidata = LOADADDR (.data)

.rel.dyn        0x080037f4        0x0
 .rel.iplt      0x080037f4        0x0 /home/achraf/Desktop/Toolchain/arm-gnu-toolchain-14.3.rel1-x86_64-arm-none-eabi/bin/../lib/gcc/arm-none-eabi/14.3.1/thumb/v6-m/nofp/crtbegin.o

.data           0x20000000       0x5c load address 0x080037f4
                0x20000000                        . = ALIGN (0x4)
                0x20000000                        _sdata = .
 *(.data)
 *(.data*)
 .data.uwTickFreq
                0x20000000        0x1 build/stm32g0xx_hal.o
                0x20000000                uwTickFreq
 *fill*         0x20000001        0x3 
 .data.uwTickPrio
                0x20000004        0x4 build/stm32g0xx_hal.o
                0x20000004                uwTickPrio
 .data.SystemCoreClock
                0x20000008        0x4 build/system_stm32g0xx.o
                0x20000008                SystemCoreClock
 .data._impure_ptr
                0x2000000c        0x4 /home/achraf/Desktop/Toolchain/arm-gnu-toolchain-14.3.rel1-x86_64-arm-none-eabi/bin/../lib/gcc/arm-none-eabi/14.3.1/../../../../arm-none-eabi/lib/thumb/v6-m/nofp/libc_nano.a(libc_a-impure.o)
                0x2000000c                _impure_ptr
 .data._impure_data
                0x20000010       0x4c /home/achraf/Desktop/Toolchain/arm-gnu-toolchain-14.3.rel1-x86_64-arm-none-eabi/bin/../lib/gcc/arm-none-eabi/14.3.1/../../../../arm-none-eabi/lib/thumb/v6-m/nofp/libc_nano.a(libc_a-impure.o)
                0x20000010                _impure_data
 *(.RamFunc)
 *(.RamFunc*)
                0x2000005c                        . = ALIGN (0x4)
                0x2000005c                        _edata = .

.tm_clone_table
                0x2000005c        0x0 load address 0x08003850
 .tm_clone_table
                0x2000005c        0x0 /home/achraf/Desktop/Toolchain/arm-gnu-toolchain-14.3.rel1-x86_64-arm-none-eabi/bin/../lib/gcc/arm-none-eabi/14.3.1/thumb/v6-m/nofp/crtbegin.o
 .tm_clone_table
                0x2000005c        0x0 /home/achraf/Desktop/Toolchain/arm-gnu-toolchain-14.3.rel1-x86_64-arm-none-eabi/bin/../lib/gcc/arm-none-eabi/14.3.1/thumb/v6-m/nofp/crtend.o

.igot.plt       0x2000005c        0x0 load address 0x08003850
 .igot.plt      0x2000005c        0x0 /home/achraf/Desktop/Toolchain/arm-gnu-toolchain-14.3.rel1-x86_64-arm-none-eabi/bin/../lib/gcc/arm-none-eabi/14.3.1/thumb/v6-m/nofp/crtbegin.o
                0x2000005c                        . = ALIGN (0x4)

.bss            0x2000005c      0x2d0 load address 0x08003850
                0x2000005c                        _sbss = .
                0x2000005c                        __bss_start__ = _sbss
 *(.bss)
 *(.bss*)
 .bss.completed.1
                0x2000005c        0x1 /home/achraf/Desktop/Toolchain/arm-gnu-toolchain-14.3.rel1-x86_64-arm-none-eabi/bin/../lib/gcc/arm-none-eabi/14.3.1/thumb/v6-m/nofp/crtbegin.o
 *fill*         0x2000005d        0x3 
 .bss.object.0  0x20000060       0x18 /home/achraf/Desktop/Toolchain/arm-gnu-toolchain-14.3.rel1-x86_64-arm-none-eabi/bin/../lib/gcc/arm-none-eabi/14.3.1/thumb/v6-m/nofp/crtbegin.o
 .bss.fan_controller
                0x20000078        0x8 build/main.o
 .bss.fan_tachometer
                0x20000080       0x10 build/main.o
 .bss.heartbeat_led
                0x20000090        0x8 build/main.o
 .bss.huart1    0x20000098       0x94 build/main.o
                0x20000098                huart1
 .bss.htim3     0x2000012c       0x4c build/main.o
                0x2000012c                htim3
 .bss.htim1     0x20000178       0x4c build/main.o
                0x20000178                htim1
 .bss.logging_subsystem
                0x200001c4        0xc build/logging.o
 .bss.current_period_us
                0x200001d0        0x4 build/tachometer.o
 .bss.previous_captured_value
                0x200001d4        0x4 build/tachometer.o
 .bss.captured_value
                0x200001d8        0x4 build/tachometer.o
 .bss.uwTick    0x200001dc        0x4 build/stm32g0xx_hal.o
                0x200001dc                uwTick
 .bss.__sbrk_heap_end
                0x200001e0        0x4 build/sysmem.o
 .bss.__sf      0x200001e4      0x138 /home/achraf/Desktop/Toolchain/arm-gnu-toolchain-14.3.rel1-x86_64-arm-none-eabi/bin/../lib/gcc/arm-none-eabi/14.3.1/../../../../arm-none-eabi/lib/thumb/v6-m/nofp/libc_nano.a(libc_a-findfp.o)
                0x200001e4                __sf
 .bss.errno     0x2000031c        0x4 /home/achraf/Desktop/Toolchain/arm-gnu-toolchain-14.3.rel1-x86_64-arm-none-eabi/bin/../lib/gcc/arm-none-eabi/14.3.1/../../../../arm-none-eabi/lib/thumb/v6-m/nofp/libc_nano.a(libc_a-reent.o)
                0x2000031c                errno
 .bss.__lock___malloc_recursive_mutex
                0x20000320        0x1 /home/achraf/Desktop/Toolchain/arm-gnu-toolchain-14.3.rel1-x86_64-arm-none-eabi/bin/../lib/gcc/arm-none-eabi/14.3.1/../../../../arm-none-eabi/lib/thumb/v6-m/nofp/libc_nano.a(libc_a-lock.o)
                0x20000320                __lock___malloc_recursive_mutex
 *fill*         0x20000321        0x3 
 .bss.__malloc_sbrk_start
                0x20000324        0x4 /home/achraf/Desktop/Toolchain/arm-gnu-toolchain-14.3.rel1-x86_64-arm-none-eabi/bin/../lib/gcc/arm-none-eabi/14.3.1/../../../../arm-none-eabi/lib/thumb/v6-m/nofp/libc_nano.a(libc_a-mallocr.o)
                0x20000324                __malloc_sbrk_start
 .bss.__malloc_free_list
                0x20000328        0x4 /home/achraf/Desktop/Toolchain/arm-gnu-toolchain-14.3.rel1-x86_64-arm-none-eabi/bin/../lib/gcc/arm-none-eabi/14.3.1/../../../../arm-none-eabi/lib/thumb/v6-m/nofp/libc_nano.a(libc_a-mallocr.o)
                0x20000328                __malloc_free_list
 *(COMMON)
                0x2000032c                        . = ALIGN (0x4)
                0x2000032c                        _ebss = .
                0x2000032c                        __bss_end__ = _ebss

._user_heap_stack
                0x2000032c      0x604 load address 0x08003850
                0x20000330                        . = ALIGN (0x8)
 *fill*         0x2000032c        0x4 
                [!provide]                        PROVIDE (end = .)
                0x20000330                        PROVIDE (_end = .)
                0x20000530                        . = (. + _Min_Heap_Size)
 *fill*         0x20000330      0x200 
                0x20000930                        . = (. + _Min_Stack_Size)
 *fill*         0x20000530      0x400 
                0x20000930                        . = ALIGN (0x8)

/DISCARD/
 libc.a(*)
 libm.a(*)
 libgcc.a(*)
OUTPUT(build/Software.elf elf32-littlearm)
LOAD linker stubs
LOAD /home/achraf/Desktop/Toolchain/arm-gnu-toolchain-14.3.rel1-x86_64-arm-none-eabi/bin/../lib/gcc/arm-none-eabi/14.3.1/../../../../arm-none-eabi/lib/thumb/v6-m/nofp/libc.a
LOAD /home/achraf/Desktop/Toolchain/arm-gnu-toolchain-14.3.rel1-x86_64-arm-none-eabi/bin/../lib/gcc/arm-none-eabi/14.3.1/../../../../arm-none-eabi/lib/thumb/v6-m/nofp/libm.a
LOAD /home/achraf/Desktop/Toolchain/arm-gnu-toolchain-14.3.rel1-x86_64-arm-none-eabi/bin/../lib/gcc/arm-none-eabi/14.3.1/thumb/v6-m/nofp/libgcc.a

.ARM.attributes
                0x00000000       0x28
 .ARM.attributes
                0x00000000       0x1e /home/achraf/Desktop/Toolchain/arm-gnu-toolchain-14.3.rel1-x86_64-arm-none-eabi/bin/../lib/gcc/arm-none-eabi/14.3.1/thumb/v6-m/nofp/crti.o
 .ARM.attributes
                0x0000001e       0x2c /home/achraf/Desktop/Toolchain/arm-gnu-toolchain-14.3.rel1-x86_64-arm-none-eabi/bin/../lib/gcc/arm-none-eabi/14.3.1/thumb/v6-m/nofp/crtbegin.o
 .ARM.attributes
                0x0000004a       0x2c build/main.o
 .ARM.attributes
                0x00000076       0x2c build/heartbeat.o
 .ARM.attributes
                0x000000a2       0x2c build/logging.o
 .ARM.attributes
                0x000000ce       0x2c build/tachometer.o
 .ARM.attributes
                0x000000fa       0x2c build/fan_speed_controller.o
 .ARM.attributes
                0x00000126       0x2c build/stm32g0xx_it.o
 .ARM.attributes
                0x00000152       0x2c build/stm32g0xx_hal_msp.o
 .ARM.attributes
                0x0000017e       0x2c build/stm32g0xx_hal_tim.o
 .ARM.attributes
                0x000001aa       0x2c build/stm32g0xx_hal_tim_ex.o
 .ARM.attributes
                0x000001d6       0x2c build/stm32g0xx_hal_rcc.o
 .ARM.attributes
                0x00000202       0x2c build/stm32g0xx_hal_rcc_ex.o
 .ARM.attributes
                0x0000022e       0x2c build/stm32g0xx_hal_gpio.o
 .ARM.attributes
                0x0000025a       0x2c build/stm32g0xx_hal_pwr_ex.o
 .ARM.attributes
                0x00000286       0x2c build/stm32g0xx_hal_cortex.o
 .ARM.attributes
                0x000002b2       0x2c build/stm32g0xx_hal.o
 .ARM.attributes
                0x000002de       0x2c build/stm32g0xx_hal_uart.o
 .ARM.attributes
                0x0000030a       0x2c build/stm32g0xx_hal_uart_ex.o
 .ARM.attributes
                0x00000336       0x2c build/system_stm32g0xx.o
 .ARM.attributes
                0x00000362       0x2c build/sysmem.o
 .ARM.attributes
                0x0000038e       0x22 build/startup_stm32g070xx.o
 .ARM.attributes
                0x000003b0       0x2c /home/achraf/Desktop/Toolchain/arm-gnu-toolchain-14.3.rel1-x86_64-arm-none-eabi/bin/../lib/gcc/arm-none-eabi/14.3.1/../../../../arm-none-eabi/lib/thumb/v6-m/nofp/libc_nano.a(libc_a-findfp.o)
 .ARM.attributes
                0x000003dc       0x2c /home/achraf/Desktop/Toolchain/arm-gnu-toolchain-14.3.rel1-x86_64-arm-none-eabi/bin/../lib/gcc/arm-none-eabi/14.3.1/../../../../arm-none-eabi/lib/thumb/v6-m/nofp/libc_nano.a(libc_a-vsnprintf.o)
 .ARM.attributes
                0x00000408       0x2c /home/achraf/Desktop/Toolchain/arm-gnu-toolchain-14.3.rel1-x86_64-arm-none-eabi/bin/../lib/gcc/arm-none-eabi/14.3.1/../../../../arm-none-eabi/lib/thumb/v6-m/nofp/libc_nano.a(libc_a-memset.o)
 .ARM.attributes
                0x00000434       0x2c /home/achraf/Desktop/Toolchain/arm-gnu-toolchain-14.3.rel1-x86_64-arm-none-eabi/bin/../lib/gcc/arm-none-eabi/14.3.1/../../../../arm-none-eabi/lib/thumb/v6-m/nofp/libc_nano.a(libc_a-reent.o)
 .ARM.attributes
                0x00000460       0x2c /home/achraf/Desktop/Toolchain/arm-gnu-toolchain-14.3.rel1-x86_64-arm-none-eabi/bin/../lib/gcc/arm-none-eabi/14.3.1/../../../../arm-none-eabi/lib/thumb/v6-m/nofp/libc_nano.a(libc_a-impure.o)
 .ARM.attributes
                0x0000048c       0x2c /home/achraf/Desktop/Toolchain/arm-gnu-toolchain-14.3.rel1-x86_64-arm-none-eabi/bin/../lib/gcc/arm-none-eabi/14.3.1/../../../../arm-none-eabi/lib/thumb/v6-m/nofp/libc_nano.a(libc_a-errno.o)
 .ARM.attributes
                0x000004b8       0x2c /home/achraf/Desktop/Toolchain/arm-gnu-toolchain-14.3.rel1-x86_64-arm-none-eabi/bin/../lib/gcc/arm-none-eabi/14.3.1/../../../../arm-none-eabi/lib/thumb/v6-m/nofp/libc_nano.a(libc_a-init.o)
 .ARM.attributes
                0x000004e4       0x2c /home/achraf/Desktop/Toolchain/arm-gnu-toolchain-14.3.rel1-x86_64-arm-none-eabi/bin/../lib/gcc/arm-none-eabi/14.3.1/../../../../arm-none-eabi/lib/thumb/v6-m/nofp/libc_nano.a(libc_a-lock.o)
 .ARM.attributes
                0x00000510       0x1c /home/achraf/Desktop/Toolchain/arm-gnu-toolchain-14.3.rel1-x86_64-arm-none-eabi/bin/../lib/gcc/arm-none-eabi/14.3.1/../../../../arm-none-eabi/lib/thumb/v6-m/nofp/libc_nano.a(libc_a-strlen.o)
 .ARM.attributes
                0x0000052c       0x2c /home/achraf/Desktop/Toolchain/arm-gnu-toolchain-14.3.rel1-x86_64-arm-none-eabi/bin/../lib/gcc/arm-none-eabi/14.3.1/../../../../arm-none-eabi/lib/thumb/v6-m/nofp/libc_nano.a(libc_a-freer.o)
 .ARM.attributes
                0x00000558       0x2c /home/achraf/Desktop/Toolchain/arm-gnu-toolchain-14.3.rel1-x86_64-arm-none-eabi/bin/../lib/gcc/arm-none-eabi/14.3.1/../../../../arm-none-eabi/lib/thumb/v6-m/nofp/libc_nano.a(libc_a-mallocr.o)
 .ARM.attributes
                0x00000584       0x2c /home/achraf/Desktop/Toolchain/arm-gnu-toolchain-14.3.rel1-x86_64-arm-none-eabi/bin/../lib/gcc/arm-none-eabi/14.3.1/../../../../arm-none-eabi/lib/thumb/v6-m/nofp/libc_nano.a(libc_a-mlock.o)
 .ARM.attributes
                0x000005b0       0x2c /home/achraf/Desktop/Toolchain/arm-gnu-toolchain-14.3.rel1-x86_64-arm-none-eabi/bin/../lib/gcc/arm-none-eabi/14.3.1/../../../../arm-none-eabi/lib/thumb/v6-m/nofp/libc_nano.a(libc_a-nano-svfprintf.o)
 .ARM.attributes
                0x000005dc       0x2c /home/achraf/Desktop/Toolchain/arm-gnu-toolchain-14.3.rel1-x86_64-arm-none-eabi/bin/../lib/gcc/arm-none-eabi/14.3.1/../../../../arm-none-eabi/lib/thumb/v6-m/nofp/libc_nano.a(libc_a-nano-vfprintf_i.o)
 .ARM.attributes
                0x00000608       0x2c /home/achraf/Desktop/Toolchain/arm-gnu-toolchain-14.3.rel1-x86_64-arm-none-eabi/bin/../lib/gcc/arm-none-eabi/14.3.1/../../../../arm-none-eabi/lib/thumb/v6-m/nofp/libc_nano.a(libc_a-memmove.o)
 .ARM.attributes
                0x00000634       0x2c /home/achraf/Desktop/Toolchain/arm-gnu-toolchain-14.3.rel1-x86_64-arm-none-eabi/bin/../lib/gcc/arm-none-eabi/14.3.1/../../../../arm-none-eabi/lib/thumb/v6-m/nofp/libc_nano.a(libc_a-sbrkr.o)
 .ARM.attributes
                0x00000660       0x2c /home/achraf/Desktop/Toolchain/arm-gnu-toolchain-14.3.rel1-x86_64-arm-none-eabi/bin/../lib/gcc/arm-none-eabi/14.3.1/../../../../arm-none-eabi/lib/thumb/v6-m/nofp/libc_nano.a(libc_a-memchr-stub.o)
 .ARM.attributes
                0x0000068c       0x2c /home/achraf/Desktop/Toolchain/arm-gnu-toolchain-14.3.rel1-x86_64-arm-none-eabi/bin/../lib/gcc/arm-none-eabi/14.3.1/../../../../arm-none-eabi/lib/thumb/v6-m/nofp/libc_nano.a(libc_a-memcpy-stub.o)
 .ARM.attributes
                0x000006b8       0x2c /home/achraf/Desktop/Toolchain/arm-gnu-toolchain-14.3.rel1-x86_64-arm-none-eabi/bin/../lib/gcc/arm-none-eabi/14.3.1/../../../../arm-none-eabi/lib/thumb/v6-m/nofp/libc_nano.a(libc_a-reallocr.o)
 .ARM.attributes
                0x000006e4       0x2c /home/achraf/Desktop/Toolchain/arm-gnu-toolchain-14.3.rel1-x86_64-arm-none-eabi/bin/../lib/gcc/arm-none-eabi/14.3.1/../../../../arm-none-eabi/lib/thumb/v6-m/nofp/libc_nano.a(libc_a-msizer.o)
 .ARM.attributes
                0x00000710       0x1e /home/achraf/Desktop/Toolchain/arm-gnu-toolchain-14.3.rel1-x86_64-arm-none-eabi/bin/../lib/gcc/arm-none-eabi/14.3.1/thumb/v6-m/nofp/libgcc.a(_thumb1_case_shi.o)
 .ARM.attributes
                0x0000072e       0x1e /home/achraf/Desktop/Toolchain/arm-gnu-toolchain-14.3.rel1-x86_64-arm-none-eabi/bin/../lib/gcc/arm-none-eabi/14.3.1/thumb/v6-m/nofp/libgcc.a(_udivsi3.o)
 .ARM.attributes
                0x0000074c       0x1e /home/achraf/Desktop/Toolchain/arm-gnu-toolchain-14.3.rel1-x86_64-arm-none-eabi/bin/../lib/gcc/arm-none-eabi/14.3.1/thumb/v6-m/nofp/libgcc.a(_divsi3.o)
 .ARM.attributes
                0x0000076a       0x1e /home/achraf/Desktop/Toolchain/arm-gnu-toolchain-14.3.rel1-x86_64-arm-none-eabi/bin/../lib/gcc/arm-none-eabi/14.3.1/thumb/v6-m/nofp/libgcc.a(_dvmd_tls.o)
 .ARM.attributes
                0x00000788       0x2c /home/achraf/Desktop/Toolchain/arm-gnu-toolchain-14.3.rel1-x86_64-arm-none-eabi/bin/../lib/gcc/arm-none-eabi/14.3.1/thumb/v6-m/nofp/crtend.o
 .ARM.attributes
                0x000007b4       0x1e /home/achraf/Desktop/Toolchain/arm-gnu-toolchain-14.3.rel1-x86_64-arm-none-eabi/bin/../lib/gcc/arm-none-eabi/14.3.1/thumb/v6-m/nofp/crtn.o

.comment        0x00000000       0x46
 .comment       0x00000000       0x46 build/main.o
                                 0x47 (size before relaxing)
 .comment       0x00000046       0x47 build/heartbeat.o
 .comment       0x00000046       0x47 build/logging.o
 .comment       0x00000046       0x47 build/tachometer.o
 .comment       0x00000046       0x47 build/fan_speed_controller.o
 .comment       0x00000046       0x47 build/stm32g0xx_it.o
 .comment       0x00000046       0x47 build/stm32g0xx_hal_msp.o
 .comment       0x00000046       0x47 build/stm32g0xx_hal_tim.o
 .comment       0x00000046       0x47 build/stm32g0xx_hal_tim_ex.o
 .comment       0x00000046       0x47 build/stm32g0xx_hal_rcc.o
 .comment       0x00000046       0x47 build/stm32g0xx_hal_rcc_ex.o
 .comment       0x00000046       0x47 build/stm32g0xx_hal_gpio.o
 .comment       0x00000046       0x47 build/stm32g0xx_hal_pwr_ex.o
 .comment       0x00000046       0x47 build/stm32g0xx_hal_cortex.o
 .comment       0x00000046       0x47 build/stm32g0xx_hal.o
 .comment       0x00000046       0x47 build/stm32g0xx_hal_uart.o
 .comment       0x00000046       0x47 build/stm32g0xx_hal_uart_ex.o
 .comment       0x00000046       0x47 build/system_stm32g0xx.o
 .comment       0x00000046       0x47 build/sysmem.o

.debug_info     0x00000000    0x18023
 .debug_info    0x00000000     0x1de2 build/main.o
 .debug_info    0x00001de2      0x3f8 build/heartbeat.o
 .debug_info    0x000021da      0xb4e build/logging.o
 .debug_info    0x00002d28      0xaa7 build/tachometer.o
 .debug_info    0x000037cf      0x9e4 build/fan_speed_controller.o
 .debug_info    0x000041b3      0x908 build/stm32g0xx_it.o
 .debug_info    0x00004abb     0x154e build/stm32g0xx_hal_msp.o
 .debug_info    0x00006009     0x43e0 build/stm32g0xx_hal_tim.o
 .debug_info    0x0000a3e9     0x21fb build/stm32g0xx_hal_tim_ex.o
 .debug_info    0x0000c5e4      0xe84 build/stm32g0xx_hal_rcc.o
 .debug_info    0x0000d468      0x9bb build/stm32g0xx_hal_rcc_ex.o
 .debug_info    0x0000de23      0x688 build/stm32g0xx_hal_gpio.o
 .debug_info    0x0000e4ab      0x5b8 build/stm32g0xx_hal_pwr_ex.o
 .debug_info    0x0000ea63      0xb69 build/stm32g0xx_hal_cortex.o
 .debug_info    0x0000f5cc      0xadc build/stm32g0xx_hal.o
 .debug_info    0x000100a8     0x6607 build/stm32g0xx_hal_uart.o
 .debug_info    0x000166af     0x13dc build/stm32g0xx_hal_uart_ex.o
 .debug_info    0x00017a8b      0x3d4 build/system_stm32g0xx.o
 .debug_info    0x00017e5f      0x194 build/sysmem.o
 .debug_info    0x00017ff3       0x30 build/startup_stm32g070xx.o

.debug_abbrev   0x00000000     0x2e57
 .debug_abbrev  0x00000000      0x2e1 build/main.o
 .debug_abbrev  0x000002e1      0x1c0 build/heartbeat.o
 .debug_abbrev  0x000004a1      0x26d build/logging.o
 .debug_abbrev  0x0000070e      0x209 build/tachometer.o
 .debug_abbrev  0x00000917      0x1e9 build/fan_speed_controller.o
 .debug_abbrev  0x00000b00      0x1b9 build/stm32g0xx_it.o
 .debug_abbrev  0x00000cb9      0x28d build/stm32g0xx_hal_msp.o
 .debug_abbrev  0x00000f46      0x2df build/stm32g0xx_hal_tim.o
 .debug_abbrev  0x00001225      0x2d4 build/stm32g0xx_hal_tim_ex.o
 .debug_abbrev  0x000014f9      0x30c build/stm32g0xx_hal_rcc.o
 .debug_abbrev  0x00001805      0x29e build/stm32g0xx_hal_rcc_ex.o
 .debug_abbrev  0x00001aa3      0x237 build/stm32g0xx_hal_gpio.o
 .debug_abbrev  0x00001cda      0x216 build/stm32g0xx_hal_pwr_ex.o
 .debug_abbrev  0x00001ef0      0x32e build/stm32g0xx_hal_cortex.o
 .debug_abbrev  0x0000221e      0x2db build/stm32g0xx_hal.o
 .debug_abbrev  0x000024f9      0x39b build/stm32g0xx_hal_uart.o
 .debug_abbrev  0x00002894      0x376 build/stm32g0xx_hal_uart_ex.o
 .debug_abbrev  0x00002c0a      0x145 build/system_stm32g0xx.o
 .debug_abbrev  0x00002d4f       0xeb build/sysmem.o
 .debug_abbrev  0x00002e3a       0x1d build/startup_stm32g070xx.o

.debug_loc      0x00000000    0x123dc
 .debug_loc     0x00000000       0xf3 build/main.o
 .debug_loc     0x000000f3      0x1d0 build/heartbeat.o
 .debug_loc     0x000002c3      0x13c build/logging.o
 .debug_loc     0x000003ff      0x1ce build/tachometer.o
 .debug_loc     0x000005cd      0x11b build/fan_speed_controller.o
 .debug_loc     0x000006e8       0x40 build/stm32g0xx_it.o
 .debug_loc     0x00000728      0x270 build/stm32g0xx_hal_msp.o
 .debug_loc     0x00000998     0x691d build/stm32g0xx_hal_tim.o
 .debug_loc     0x000072b5     0x308a build/stm32g0xx_hal_tim_ex.o
 .debug_loc     0x0000a33f      0x8c7 build/stm32g0xx_hal_rcc.o
 .debug_loc     0x0000ac06      0x873 build/stm32g0xx_hal_rcc_ex.o
 .debug_loc     0x0000b479      0x49e build/stm32g0xx_hal_gpio.o
 .debug_loc     0x0000b917      0x2e3 build/stm32g0xx_hal_pwr_ex.o
 .debug_loc     0x0000bbfa      0x3ff build/stm32g0xx_hal_cortex.o
 .debug_loc     0x0000bff9      0x282 build/stm32g0xx_hal.o
 .debug_loc     0x0000c27b     0x50a1 build/stm32g0xx_hal_uart.o
 .debug_loc     0x0001131c      0xf38 build/stm32g0xx_hal_uart_ex.o
 .debug_loc     0x00012254       0xc9 build/system_stm32g0xx.o
 .debug_loc     0x0001231d       0xbf build/sysmem.o

.debug_aranges  0x00000000      0xe28
 .debug_aranges
                0x00000000       0x50 build/main.o
 .debug_aranges
                0x00000050       0x40 build/heartbeat.o
 .debug_aranges
                0x00000090       0x40 build/logging.o
 .debug_aranges
                0x000000d0       0x30 build/tachometer.o
 .debug_aranges
                0x00000100       0x28 build/fan_speed_controller.o
 .debug_aranges
                0x00000128       0x48 build/stm32g0xx_it.o
 .debug_aranges
                0x00000170       0x58 build/stm32g0xx_hal_msp.o
 .debug_aranges
                0x000001c8      0x3e0 build/stm32g0xx_hal_tim.o
 .debug_aranges
                0x000005a8      0x198 build/stm32g0xx_hal_tim_ex.o
 .debug_aranges
                0x00000740       0x98 build/stm32g0xx_hal_rcc.o
 .debug_aranges
                0x000007d8       0x40 build/stm32g0xx_hal_rcc_ex.o
 .debug_aranges
                0x00000818       0x60 build/stm32g0xx_hal_gpio.o
 .debug_aranges
                0x00000878       0x98 build/stm32g0xx_hal_pwr_ex.o
 .debug_aranges
                0x00000910       0xc0 build/stm32g0xx_hal_cortex.o
 .debug_aranges
                0x000009d0       0xf8 build/stm32g0xx_hal.o
 .debug_aranges
                0x00000ac8      0x248 build/stm32g0xx_hal_uart.o
 .debug_aranges
                0x00000d10       0xa8 build/stm32g0xx_hal_uart_ex.o
 .debug_aranges
                0x00000db8       0x28 build/system_stm32g0xx.o
 .debug_aranges
                0x00000de0       0x20 build/sysmem.o
 .debug_aranges
                0x00000e00       0x28 build/startup_stm32g070xx.o

.debug_ranges   0x00000000      0xec0
 .debug_ranges  0x00000000       0x40 build/main.o
 .debug_ranges  0x00000040       0x30 build/heartbeat.o
 .debug_ranges  0x00000070       0x30 build/logging.o
 .debug_ranges  0x000000a0       0x20 build/tachometer.o
 .debug_ranges  0x000000c0       0x18 build/fan_speed_controller.o
 .debug_ranges  0x000000d8       0x38 build/stm32g0xx_it.o
 .debug_ranges  0x00000110       0x48 build/stm32g0xx_hal_msp.o
 .debug_ranges  0x00000158      0x3d0 build/stm32g0xx_hal_tim.o
 .debug_ranges  0x00000528      0x188 build/stm32g0xx_hal_tim_ex.o
 .debug_ranges  0x000006b0       0xa8 build/stm32g0xx_hal_rcc.o
 .debug_ranges  0x00000758       0x48 build/stm32g0xx_hal_rcc_ex.o
 .debug_ranges  0x000007a0       0x50 build/stm32g0xx_hal_gpio.o
 .debug_ranges  0x000007f0       0x88 build/stm32g0xx_hal_pwr_ex.o
 .debug_ranges  0x00000878       0xc8 build/stm32g0xx_hal_cortex.o
 .debug_ranges  0x00000940       0xe8 build/stm32g0xx_hal.o
 .debug_ranges  0x00000a28      0x358 build/stm32g0xx_hal_uart.o
 .debug_ranges  0x00000d80       0xf8 build/stm32g0xx_hal_uart_ex.o
 .debug_ranges  0x00000e78       0x18 build/system_stm32g0xx.o
 .debug_ranges  0x00000e90       0x10 build/sysmem.o
 .debug_ranges  0x00000ea0       0x20 build/startup_stm32g070xx.o

.debug_line     0x00000000    0x112a8
 .debug_line    0x00000000      0x75c build/main.o
 .debug_line    0x0000075c      0x274 build/heartbeat.o
 .debug_line    0x000009d0      0x3c4 build/logging.o
 .debug_line    0x00000d94      0x31d build/tachometer.o
 .debug_line    0x000010b1      0x26f build/fan_speed_controller.o
 .debug_line    0x00001320      0x287 build/stm32g0xx_it.o
 .debug_line    0x000015a7      0x4a1 build/stm32g0xx_hal_msp.o
 .debug_line    0x00001a48     0x4c1a build/stm32g0xx_hal_tim.o
 .debug_line    0x00006662     0x1e00 build/stm32g0xx_hal_tim_ex.o
 .debug_line    0x00008462      0xea3 build/stm32g0xx_hal_rcc.o
 .debug_line    0x00009305      0x83d build/stm32g0xx_hal_rcc_ex.o
 .debug_line    0x00009b42      0x723 build/stm32g0xx_hal_gpio.o
 .debug_line    0x0000a265      0x586 build/stm32g0xx_hal_pwr_ex.o
 .debug_line    0x0000a7eb      0x6f5 build/stm32g0xx_hal_cortex.o
 .debug_line    0x0000aee0      0x613 build/stm32g0xx_hal.o
 .debug_line    0x0000b4f3     0x4ce9 build/stm32g0xx_hal_uart.o
 .debug_line    0x000101dc      0xb77 build/stm32g0xx_hal_uart_ex.o
 .debug_line    0x00010d53      0x2b9 build/system_stm32g0xx.o
 .debug_line    0x0001100c      0x228 build/sysmem.o
 .debug_line    0x00011234       0x74 build/startup_stm32g070xx.o

.debug_str      0x00000000     0x4436
 .debug_str     0x00000000     0x4436 build/main.o
                               0x1230 (size before relaxing)
 .debug_str     0x00004436      0x2ca build/heartbeat.o
 .debug_str     0x00004436      0x848 build/logging.o
 .debug_str     0x00004436      0x8eb build/tachometer.o
 .debug_str     0x00004436      0x88a build/fan_speed_controller.o
 .debug_str     0x00004436      0x807 build/stm32g0xx_it.o
 .debug_str     0x00004436      0xf1f build/stm32g0xx_hal_msp.o
 .debug_str     0x00004436     0x17fd build/stm32g0xx_hal_tim.o
 .debug_str     0x00004436     0x1189 build/stm32g0xx_hal_tim_ex.o
 .debug_str     0x00004436      0x770 build/stm32g0xx_hal_rcc.o
 .debug_str     0x00004436      0x5ca build/stm32g0xx_hal_rcc_ex.o
 .debug_str     0x00004436      0x3fd build/stm32g0xx_hal_gpio.o
 .debug_str     0x00004436      0x4e8 build/stm32g0xx_hal_pwr_ex.o
 .debug_str     0x00004436      0x759 build/stm32g0xx_hal_cortex.o
 .debug_str     0x00004436      0x84c build/stm32g0xx_hal.o
 .debug_str     0x00004436     0x114a build/stm32g0xx_hal_uart.o
 .debug_str     0x00004436      0xb4f build/stm32g0xx_hal_uart_ex.o
 .debug_str     0x00004436      0x2e8 build/system_stm32g0xx.o
 .debug_str     0x00004436      0x203 build/sysmem.o
 .debug_str     0x00004436       0x71 build/startup_stm32g070xx.o

.debug_frame    0x00000000     0x29ac
 .debug_frame   0x00000000       0xbc build/main.o
 .debug_frame   0x000000bc       0x84 build/heartbeat.o
 .debug_frame   0x00000140       0x88 build/logging.o
 .debug_frame   0x000001c8       0x5c build/tachometer.o
 .debug_frame   0x00000224       0x40 build/fan_speed_controller.o
 .debug_frame   0x00000264       0x80 build/stm32g0xx_it.o
 .debug_frame   0x000002e4       0xcc build/stm32g0xx_hal_msp.o
 .debug_frame   0x000003b0      0xb18 build/stm32g0xx_hal_tim.o
 .debug_frame   0x00000ec8      0x4c0 build/stm32g0xx_hal_tim_ex.o
 .debug_frame   0x00001388      0x16c build/stm32g0xx_hal_rcc.o
 .debug_frame   0x000014f4       0x90 build/stm32g0xx_hal_rcc_ex.o
 .debug_frame   0x00001584       0xd0 build/stm32g0xx_hal_gpio.o
 .debug_frame   0x00001654      0x120 build/stm32g0xx_hal_pwr_ex.o
 .debug_frame   0x00001774      0x194 build/stm32g0xx_hal_cortex.o
 .debug_frame   0x00001908      0x1fc build/stm32g0xx_hal.o
 .debug_frame   0x00001b04      0x6e0 build/stm32g0xx_hal_uart.o
 .debug_frame   0x000021e4      0x1e8 build/stm32g0xx_hal_uart_ex.o
 .debug_frame   0x000023cc       0x38 build/system_stm32g0xx.o
 .debug_frame   0x00002404       0x28 build/sysmem.o
 .debug_frame   0x0000242c      0x138 /home/achraf/Desktop/Toolchain/arm-gnu-toolchain-14.3.rel1-x86_64-arm-none-eabi/bin/../lib/gcc/arm-none-eabi/14.3.1/../../../../arm-none-eabi/lib/thumb/v6-m/nofp/libc_nano.a(libc_a-findfp.o)
 .debug_frame   0x00002564       0x4c /home/achraf/Desktop/Toolchain/arm-gnu-toolchain-14.3.rel1-x86_64-arm-none-eabi/bin/../lib/gcc/arm-none-eabi/14.3.1/../../../../arm-none-eabi/lib/thumb/v6-m/nofp/libc_nano.a(libc_a-vsnprintf.o)
 .debug_frame   0x000025b0       0x20 /home/achraf/Desktop/Toolchain/arm-gnu-toolchain-14.3.rel1-x86_64-arm-none-eabi/bin/../lib/gcc/arm-none-eabi/14.3.1/../../../../arm-none-eabi/lib/thumb/v6-m/nofp/libc_nano.a(libc_a-memset.o)
 .debug_frame   0x000025d0       0x2c /home/achraf/Desktop/Toolchain/arm-gnu-toolchain-14.3.rel1-x86_64-arm-none-eabi/bin/../lib/gcc/arm-none-eabi/14.3.1/../../../../arm-none-eabi/lib/thumb/v6-m/nofp/libc_nano.a(libc_a-reent.o)
 .debug_frame   0x000025fc       0x20 /home/achraf/Desktop/Toolchain/arm-gnu-toolchain-14.3.rel1-x86_64-arm-none-eabi/bin/../lib/gcc/arm-none-eabi/14.3.1/../../../../arm-none-eabi/lib/thumb/v6-m/nofp/libc_nano.a(libc_a-errno.o)
 .debug_frame   0x0000261c       0x2c /home/achraf/Desktop/Toolchain/arm-gnu-toolchain-14.3.rel1-x86_64-arm-none-eabi/bin/../lib/gcc/arm-none-eabi/14.3.1/../../../../arm-none-eabi/lib/thumb/v6-m/nofp/libc_nano.a(libc_a-init.o)
 .debug_frame   0x00002648       0xb0 /home/achraf/Desktop/Toolchain/arm-gnu-toolchain-14.3.rel1-x86_64-arm-none-eabi/bin/../lib/gcc/arm-none-eabi/14.3.1/../../../../arm-none-eabi/lib/thumb/v6-m/nofp/libc_nano.a(libc_a-lock.o)
 .debug_frame   0x000026f8       0x2c /home/achraf/Desktop/Toolchain/arm-gnu-toolchain-14.3.rel1-x86_64-arm-none-eabi/bin/../lib/gcc/arm-none-eabi/14.3.1/../../../../arm-none-eabi/lib/thumb/v6-m/nofp/libc_nano.a(libc_a-freer.o)
 .debug_frame   0x00002724       0x50 /home/achraf/Desktop/Toolchain/arm-gnu-toolchain-14.3.rel1-x86_64-arm-none-eabi/bin/../lib/gcc/arm-none-eabi/14.3.1/../../../../arm-none-eabi/lib/thumb/v6-m/nofp/libc_nano.a(libc_a-mallocr.o)
 .debug_frame   0x00002774       0x40 /home/achraf/Desktop/Toolchain/arm-gnu-toolchain-14.3.rel1-x86_64-arm-none-eabi/bin/../lib/gcc/arm-none-eabi/14.3.1/../../../../arm-none-eabi/lib/thumb/v6-m/nofp/libc_nano.a(libc_a-mlock.o)
 .debug_frame   0x000027b4       0x74 /home/achraf/Desktop/Toolchain/arm-gnu-toolchain-14.3.rel1-x86_64-arm-none-eabi/bin/../lib/gcc/arm-none-eabi/14.3.1/../../../../arm-none-eabi/lib/thumb/v6-m/nofp/libc_nano.a(libc_a-nano-svfprintf.o)
 .debug_frame   0x00002828       0x54 /home/achraf/Desktop/Toolchain/arm-gnu-toolchain-14.3.rel1-x86_64-arm-none-eabi/bin/../lib/gcc/arm-none-eabi/14.3.1/../../../../arm-none-eabi/lib/thumb/v6-m/nofp/libc_nano.a(libc_a-nano-vfprintf_i.o)
 .debug_frame   0x0000287c       0x28 /home/achraf/Desktop/Toolchain/arm-gnu-toolchain-14.3.rel1-x86_64-arm-none-eabi/bin/../lib/gcc/arm-none-eabi/14.3.1/../../../../arm-none-eabi/lib/thumb/v6-m/nofp/libc_nano.a(libc_a-memmove.o)
 .debug_frame   0x000028a4       0x2c /home/achraf/Desktop/Toolchain/arm-gnu-toolchain-14.3.rel1-x86_64-arm-none-eabi/bin/../lib/gcc/arm-none-eabi/14.3.1/../../../../arm-none-eabi/lib/thumb/v6-m/nofp/libc_nano.a(libc_a-sbrkr.o)
 .debug_frame   0x000028d0       0x20 /home/achraf/Desktop/Toolchain/arm-gnu-toolchain-14.3.rel1-x86_64-arm-none-eabi/bin/../lib/gcc/arm-none-eabi/14.3.1/../../../../arm-none-eabi/lib/thumb/v6-m/nofp/libc_nano.a(libc_a-memchr-stub.o)
 .debug_frame   0x000028f0       0x28 /home/achraf/Desktop/Toolchain/arm-gnu-toolchain-14.3.rel1-x86_64-arm-none-eabi/bin/../lib/gcc/arm-none-eabi/14.3.1/../../../../arm-none-eabi/lib/thumb/v6-m/nofp/libc_nano.a(libc_a-memcpy-stub.o)
 .debug_frame   0x00002918       0x34 /home/achraf/Desktop/Toolchain/arm-gnu-toolchain-14.3.rel1-x86_64-arm-none-eabi/bin/../lib/gcc/arm-none-eabi/14.3.1/../../../../arm-none-eabi/lib/thumb/v6-m/nofp/libc_nano.a(libc_a-reallocr.o)
 .debug_frame   0x0000294c       0x20 /home/achraf/Desktop/Toolchain/arm-gnu-toolchain-14.3.rel1-x86_64-arm-none-eabi/bin/../lib/gcc/arm-none-eabi/14.3.1/../../../../arm-none-eabi/lib/thumb/v6-m/nofp/libc_nano.a(libc_a-msizer.o)
 .debug_frame   0x0000296c       0x20 /home/achraf/Desktop/Toolchain/arm-gnu-toolchain-14.3.rel1-x86_64-arm-none-eabi/bin/../lib/gcc/arm-none-eabi/14.3.1/thumb/v6-m/nofp/libgcc.a(_udivsi3.o)
 .debug_frame   0x0000298c       0x20 /home/achraf/Desktop/Toolchain/arm-gnu-toolchain-14.3.rel1-x86_64-arm-none-eabi/bin/../lib/gcc/arm-none-eabi/14.3.1/thumb/v6-m/nofp/libgcc.a(_divsi3.o)

.debug_line_str
                0x00000000      0x1a2
 .debug_line_str
                0x00000000      0x1a2 /home/achraf/Desktop/Toolchain/arm-gnu-toolchain-14.3.rel1-x86_64-arm-none-eabi/bin/../lib/gcc/arm-none-eabi/14.3.1/../../../../arm-none-eabi/lib/thumb/v6-m/nofp/libc_nano.a(libc_a-strlen.o)
                                 0xe0 (size before relaxing)
 .debug_line_str
                0x000001a2       0xc2 /home/achraf/Desktop/Toolchain/arm-gnu-toolchain-14.3.rel1-x86_64-arm-none-eabi/bin/../lib/gcc/arm-none-eabi/14.3.1/thumb/v6-m/nofp/libgcc.a(_thumb1_case_shi.o)
 .debug_line_str
                0x000001a2       0xc2 /home/achraf/Desktop/Toolchain/arm-gnu-toolchain-14.3.rel1-x86_64-arm-none-eabi/bin/../lib/gcc/arm-none-eabi/14.3.1/thumb/v6-m/nofp/libgcc.a(_udivsi3.o)
 .debug_line_str
                0x000001a2       0xc2 /home/achraf/Desktop/Toolchain/arm-gnu-toolchain-14.3.rel1-x86_64-arm-none-eabi/bin/../lib/gcc/arm-none-eabi/14.3.1/thumb/v6-m/nofp/libgcc.a(_divsi3.o)
 .debug_line_str
                0x000001a2       0xc2 /home/achraf/Desktop/Toolchain/arm-gnu-toolchain-14.3.rel1-x86_64-arm-none-eabi/bin/../lib/gcc/arm-none-eabi/14.3.1/thumb/v6-m/nofp/libgcc.a(_dvmd_tls.o)

Cross Reference Table

Symbol                                            File
ADC1_IRQHandler                                   build/startup_stm32g070xx.o
AHBPrescTable                                     build/system_stm32g0xx.o
                                                  build/stm32g0xx_hal_rcc.o
APBPrescTable                                     build/system_stm32g0xx.o
                                                  build/stm32g0xx_hal_rcc.o
DMA1_Ch4_7_DMAMUX1_OVR_IRQHandler                 build/startup_stm32g070xx.o
DMA1_Channel1_IRQHandler                          build/startup_stm32g070xx.o
DMA1_Channel2_3_IRQHandler                        build/startup_stm32g070xx.o
Default_Handler                                   build/startup_stm32g070xx.o
EXTI0_1_IRQHandler                                build/startup_stm32g070xx.o
EXTI2_3_IRQHandler                                build/startup_stm32g070xx.o
EXTI4_15_IRQHandler                               build/startup_stm32g070xx.o
Error_Handler                                     build/main.o
                                                  build/stm32g0xx_hal_msp.o
FLASH_FlushCaches                                 build/stm32g0xx_hal_flash_ex.o
FLASH_IRQHandler                                  build/startup_stm32g070xx.o
FLASH_PageErase                                   build/stm32g0xx_hal_flash_ex.o
                                                  build/stm32g0xx_hal_flash.o
FLASH_WaitForLastOperation                        build/stm32g0xx_hal_flash.o
                                                  build/stm32g0xx_hal_flash_ex.o
HAL_DBGMCU_DisableDBGStandbyMode                  build/stm32g0xx_hal.o
HAL_DBGMCU_DisableDBGStopMode                     build/stm32g0xx_hal.o
HAL_DBGMCU_EnableDBGStandbyMode                   build/stm32g0xx_hal.o
HAL_DBGMCU_EnableDBGStopMode                      build/stm32g0xx_hal.o
HAL_DMAEx_ConfigMuxRequestGenerator               build/stm32g0xx_hal_dma_ex.o
HAL_DMAEx_ConfigMuxSync                           build/stm32g0xx_hal_dma_ex.o
HAL_DMAEx_DisableMuxRequestGenerator              build/stm32g0xx_hal_dma_ex.o
HAL_DMAEx_EnableMuxRequestGenerator               build/stm32g0xx_hal_dma_ex.o
HAL_DMAEx_MUX_IRQHandler                          build/stm32g0xx_hal_dma_ex.o
HAL_DMA_Abort                                     build/stm32g0xx_hal_dma.o
                                                  build/stm32g0xx_hal_uart.o
HAL_DMA_Abort_IT                                  build/stm32g0xx_hal_dma.o
                                                  build/stm32g0xx_hal_uart.o
                                                  build/stm32g0xx_hal_tim_ex.o
                                                  build/stm32g0xx_hal_tim.o
HAL_DMA_DeInit                                    build/stm32g0xx_hal_dma.o
HAL_DMA_GetError                                  build/stm32g0xx_hal_dma.o
                                                  build/stm32g0xx_hal_uart.o
HAL_DMA_GetState                                  build/stm32g0xx_hal_dma.o
HAL_DMA_IRQHandler                                build/stm32g0xx_hal_dma.o
HAL_DMA_Init                                      build/stm32g0xx_hal_dma.o
HAL_DMA_PollForTransfer                           build/stm32g0xx_hal_dma.o
HAL_DMA_RegisterCallback                          build/stm32g0xx_hal_dma.o
HAL_DMA_Start                                     build/stm32g0xx_hal_dma.o
HAL_DMA_Start_IT                                  build/stm32g0xx_hal_dma.o
                                                  build/stm32g0xx_hal_uart.o
                                                  build/stm32g0xx_hal_tim_ex.o
                                                  build/stm32g0xx_hal_tim.o
HAL_DMA_UnRegisterCallback                        build/stm32g0xx_hal_dma.o
HAL_DeInit                                        build/stm32g0xx_hal.o
HAL_Delay                                         build/stm32g0xx_hal.o
HAL_EXTI_ClearConfigLine                          build/stm32g0xx_hal_exti.o
HAL_EXTI_ClearPending                             build/stm32g0xx_hal_exti.o
HAL_EXTI_GenerateSWI                              build/stm32g0xx_hal_exti.o
HAL_EXTI_GetConfigLine                            build/stm32g0xx_hal_exti.o
HAL_EXTI_GetHandle                                build/stm32g0xx_hal_exti.o
HAL_EXTI_GetPending                               build/stm32g0xx_hal_exti.o
HAL_EXTI_IRQHandler                               build/stm32g0xx_hal_exti.o
HAL_EXTI_RegisterCallback                         build/stm32g0xx_hal_exti.o
HAL_EXTI_SetConfigLine                            build/stm32g0xx_hal_exti.o
HAL_FLASHEx_Erase                                 build/stm32g0xx_hal_flash_ex.o
HAL_FLASHEx_Erase_IT                              build/stm32g0xx_hal_flash_ex.o
HAL_FLASHEx_FlashEmptyCheck                       build/stm32g0xx_hal_flash_ex.o
HAL_FLASHEx_ForceFlashEmpty                       build/stm32g0xx_hal_flash_ex.o
HAL_FLASHEx_OBGetConfig                           build/stm32g0xx_hal_flash_ex.o
HAL_FLASHEx_OBProgram                             build/stm32g0xx_hal_flash_ex.o
HAL_FLASH_EndOfOperationCallback                  build/stm32g0xx_hal_flash.o
HAL_FLASH_GetError                                build/stm32g0xx_hal_flash.o
HAL_FLASH_IRQHandler                              build/stm32g0xx_hal_flash.o
HAL_FLASH_Lock                                    build/stm32g0xx_hal_flash.o
HAL_FLASH_OB_Launch                               build/stm32g0xx_hal_flash.o
HAL_FLASH_OB_Lock                                 build/stm32g0xx_hal_flash.o
HAL_FLASH_OB_Unlock                               build/stm32g0xx_hal_flash.o
HAL_FLASH_OperationErrorCallback                  build/stm32g0xx_hal_flash.o
HAL_FLASH_Program                                 build/stm32g0xx_hal_flash.o
HAL_FLASH_Program_IT                              build/stm32g0xx_hal_flash.o
HAL_FLASH_Unlock                                  build/stm32g0xx_hal_flash.o
HAL_GPIO_DeInit                                   build/stm32g0xx_hal_gpio.o
                                                  build/stm32g0xx_hal_msp.o
HAL_GPIO_EXTI_Falling_Callback                    build/stm32g0xx_hal_gpio.o
HAL_GPIO_EXTI_IRQHandler                          build/stm32g0xx_hal_gpio.o
HAL_GPIO_EXTI_Rising_Callback                     build/stm32g0xx_hal_gpio.o
HAL_GPIO_Init                                     build/stm32g0xx_hal_gpio.o
                                                  build/stm32g0xx_hal_rcc_ex.o
                                                  build/stm32g0xx_hal_rcc.o
                                                  build/stm32g0xx_hal_msp.o
                                                  build/main.o
HAL_GPIO_LockPin                                  build/stm32g0xx_hal_gpio.o
HAL_GPIO_ReadPin                                  build/stm32g0xx_hal_gpio.o
HAL_GPIO_TogglePin                                build/stm32g0xx_hal_gpio.o
                                                  build/heartbeat.o
HAL_GPIO_WritePin                                 build/stm32g0xx_hal_gpio.o
                                                  build/heartbeat.o
                                                  build/main.o
HAL_GetDEVID                                      build/stm32g0xx_hal.o
HAL_GetHalVersion                                 build/stm32g0xx_hal.o
HAL_GetREVID                                      build/stm32g0xx_hal.o
HAL_GetTick                                       build/stm32g0xx_hal.o
                                                  build/stm32g0xx_hal_uart_ex.o
                                                  build/stm32g0xx_hal_uart.o
                                                  build/stm32g0xx_hal_dma.o
                                                  build/stm32g0xx_hal_flash.o
                                                  build/stm32g0xx_hal_rcc_ex.o
                                                  build/stm32g0xx_hal_rcc.o
                                                  build/stm32g0xx_hal_tim_ex.o
                                                  build/main.o
HAL_GetTickFreq                                   build/stm32g0xx_hal.o
HAL_GetTickPrio                                   build/stm32g0xx_hal.o
HAL_GetUIDw0                                      build/stm32g0xx_hal.o
HAL_GetUIDw1                                      build/stm32g0xx_hal.o
HAL_GetUIDw2                                      build/stm32g0xx_hal.o
HAL_HalfDuplex_EnableReceiver                     build/stm32g0xx_hal_uart.o
HAL_HalfDuplex_EnableTransmitter                  build/stm32g0xx_hal_uart.o
HAL_HalfDuplex_Init                               build/stm32g0xx_hal_uart.o
HAL_IncTick                                       build/stm32g0xx_hal.o
                                                  build/stm32g0xx_it.o
HAL_Init                                          build/stm32g0xx_hal.o
                                                  build/main.o
HAL_InitTick                                      build/stm32g0xx_hal.o
                                                  build/stm32g0xx_hal_rcc.o
HAL_LIN_Init                                      build/stm32g0xx_hal_uart.o
HAL_LIN_SendBreak                                 build/stm32g0xx_hal_uart.o
HAL_MPU_ConfigRegion                              build/stm32g0xx_hal_cortex.o
HAL_MPU_Disable                                   build/stm32g0xx_hal_cortex.o
HAL_MPU_DisableRegion                             build/stm32g0xx_hal_cortex.o
HAL_MPU_Enable                                    build/stm32g0xx_hal_cortex.o
HAL_MPU_EnableRegion                              build/stm32g0xx_hal_cortex.o
HAL_MspDeInit                                     build/stm32g0xx_hal.o
HAL_MspInit                                       build/stm32g0xx_hal_msp.o
HAL_MultiProcessorEx_AddressLength_Set            build/stm32g0xx_hal_uart_ex.o
HAL_MultiProcessor_DisableMuteMode                build/stm32g0xx_hal_uart.o
HAL_MultiProcessor_EnableMuteMode                 build/stm32g0xx_hal_uart.o
HAL_MultiProcessor_EnterMuteMode                  build/stm32g0xx_hal_uart.o
HAL_MultiProcessor_Init                           build/stm32g0xx_hal_uart.o
HAL_NVIC_ClearPendingIRQ                          build/stm32g0xx_hal_cortex.o
HAL_NVIC_DisableIRQ                               build/stm32g0xx_hal_cortex.o
                                                  build/stm32g0xx_hal_msp.o
HAL_NVIC_EnableIRQ                                build/stm32g0xx_hal_cortex.o
                                                  build/stm32g0xx_hal_msp.o
HAL_NVIC_GetPendingIRQ                            build/stm32g0xx_hal_cortex.o
HAL_NVIC_GetPriority                              build/stm32g0xx_hal_cortex.o
HAL_NVIC_SetPendingIRQ                            build/stm32g0xx_hal_cortex.o
HAL_NVIC_SetPriority                              build/stm32g0xx_hal_cortex.o
                                                  build/stm32g0xx_hal.o
                                                  build/stm32g0xx_hal_msp.o
HAL_NVIC_SystemReset                              build/stm32g0xx_hal_cortex.o
HAL_PWREx_ControlVoltageScaling                   build/stm32g0xx_hal_pwr_ex.o
                                                  build/main.o
HAL_PWREx_DisableBatteryCharging                  build/stm32g0xx_hal_pwr_ex.o
HAL_PWREx_DisableFlashPowerDown                   build/stm32g0xx_hal_pwr_ex.o
HAL_PWREx_DisableGPIOPullDown                     build/stm32g0xx_hal_pwr_ex.o
HAL_PWREx_DisableGPIOPullUp                       build/stm32g0xx_hal_pwr_ex.o
HAL_PWREx_DisableInternalWakeUpLine               build/stm32g0xx_hal_pwr_ex.o
HAL_PWREx_DisableLowPowerRunMode                  build/stm32g0xx_hal_pwr_ex.o
                                                  build/stm32g0xx_hal_pwr.o
HAL_PWREx_DisablePullUpPullDownConfig             build/stm32g0xx_hal_pwr_ex.o
HAL_PWREx_EnableBatteryCharging                   build/stm32g0xx_hal_pwr_ex.o
HAL_PWREx_EnableFlashPowerDown                    build/stm32g0xx_hal_pwr_ex.o
HAL_PWREx_EnableGPIOPullDown                      build/stm32g0xx_hal_pwr_ex.o
HAL_PWREx_EnableGPIOPullUp                        build/stm32g0xx_hal_pwr_ex.o
HAL_PWREx_EnableInternalWakeUpLine                build/stm32g0xx_hal_pwr_ex.o
HAL_PWREx_EnableLowPowerRunMode                   build/stm32g0xx_hal_pwr_ex.o
                                                  build/stm32g0xx_hal_pwr.o
HAL_PWREx_EnablePullUpPullDownConfig              build/stm32g0xx_hal_pwr_ex.o
HAL_PWREx_GetVoltageRange                         build/stm32g0xx_hal_pwr_ex.o
HAL_PWR_DeInit                                    build/stm32g0xx_hal_pwr.o
HAL_PWR_DisableBkUpAccess                         build/stm32g0xx_hal_pwr.o
                                                  build/stm32g0xx_hal_rcc_ex.o
HAL_PWR_DisableSEVOnPend                          build/stm32g0xx_hal_pwr.o
HAL_PWR_DisableSleepOnExit                        build/stm32g0xx_hal_pwr.o
HAL_PWR_DisableWakeUpPin                          build/stm32g0xx_hal_pwr.o
HAL_PWR_EnableBkUpAccess                          build/stm32g0xx_hal_pwr.o
                                                  build/stm32g0xx_hal_rcc_ex.o
HAL_PWR_EnableSEVOnPend                           build/stm32g0xx_hal_pwr.o
HAL_PWR_EnableSleepOnExit                         build/stm32g0xx_hal_pwr.o
HAL_PWR_EnableWakeUpPin                           build/stm32g0xx_hal_pwr.o
HAL_PWR_EnterSLEEPMode                            build/stm32g0xx_hal_pwr.o
HAL_PWR_EnterSTANDBYMode                          build/stm32g0xx_hal_pwr.o
HAL_PWR_EnterSTOPMode                             build/stm32g0xx_hal_pwr.o
HAL_RCCEx_DisableLSCO                             build/stm32g0xx_hal_rcc_ex.o
HAL_RCCEx_EnableLSCO                              build/stm32g0xx_hal_rcc_ex.o
HAL_RCCEx_GetPeriphCLKConfig                      build/stm32g0xx_hal_rcc_ex.o
HAL_RCCEx_GetPeriphCLKFreq                        build/stm32g0xx_hal_rcc_ex.o
HAL_RCCEx_PeriphCLKConfig                         build/stm32g0xx_hal_rcc_ex.o
                                                  build/stm32g0xx_hal_msp.o
HAL_RCC_CSSCallback                               build/stm32g0xx_hal_rcc.o
HAL_RCC_ClockConfig                               build/stm32g0xx_hal_rcc.o
                                                  build/main.o
HAL_RCC_DeInit                                    build/stm32g0xx_hal_rcc.o
HAL_RCC_DisableLSECSS                             build/stm32g0xx_hal_rcc.o
HAL_RCC_EnableCSS                                 build/stm32g0xx_hal_rcc.o
HAL_RCC_EnableLSECSS                              build/stm32g0xx_hal_rcc.o
HAL_RCC_GetClockConfig                            build/stm32g0xx_hal_rcc.o
HAL_RCC_GetHCLKFreq                               build/stm32g0xx_hal_rcc.o
HAL_RCC_GetOscConfig                              build/stm32g0xx_hal_rcc.o
HAL_RCC_GetPCLK1Freq                              build/stm32g0xx_hal_rcc.o
                                                  build/stm32g0xx_hal_uart.o
                                                  build/stm32g0xx_hal_rcc_ex.o
HAL_RCC_GetResetSource                            build/stm32g0xx_hal_rcc.o
HAL_RCC_GetSysClockFreq                           build/stm32g0xx_hal_rcc.o
                                                  build/stm32g0xx_hal_uart.o
                                                  build/stm32g0xx_hal_rcc_ex.o
HAL_RCC_LSECSSCallback                            build/stm32g0xx_hal_rcc.o
HAL_RCC_MCOConfig                                 build/stm32g0xx_hal_rcc.o
HAL_RCC_NMI_IRQHandler                            build/stm32g0xx_hal_rcc.o
HAL_RCC_OscConfig                                 build/stm32g0xx_hal_rcc.o
                                                  build/main.o
HAL_RS485Ex_Init                                  build/stm32g0xx_hal_uart_ex.o
HAL_ResumeTick                                    build/stm32g0xx_hal.o
HAL_SYSCFG_DisableIOAnalogSwitchBooster           build/stm32g0xx_hal.o
HAL_SYSCFG_DisableRemap                           build/stm32g0xx_hal.o
HAL_SYSCFG_EnableIOAnalogSwitchBooster            build/stm32g0xx_hal.o
HAL_SYSCFG_EnableRemap                            build/stm32g0xx_hal.o
HAL_SYSCFG_StrobeDBattpinsConfig                  build/stm32g0xx_hal.o
HAL_SYSTICK_CLKSourceConfig                       build/stm32g0xx_hal_cortex.o
HAL_SYSTICK_Callback                              build/stm32g0xx_hal_cortex.o
HAL_SYSTICK_Config                                build/stm32g0xx_hal_cortex.o
                                                  build/stm32g0xx_hal.o
HAL_SYSTICK_IRQHandler                            build/stm32g0xx_hal_cortex.o
HAL_SetTickFreq                                   build/stm32g0xx_hal.o
HAL_SuspendTick                                   build/stm32g0xx_hal.o
HAL_TIMEx_Break2Callback                          build/stm32g0xx_hal_tim_ex.o
                                                  build/stm32g0xx_hal_tim.o
HAL_TIMEx_BreakCallback                           build/stm32g0xx_hal_tim_ex.o
                                                  build/stm32g0xx_hal_tim.o
HAL_TIMEx_CommutCallback                          build/stm32g0xx_hal_tim_ex.o
                                                  build/stm32g0xx_hal_tim.o
HAL_TIMEx_CommutHalfCpltCallback                  build/stm32g0xx_hal_tim_ex.o
HAL_TIMEx_ConfigBreakDeadTime                     build/stm32g0xx_hal_tim_ex.o
                                                  build/main.o
HAL_TIMEx_ConfigBreakInput                        build/stm32g0xx_hal_tim_ex.o
HAL_TIMEx_ConfigCommutEvent                       build/stm32g0xx_hal_tim_ex.o
HAL_TIMEx_ConfigCommutEvent_DMA                   build/stm32g0xx_hal_tim_ex.o
HAL_TIMEx_ConfigCommutEvent_IT                    build/stm32g0xx_hal_tim_ex.o
HAL_TIMEx_DisarmBreakInput                        build/stm32g0xx_hal_tim_ex.o
HAL_TIMEx_GetChannelNState                        build/stm32g0xx_hal_tim_ex.o
HAL_TIMEx_GroupChannel5                           build/stm32g0xx_hal_tim_ex.o
HAL_TIMEx_HallSensor_DeInit                       build/stm32g0xx_hal_tim_ex.o
HAL_TIMEx_HallSensor_GetState                     build/stm32g0xx_hal_tim_ex.o
HAL_TIMEx_HallSensor_Init                         build/stm32g0xx_hal_tim_ex.o
HAL_TIMEx_HallSensor_MspDeInit                    build/stm32g0xx_hal_tim_ex.o
HAL_TIMEx_HallSensor_MspInit                      build/stm32g0xx_hal_tim_ex.o
HAL_TIMEx_HallSensor_Start                        build/stm32g0xx_hal_tim_ex.o
HAL_TIMEx_HallSensor_Start_DMA                    build/stm32g0xx_hal_tim_ex.o
HAL_TIMEx_HallSensor_Start_IT                     build/stm32g0xx_hal_tim_ex.o
HAL_TIMEx_HallSensor_Stop                         build/stm32g0xx_hal_tim_ex.o
HAL_TIMEx_HallSensor_Stop_DMA                     build/stm32g0xx_hal_tim_ex.o
HAL_TIMEx_HallSensor_Stop_IT                      build/stm32g0xx_hal_tim_ex.o
HAL_TIMEx_MasterConfigSynchronization             build/stm32g0xx_hal_tim_ex.o
                                                  build/main.o
HAL_TIMEx_OCN_Start                               build/stm32g0xx_hal_tim_ex.o
HAL_TIMEx_OCN_Start_DMA                           build/stm32g0xx_hal_tim_ex.o
HAL_TIMEx_OCN_Start_IT                            build/stm32g0xx_hal_tim_ex.o
HAL_TIMEx_OCN_Stop                                build/stm32g0xx_hal_tim_ex.o
HAL_TIMEx_OCN_Stop_DMA                            build/stm32g0xx_hal_tim_ex.o
HAL_TIMEx_OCN_Stop_IT                             build/stm32g0xx_hal_tim_ex.o
HAL_TIMEx_OnePulseN_Start                         build/stm32g0xx_hal_tim_ex.o
HAL_TIMEx_OnePulseN_Start_IT                      build/stm32g0xx_hal_tim_ex.o
HAL_TIMEx_OnePulseN_Stop                          build/stm32g0xx_hal_tim_ex.o
HAL_TIMEx_OnePulseN_Stop_IT                       build/stm32g0xx_hal_tim_ex.o
HAL_TIMEx_PWMN_Start                              build/stm32g0xx_hal_tim_ex.o
HAL_TIMEx_PWMN_Start_DMA                          build/stm32g0xx_hal_tim_ex.o
HAL_TIMEx_PWMN_Start_IT                           build/stm32g0xx_hal_tim_ex.o
HAL_TIMEx_PWMN_Stop                               build/stm32g0xx_hal_tim_ex.o
HAL_TIMEx_PWMN_Stop_DMA                           build/stm32g0xx_hal_tim_ex.o
HAL_TIMEx_PWMN_Stop_IT                            build/stm32g0xx_hal_tim_ex.o
HAL_TIMEx_ReArmBreakInput                         build/stm32g0xx_hal_tim_ex.o
HAL_TIMEx_RemapConfig                             build/stm32g0xx_hal_tim_ex.o
HAL_TIMEx_TISelection                             build/stm32g0xx_hal_tim_ex.o
HAL_TIM_Base_DeInit                               build/stm32g0xx_hal_tim.o
HAL_TIM_Base_GetState                             build/stm32g0xx_hal_tim.o
HAL_TIM_Base_Init                                 build/stm32g0xx_hal_tim.o
HAL_TIM_Base_MspDeInit                            build/stm32g0xx_hal_tim.o
HAL_TIM_Base_MspInit                              build/stm32g0xx_hal_tim.o
HAL_TIM_Base_Start                                build/stm32g0xx_hal_tim.o
                                                  build/fan_speed_controller.o
HAL_TIM_Base_Start_DMA                            build/stm32g0xx_hal_tim.o
HAL_TIM_Base_Start_IT                             build/stm32g0xx_hal_tim.o
HAL_TIM_Base_Stop                                 build/stm32g0xx_hal_tim.o
HAL_TIM_Base_Stop_DMA                             build/stm32g0xx_hal_tim.o
HAL_TIM_Base_Stop_IT                              build/stm32g0xx_hal_tim.o
HAL_TIM_ConfigClockSource                         build/stm32g0xx_hal_tim.o
HAL_TIM_ConfigOCrefClear                          build/stm32g0xx_hal_tim.o
HAL_TIM_ConfigTI1Input                            build/stm32g0xx_hal_tim.o
HAL_TIM_DMABurstState                             build/stm32g0xx_hal_tim.o
HAL_TIM_DMABurst_MultiReadStart                   build/stm32g0xx_hal_tim.o
HAL_TIM_DMABurst_MultiWriteStart                  build/stm32g0xx_hal_tim.o
HAL_TIM_DMABurst_ReadStart                        build/stm32g0xx_hal_tim.o
HAL_TIM_DMABurst_ReadStop                         build/stm32g0xx_hal_tim.o
HAL_TIM_DMABurst_WriteStart                       build/stm32g0xx_hal_tim.o
HAL_TIM_DMABurst_WriteStop                        build/stm32g0xx_hal_tim.o
HAL_TIM_Encoder_DeInit                            build/stm32g0xx_hal_tim.o
HAL_TIM_Encoder_GetState                          build/stm32g0xx_hal_tim.o
HAL_TIM_Encoder_Init                              build/stm32g0xx_hal_tim.o
HAL_TIM_Encoder_MspDeInit                         build/stm32g0xx_hal_tim.o
HAL_TIM_Encoder_MspInit                           build/stm32g0xx_hal_tim.o
HAL_TIM_Encoder_Start                             build/stm32g0xx_hal_tim.o
HAL_TIM_Encoder_Start_DMA                         build/stm32g0xx_hal_tim.o
HAL_TIM_Encoder_Start_IT                          build/stm32g0xx_hal_tim.o
HAL_TIM_Encoder_Stop                              build/stm32g0xx_hal_tim.o
HAL_TIM_Encoder_Stop_DMA                          build/stm32g0xx_hal_tim.o
HAL_TIM_Encoder_Stop_IT                           build/stm32g0xx_hal_tim.o
HAL_TIM_ErrorCallback                             build/stm32g0xx_hal_tim.o
                                                  build/stm32g0xx_hal_tim_ex.o
HAL_TIM_GenerateEvent                             build/stm32g0xx_hal_tim.o
HAL_TIM_GetActiveChannel                          build/stm32g0xx_hal_tim.o
HAL_TIM_GetChannelState                           build/stm32g0xx_hal_tim.o
HAL_TIM_IC_CaptureCallback                        build/tachometer.o
HAL_TIM_IC_CaptureHalfCpltCallback                build/stm32g0xx_hal_tim.o
HAL_TIM_IC_ConfigChannel                          build/stm32g0xx_hal_tim.o
                                                  build/main.o
HAL_TIM_IC_DeInit                                 build/stm32g0xx_hal_tim.o
HAL_TIM_IC_GetState                               build/stm32g0xx_hal_tim.o
HAL_TIM_IC_Init                                   build/stm32g0xx_hal_tim.o
                                                  build/main.o
HAL_TIM_IC_MspDeInit                              build/stm32g0xx_hal_msp.o
HAL_TIM_IC_MspInit                                build/stm32g0xx_hal_msp.o
HAL_TIM_IC_Start                                  build/stm32g0xx_hal_tim.o
HAL_TIM_IC_Start_DMA                              build/stm32g0xx_hal_tim.o
HAL_TIM_IC_Start_IT                               build/stm32g0xx_hal_tim.o
                                                  build/tachometer.o
HAL_TIM_IC_Stop                                   build/stm32g0xx_hal_tim.o
HAL_TIM_IC_Stop_DMA                               build/stm32g0xx_hal_tim.o
HAL_TIM_IC_Stop_IT                                build/stm32g0xx_hal_tim.o
HAL_TIM_IRQHandler                                build/stm32g0xx_hal_tim.o
                                                  build/stm32g0xx_it.o
HAL_TIM_MspPostInit                               build/stm32g0xx_hal_msp.o
                                                  build/main.o
HAL_TIM_OC_ConfigChannel                          build/stm32g0xx_hal_tim.o
HAL_TIM_OC_DeInit                                 build/stm32g0xx_hal_tim.o
HAL_TIM_OC_DelayElapsedCallback                   build/stm32g0xx_hal_tim.o
HAL_TIM_OC_GetState                               build/stm32g0xx_hal_tim.o
HAL_TIM_OC_Init                                   build/stm32g0xx_hal_tim.o
HAL_TIM_OC_MspDeInit                              build/stm32g0xx_hal_tim.o
HAL_TIM_OC_MspInit                                build/stm32g0xx_hal_tim.o
HAL_TIM_OC_Start                                  build/stm32g0xx_hal_tim.o
HAL_TIM_OC_Start_DMA                              build/stm32g0xx_hal_tim.o
HAL_TIM_OC_Start_IT                               build/stm32g0xx_hal_tim.o
HAL_TIM_OC_Stop                                   build/stm32g0xx_hal_tim.o
HAL_TIM_OC_Stop_DMA                               build/stm32g0xx_hal_tim.o
HAL_TIM_OC_Stop_IT                                build/stm32g0xx_hal_tim.o
HAL_TIM_OnePulse_ConfigChannel                    build/stm32g0xx_hal_tim.o
HAL_TIM_OnePulse_DeInit                           build/stm32g0xx_hal_tim.o
HAL_TIM_OnePulse_GetState                         build/stm32g0xx_hal_tim.o
HAL_TIM_OnePulse_Init                             build/stm32g0xx_hal_tim.o
HAL_TIM_OnePulse_MspDeInit                        build/stm32g0xx_hal_tim.o
HAL_TIM_OnePulse_MspInit                          build/stm32g0xx_hal_tim.o
HAL_TIM_OnePulse_Start                            build/stm32g0xx_hal_tim.o
HAL_TIM_OnePulse_Start_IT                         build/stm32g0xx_hal_tim.o
HAL_TIM_OnePulse_Stop                             build/stm32g0xx_hal_tim.o
HAL_TIM_OnePulse_Stop_IT                          build/stm32g0xx_hal_tim.o
HAL_TIM_PWM_ConfigChannel                         build/stm32g0xx_hal_tim.o
                                                  build/main.o
HAL_TIM_PWM_DeInit                                build/stm32g0xx_hal_tim.o
HAL_TIM_PWM_GetState                              build/stm32g0xx_hal_tim.o
HAL_TIM_PWM_Init                                  build/stm32g0xx_hal_tim.o
                                                  build/main.o
HAL_TIM_PWM_MspDeInit                             build/stm32g0xx_hal_msp.o
HAL_TIM_PWM_MspInit                               build/stm32g0xx_hal_msp.o
HAL_TIM_PWM_PulseFinishedCallback                 build/stm32g0xx_hal_tim.o
                                                  build/stm32g0xx_hal_tim_ex.o
HAL_TIM_PWM_PulseFinishedHalfCpltCallback         build/stm32g0xx_hal_tim.o
HAL_TIM_PWM_Start                                 build/stm32g0xx_hal_tim.o
                                                  build/fan_speed_controller.o
HAL_TIM_PWM_Start_DMA                             build/stm32g0xx_hal_tim.o
HAL_TIM_PWM_Start_IT                              build/stm32g0xx_hal_tim.o
HAL_TIM_PWM_Stop                                  build/stm32g0xx_hal_tim.o
HAL_TIM_PWM_Stop_DMA                              build/stm32g0xx_hal_tim.o
HAL_TIM_PWM_Stop_IT                               build/stm32g0xx_hal_tim.o
HAL_TIM_PeriodElapsedCallback                     build/stm32g0xx_hal_tim.o
HAL_TIM_PeriodElapsedHalfCpltCallback             build/stm32g0xx_hal_tim.o
HAL_TIM_ReadCapturedValue                         build/stm32g0xx_hal_tim.o
                                                  build/tachometer.o